87800000 T __image_copy_start
87800000 T _start
87800020 T _undefined_instruction
87800024 T _software_interrupt
87800028 T _prefetch_abort
8780002c T _data_abort
87800030 T _not_used
87800034 T _irq
87800038 T _fiq
87800040 T IRQ_STACK_START_IN
87800060 t undefined_instruction
878000c0 t software_interrupt
87800120 t prefetch_abort
87800180 t data_abort
878001e0 t not_used
87800240 t irq
878002a0 t fiq
878002e8 T reset
878002ec T save_boot_params_ret
87800328 T c_runtime_cpu_setup
87800338 W save_boot_params
8780033c T cpu_init_cp15
8780039c T cpu_init_crit
878003a8 T __efi_runtime_start
878003a8 W efi_reset_system
878003aa W efi_get_time
878003b4 W efi_set_time
878003bc t efi_unimplemented
878003c4 t efi_set_virtual_address_map_runtime
878003cc t efi_convert_pointer_runtime
878003d4 T efi_update_capsule
878003dc T efi_query_capsule_caps
878003e4 t efi_convert_pointer
87800480 T efi_update_table_header_crc32
87800494 t efi_get_variable_runtime
8780049c t efi_get_next_variable_name_runtime
878004a4 t efi_set_variable_runtime
878004ac T efi_query_variable_info
878004b4 T crc32_no_comp
87800544 T crc32
87800550 T efi_runtime_detach
87800574 T efi_runtime_relocate
878006c0 T efi_events
878006c8 T systab
87800710 t firmware_vendor
87800728 t efi_virtmap
8780072c t efi_descriptor_count
87800730 t efi_descriptor_size
87800738 T efi_runtime_services
87800788 t crc_table
87800b88 T efi_runtime_mmio
87800b90 T __efi_runtime_stop
87800ba0 T __v7_flush_dcache_all
87800bb4 t start_flush_levels
87800bb8 t flush_levels
87800bf4 t loop1
87800bf8 t loop2
87800c1c t skip
87800c28 t finished
87800c3c T v7_flush_dcache_all
87800c4c T __v7_invalidate_dcache_all
87800c64 t inval_levels
87800ca0 t inval_loop1
87800ca4 t inval_loop2
87800cc8 t inval_skip
87800cd4 t inval_finished
87800ce8 T v7_invalidate_dcache_all
87800cf8 T allow_unaligned
87800d08 T invalidate_icache_all
87800d1c W v7_outer_cache_enable
87800d1e W v7_outer_cache_disable
87800d20 W v7_outer_cache_flush_all
87800d22 T flush_dcache_all
87800d30 W v7_outer_cache_inval_all
87800d32 T invalidate_dcache_all
87800d40 T arm_init_before_mmu
87800d62 W v7_outer_cache_flush_range
87800d64 T flush_dcache_range
87800d9c T mmu_page_table_flush
87800dba W v7_outer_cache_inval_range
87800dbc T invalidate_dcache_range
87800dfe W cpu_cache_initialization
87800e00 T cleanup_before_linux_select
87800e3e T cleanup_before_linux
87800e44 W lowlevel_init
87800e80 T _main
87800ecc t here
87800f20 T memset
87800fc0 T memcpy
878012a4 T setjmp
878012b4 T longjmp
878012d0 W relocate_vectors
878012dc T relocate_code
878012ec t copy_loop
87801304 t fixloop
87801324 t fixnext
8780132c t relocate_done
87801340 T arch_fixup_fdt
87801364 t setup_initrd_tag.isra.0
87801390 T arch_lmb_reserve
878013c4 W board_quiesce_devices
878013c8 t boot_jump_linux
87801458 W setup_board_tags
8780145a W board_prep_linux
8780145c t boot_prep_linux
878015b4 T do_bootm_linux
878015f8 T boot_prep_vxworks
87801628 T boot_jump_vxworks
87801630 T bootz_setup
878016c0 T arch_reserve_stacks
878016d8 T interrupt_init
878016ec T enable_interrupts
878016ee T disable_interrupts
878016f4 T bad_mode
87801700 T show_regs
87801884 T do_undefined_instruction
878018ac T do_software_interrupt
878018d4 T do_prefetch_abort
878018fc T do_data_abort
87801924 T do_not_used
8780194c T do_fiq
87801974 T do_irq
8780199c T do_reset
878019c4 W flush_cache
878019cc T check_cache_range
878019ec t cache_disable
87801a28 W arm_init_domains
87801a2a T set_section_dcache
87801a3c T mmu_set_region_dcache_behaviour
87801a7c W dram_bank_mmu_setup
87801aa4 T icache_enable
87801ab6 T icache_disable
87801abe T icache_status
87801ac8 T dcache_enable
87801b36 T dcache_disable
87801b3c T dcache_status
87801b48 T imx_iomux_v3_setup_pad
87801c20 T imx_iomux_v3_setup_multiple_pads
87801c3c T get_imx_reset_cause
87801c5c t get_reset_cause
87801cfc T get_reboot_reason
87801d24 T get_imx_type
87801f8c T print_cpuinfo
87802084 T get_ahb_clk
878020a0 T arch_preboot_os
878020a2 T get_clocks
878020b4 T imx_ddr_size
87802108 T mxs_wait_mask_set
87802130 T mxs_wait_mask_clr
87802158 T mxs_reset_block
878021c4 T board_lmb_reserve
878021f0 T configure_tzc380
87802214 T enable_caches
87802264 T init_aips
87802338 T imx_wdog_disable_powerdown
878023d0 T init_src
878023e8 T boot_mode_apply
87802410 T imx_get_mac_from_fuse
878024f4 T timer_init
87802530 T get_ticks
87802542 T get_timer
87802588 T __udelay
87802614 T get_tbclk
8780261c t create_usage
8780267c t do_boot_mode
87802704 T add_board_boot_modes
87802740 T get_cpu_rev
878027dc T get_cpu_speed_grade_hz
878028d0 T get_cpu_temp_grade
87802918 W get_board_rev
87802940 T set_ldo_voltage
878029e4 T is_usb_boot
878029ec t mmc_get_boot_dev
87802a14 T arch_cpu_init
87802d88 W board_mmc_get_env_dev
87802d8c T mmc_get_env_dev
87802db0 W board_mmc_get_env_part
87802db4 T mmc_get_env_part
87802dca T board_postclk_init
87802de8 T get_board_serial
87802dfc T get_boot_device
87802e48 T set_wdog_reset
87802e62 T reset_misc
87802e64 T s_init
87802f28 t get_ipg_clk
87802f44 t enable_pll_video.constprop.0
87803008 t get_uart_clk
878030b0 t mxc_get_pll_pfd
87803138 t get_usdhc_clk
878031d0 T enable_ocotp_clk
878031ec T enable_usboh3_clk
8780320c T enable_enet_clk
87803260 T enable_i2c_clk
878032f4 T get_periph_clk
8780337c t get_axi_clk
878033b0 T enable_lcdif_clock
878035cc T mxs_set_lcdclk
8780387c T enable_qspi_clk
878038f4 T enable_fec_anatop_clock
878039ac T imx_get_uartclk
878039b0 T enable_thermal_clk
878039f4 T mxc_get_clock
87803d60 T imx_get_fecclk
87803d68 T do_mx6_showclocks
87803f28 T check_module_fused
87803f6c T ft_system_setup
87804020 T mx6_esdhc_fused
8780405c T mx6_usb_fused
8780406c T mx6_qspi_fused
87804070 T mx6_i2c_fused
878040ac T mx6_enet_fused
878040cc W mmc_map_to_kernel_blk
878040d0 T board_late_mmc_env_init
8780413c T dram_init
8780414a T board_phy_config
87804178 T board_early_init_f
8780418c T board_init
878041f0 T board_late_init
87804304 T checkboard
87804328 W do_go_exec
87804330 t do_go
8780437c T do_bootm
8780441c T do_bootd
87804434 t image_info
878044d8 t do_iminfo
87804514 T bootm_maybe_autostart
87804560 t do_help
8780458c t do_version
878045bc T blk_common_cmd
878047bc T image_source_script
8780484c t do_source
87804880 t print_num
87804890 t do_bdinfo
87804964 t do_blkcache
878049a0 t blkc_configure
878049e0 t blkc_show
87804a08 t do_bmp
87804a40 t do_bmp_info
87804aec T bmp_display
87804b44 t do_bmp_display
87804bdc t efi_reserve_memory
87804c34 t do_bootefi_exec
87804d70 T efi_install_fdt
87804fa8 T efi_run_image
87805040 t do_bootefi
878050f0 T efi_set_bootdev
87805158 T do_bootz
878051f4 t parse_argv
87805230 t do_icache
8780528c t do_dcache
878052e8 t do_coninfo
8780537c t do_dm_dump_devres
87805380 t do_dm
878053c4 t do_dm_dump_drivers
878053ce t do_dm_dump_uclass
878053d8 t do_dm_dump_all
878053e4 t do_echo
87805464 t load_elf_image_phdr
87805530 T valid_elf_image
87805560 T do_bootelf
87805714 T do_bootvx
87805944 t do_exit
87805964 T do_ext4_size
87805972 T do_ext4_load
87805980 T do_ext4_ls
8780598e T do_ext4_write
8780599c T do_ext2load
878059aa t do_ext2ls
878059b8 T do_fat_size
878059c6 T do_fat_fsload
878059d4 t do_fat_ls
878059e4 t do_fat_fsinfo
87805a38 t do_fat_fswrite
87805b0c t do_fat_rm
87805b1a t do_fat_mkdir
87805b28 t fdt_valid
87805b9c t is_printable_string
87805be8 t print_data
87805cec T set_working_fdt_addr
87805d00 t do_fdt
87806758 t do_flinfo
8780675c t do_protect
87806768 t do_flerase
8780676c t do_size_wrapper
8780677a t do_load_wrapper
87806788 t do_save_wrapper
87806796 t do_ls_wrapper
878067a4 t do_ln_wrapper
878067b2 t do_fstype_wrapper
878067b6 t strtou32
878067e4 t do_fuse
87806a1c t gpio_get_description
87806aa0 t do_gpio
87806ce4 t do_i2c
87806d20 t i2c_get_cur_bus
87806d44 t do_i2c_bus_speed
87806da8 t do_i2c_reset
87806dcc t i2c_get_cur_bus_chip
87806dec t do_i2c_probe
87806e60 t do_i2c_bus_num
87806ed0 t show_bus
87806f34 t do_i2c_olen
87806fa8 t do_i2c_flags
87807020 t do_i2c_show_bus
8780708c t get_alen.constprop.0
878070ac t do_i2c_crc
8780718c t mod_i2c_mem.isra.0.part.0
878072e4 t do_i2c_nm
878072f8 t do_i2c_md
87807464 t do_i2c_read
878074f4 t do_i2c_mw
878075b0 t do_i2c_write
878076b4 t do_i2c_loop
87807774 t do_i2c_mm
87807786 t evalexp
878077d2 t evalstr
87807810 t binary_test
87807904 t do_itest
87807950 t bin_data_init
8780796c t k_data_save
878079a0 t k_data_restore
878079d4 t getcxmodem
878079ec t load_serial_ymodem
87807a7c t bin_data_char
87807a98 t chk1.constprop.0
87807ab8 t s1_sendpacket.constprop.0
87807aec t load_serial
87807c10 t do_load_serial
87807c9c t do_load_serial_bin
878081c4 t do_mem_md
87808264 t do_mem_base
8780828c t do_mem_crc
878082b8 t do_mem_mtest
87808418 t do_mem_mw
87808490 t do_mem_loop
87808514 t do_mem_cmp
878085fc t mod_mem.isra.0.part.0
878086e8 t do_mem_mm
878086fc t do_mem_cp
8780876c t do_random
8780880c t do_mem_nm
87808820 t do_sleep
878088a4 t do_mmcops
87808928 t init_mmc_device
87808970 t do_mmc_rst_func
878089cc t do_mmc_rescan
878089e4 t do_mmc_partconf
87808a88 t do_mmc_bootbus
87808af8 t do_mmc_hwpartition
87808e98 t do_mmc_list
87808ea4 t do_mmc_dev
87808f68 t do_mmcinfo
87809224 t do_mmc_setdsr
87809294 t do_mmc_boot_resize
87809314 t do_mmc_part
8780934c t do_mmc_erase
878093e8 t do_mmc_write
87809498 t do_mmc_read
87809534 T mtd_arg_off
87809584 T mtd_arg_off_size
87809648 t netboot_common
87809818 t do_bootp
87809820 t do_dhcp
87809828 t do_nfs
87809830 T do_tftpb
87809858 t do_ping
878098a0 t do_pinmux
878098e0 t do_list
87809948 t show_pinmux
878099d8 t do_status
87809a70 t do_dev
87809ac4 T do_raw_read
87809b98 t bytes_per_second
87809bcc t do_spi_flash
8780a168 t substitute
8780a200 t get_arg
8780a234 t regex_sub.part.0
8780a42c t do_setexpr
8780a51c t do_false
8780a520 t do_true
8780a524 t do_test
8780a724 t usb_get_class_desc
8780a798 t usb_display_class_sub
8780a890 t usb_display_desc
8780a988 t usb_show_tree_graph
8780ab00 t usb_show_subtree
8780ab1c t usb_for_each_root_dev
8780ab58 t usb_display_string
8780ab84 t usb_display_config
8780ad30 t usb_show_info
8780ad7a t usb_find_device
8780ade0 t do_usbboot
8780adec t do_usb_start
8780ae0c T usb_show_tree
8780ae18 t do_usb
8780b0ac T common_diskboot
8780b220 t do_fastboot
8780b368 t ums_fini
8780b39c t ums_write_sector
8780b3aa t ums_read_sector
8780b3b8 t do_usb_mass_storage
8780b5f0 t do_imgextract
8780b7a4 t del_gpt_info
8780b7cc t extract_val
8780b824 t calc_parts_list_len
8780b878 t extract_env
8780b918 t get_gpt_info
8780b9dc t create_gpt_partitions_list.isra.0
8780baac t set_gpt_info.isra.0
8780bdb8 t print_gpt_info
8780be6c t do_gpt
8780c2f0 t do_env_delete
8780c35c t do_env_save
8780c36c t do_env
8780c3a8 t env_print
8780c420 t do_env_print
8780c498 t do_env_import
8780c638 t do_env_default
8780c694 t do_env_exists
8780c6d4 t _do_env_set.isra.0
8780c7f4 t do_env_set
8780c808 T env_get_id
8780c814 T env_set
8780c850 T env_set_ulong
8780c868 T env_set_hex
8780c888 t do_env_export
8780c9e0 T env_match
8780ca28 T env_get_f
8780caac T env_get
8780cafc T env_get_hex
8780cb1c T eth_env_get_enetaddr
8780cb50 T eth_env_set_enetaddr
8780cb80 T env_get_ulong
8780cb9c t do_env_edit.part.0
8780cc0c t do_env_edit
8780cc28 T board_init_f_alloc_reserve
8780cc34 T board_init_f_init_reserve
8780cc48 W show_boot_progress
8780cc4c T main_loop
8780cc80 t mdelay
8780cc8a t dummy
8780cc8c T get_version
8780cc90 T jumptable_init
8780cdf0 T hash_command
8780ce64 t b_reset
8780ce72 t static_get
8780ce84 t static_peek
8780ce8c t mapset
8780cea0 t syntax_err
8780ceac t free_pipe_list
8780cf3c t xmalloc
8780cf54 t new_pipe
8780cf6c t xrealloc
8780cf84 t done_command
8780cfc6 t done_pipe
8780cff4 t done_word
8780d1b4 t is_assignment
8780d1e4 t file_get
8780d31c t do_showvar
8780d3bc t b_addchr
8780d400 t b_addqchr
8780d430 t file_peek
8780d438 T get_local_var
8780d490 T set_local_var
8780d598 t insert_var_value_sub
8780d754 T parse_string_outer
8780d7e4 t run_list_real
8780dcc4 t parse_stream_outer
8780e0e8 T parse_file_outer
8780e114 T u_boot_hush_start
8780e144 T bootdelay_process
8780e250 T autoboot_command
8780e2f4 t log_init
8780e2f8 t log_init
8780e2fc t display_text_info
8780e300 t setup_mon_len
8780e318 t reserve_round_4k
8780e32c W reserve_mmu
8780e35a t reserve_uboot
8780e38a t reserve_malloc
8780e39e t reserve_global_data
8780e3b4 t reserve_fdt
8780e3ee W dram_init_banksize
8780e408 t setup_reloc
8780e42e t reloc_fdt
8780e45a t reserve_board
8780e482 t reserve_video
8780e4a0 t announce_dram_init
8780e4b0 t init_baud_rate
8780e4cc t initf_dm
8780e4d2 t initf_bootstage
8780e4de W clear_bss
8780e4e2 t setup_spl_handoff
8780e4e6 W mach_cpu_init
8780e4ea t reserve_trace
8780e4ee t setup_machine
8780e4f2 t reserve_bootstage
8780e4f6 t reserve_bloblist
8780e4fa t display_new_sp
8780e4fe t reloc_bootstage
8780e502 t reloc_bloblist
8780e506 t initf_console_record
8780e50a W reserve_arch
8780e50e W arch_cpu_init_dm
8780e512 W checkcpu
8780e516 W coloured_LED_init
8780e518 W red_led_on
8780e51a W board_add_ram_info
8780e51c t show_dram_config
8780e544 W board_get_usable_ram_top
8780e554 t setup_dest_addr
8780e584 t reserve_stacks
8780e5a0 T board_init_f
8780e5e8 t initr_trace
8780e5ec t initr_reloc
8780e600 t run_main_loop
8780e608 t initr_check_fastboot
8780e614 t initr_net
8780e628 t initr_fastboot_setup
8780e634 t initr_ethaddr
8780e64c t initr_enable_interrupts
8780e656 t initr_jumptable
8780e660 t initr_env
8780e6a8 t initr_mmc
8780e6c0 t initr_serial
8780e6ca t initr_dm
8780e6dc t initr_bootstage
8780e6e8 t initr_malloc
8780e704 t initr_reloc_global_data
8780e73c t initr_caches
8780e746 t initr_binman
8780e74a t initr_barrier
8780e74e t initr_console_record
8780e752 t initr_dm_devices
8780e756 W power_init_board
8780e75a t initr_announce
8780e75e W cpu_secondary_init_r
8780e760 t initr_secondary_cpu
8780e76c T board_init_r
8780e7b4 W show_board_info
8780e7e0 T bootm_find_images
8780e84c T bootm_disable_interrupts
8780e85c T do_bootm_states
8780edd8 W switch_to_non_secure_mode
8780eddc T do_bootm_vxworks
8780ef28 t copy_args
8780ef5c t do_bootm_rtems
8780ef88 t do_bootm_plan9
8780eff0 t do_bootm_standalone
8780f02c t do_bootm_qnxelf
8780f078 t do_bootm_netbsd
8780f120 W board_preboot_os
8780f122 T boot_selected_os
8780f160 T bootm_os_get_boot_func
8780f16c t of_bus_default_map
8780f1e6 t fdt_pack_reg
8780f278 t of_bus_default_translate
8780f2e0 T fdt_support_default_count_cells
8780f314 t __of_translate_address
8780f48c T fdt_find_and_setprop
8780f4d4 T fdt_find_or_add_subnode
8780f514 T fdt_root
8780f574 T fdt_initrd
8780f688 T fdt_chosen
8780f6f4 T do_fixup_by_path
8780f728 T fdt_fixup_memory_banks
8780f810 T fdt_fixup_memory
8780f828 T fdt_fixup_ethernet
8780f930 T fdt_shrink_to_minimum
8780f9be T fdt_increase_size
8780f9d0 T fdt_translate_address
8780f9dc T miiphy_get_dev_by_name
8780fa10 T miiphy_init
8780fa28 T mdio_alloc
8780fa44 T mdio_free
8780fa48 T mdio_register
8780fa94 T mdio_unregister
8780fab8 t usb_set_maxpacket_ep
8780fb0e T usb_int_msg
8780fb1c T usb_control_msg
8780fb88 t usb_get_descriptor
8780fbc0 t get_descriptor_len
8780fc20 t usb_setup_descriptor
8780fca4 t usb_get_string
8780fcf4 t usb_string_sub
8780fd84 T usb_bulk_msg
8780fdce T usb_maxpacket
8780fde2 T usb_clear_halt
8780fe44 T usb_get_configuration_len
8780fe94 T usb_get_configuration_no
8780feb0 T usb_set_interface
8780ff24 T usb_string
8780ffc0 T usb_select_config
878102d8 T usb_setup_device
8781037c W board_usb_init
87810380 W board_usb_cleanup
87810384 T usb_device_has_child_on_port
87810388 T usb_find_usb2_hub_address_port
878103d4 t usb_set_port_feature
87810402 t usb_clear_port_feature
87810430 t usb_get_hub_descriptor
87810472 W usb_hub_reset_devices
87810474 T usb_hub_is_root_hub
87810484 T usb_get_port_status
878104f4 T usb_hub_port_connect_change
878105ec t usb_hub_configure
878109d8 T usb_hub_scan
878109e6 t usb_hub_post_probe
878109ea t usb_stor_irq
878109fc t usb_stor_BBB_reset
87810a90 t usb_stor_CB_reset
87810b18 t usb_stor_BBB_clear_endpt_stall.isra.0
87810b44 t usb_stor_BBB_transport
87810cf4 t usb_stor_CB_comdat
87810e4c t usb_stor_CBI_get_status.isra.0
87810ed0 t usb_stor_CB_transport
8781102c t usb_request_sense.constprop.0
87811078 t usb_stor_read
87811174 t usb_stor_write
87811270 T usb_stor_info
878112b8 T usb_stor_reset
878112c4 T usb_stor_scan
878112f4 T usb_storage_probe
8781146c T usb_stor_get_info
87811690 t usb_mass_storage_probe
87811790 T iomux_doenv
878118b8 W splash_screen_prepare
878118f8 T splash_get_pos
8781194c T splash_display_banner
87811988 T splash_display
878119dc t delete_char.part.0
87811a60 t cread_add_char
87811ae0 T cli_readline_into_buffer
87812138 T cli_readline
87812148 t console_tstc
878121a8 t console_putc
878121e0 t console_puts
87812218 t on_console
87812288 T serial_printf
878122ba T puts
878122dc T putc
87812300 t console_getc.isra.0
87812318 T tstc
87812334 T getc
87812368 T fputs
87812374 T ctrlc
878123a8 T confirm_yesno
8781242c T disable_ctrlc
8781243c T had_ctrlc
87812448 T clear_ctrlc
87812454 T search_device
8781246c T console_assign
878124f0 T console_init_f
878124fc T stdio_print_current_devices
87812574 T console_init_r
87812680 T sbrk
878126c0 T mem_malloc_init
878126e8 t malloc_trim
8781276c t free
878128d4 t malloc
87812cfc t calloc
87812d98 t realloc
87813068 t memalign
8781317e T initf_malloc
87813192 t alloc_simple
878131cc T malloc_simple
878131d2 T memalign_simple
878131dc t on_loadaddr
878131f8 T image_check_hcrc
87813222 T image_check_dcrc
87813244 T image_multi_count
87813256 T image_multi_getimg
878132a0 T env_get_bootm_low
878132c0 T env_get_bootm_size
87813304 T env_get_bootm_mapsize
87813324 T memmove_wd
87813330 T genimg_print_size
87813354 T get_table_entry
87813366 T get_table_entry_name
87813378 T genimg_get_os_name
8781338c T genimg_get_arch_name
878133a0 T genimg_get_type_name
878133b4 T image_decomp
87813450 T genimg_get_comp_name
87813464 T image_print_contents
87813578 T genimg_get_kernel_addr_fit
8781358c T genimg_get_format
878135bc T genimg_has_config
878135c0 T boot_get_ramdisk
878137a8 T boot_ramdisk_high
87813864 T boot_get_setup
8781386a T image_setup_linux
878138a0 t append_kernel_cmdline
87813b04 T android_image_get_kernel
87813cdc T android_image_check_header
87813cec T android_image_get_end
87813dd4 T android_image_get_kload
87813e14 T android_image_get_kcomp
87813e54 T android_image_get_ramdisk
87813f18 T android_image_get_second
87814000 T android_print_contents
87814310 t fdt_error
87814334 T boot_fdt_add_mem_rsv_regions
87814430 T boot_relocate_fdt
8781453c T boot_get_fdt
87814740 W ft_verify_fdt
87814744 T image_setup_libfdt
87814814 W get_effective_memsize
8781481a t nulldev_putc
8781481c t nulldev_puts
8781481e t nulldev_input
87814822 t stdio_serial_tstc
87814826 t stdio_serial_getc
8781482a t stdio_serial_puts
87814830 t stdio_serial_putc
87814838 T stdio_get_list
87814840 T stdio_get_by_name
878148e4 T stdio_clone
87814908 T stdio_register_dev
8781493c T stdio_register
87814944 T stdio_deregister_dev
878149ec T stdio_deregister
87814a08 T stdio_init_tables
87814a1c T stdio_add_devices
87814aac T run_command
87814aba T run_command_list
87814b00 T do_run
87814b4c T cli_process_fdt
87814b7c T cli_secure_boot_cmd
87814bc8 T cli_loop
87814bd6 T cli_init
87814bda T find_cmd_tbl
87814c40 T find_cmd
87814c5c T cmd_usage
87814c98 T _do_help
87814da0 T var_complete
87814df0 T complete_subcmdv
87814efc T cmd_auto_complete
8781517c T cmd_get_data_size
878151b0 T cmd_always_repeatable
878151c0 T cmd_never_repeatable
878151d0 T cmd_process
878152a8 T cmd_process_error
878152c4 t hex1_bin
878152f0 t hex2_bin
87815314 T srec_decode
878154a4 t CYGACC_COMM_IF_GETC_TIMEOUT.isra.0
878154d2 t xyzModem_flush
878154e8 t xyzModem_get_hdr
87815650 T xyzModem_stream_open
878157bc T xyzModem_stream_read
87815964 T xyzModem_stream_close
878159a4 T xyzModem_stream_terminate
87815a0c T xyzModem_error
87815a24 t part_driver_lookup_type
87815a68 T blk_get_dev
87815a80 T dev_print
87815c04 T part_init
87815c3c T part_print
87815cf4 T part_get_info
87815d2c T part_get_info_whole_disk
87815d64 T blk_get_device_by_str
87815e20 T blk_get_device_part_str
8781605c T part_set_generic_name
87816094 t test_block_type
8781610c t print_partition_extended
878162b0 T part_print_dos
878162d0 t part_test_dos
87816328 t part_get_info_extended
87816500 T part_get_info_dos
8781651c t print_efiname
87816558 t part_test_efi
878165d0 t validate_gpt_header
87816770 t is_gpt_valid
878169e0 t is_pte_valid
87816a18 t find_valid_gpt
87816a60 T part_print_efi
87816c10 T part_get_info_efi
87816d44 T get_disk_guid
87816da8 T write_gpt_table
8781711c T gpt_fill_pte
87817378 T gpt_fill_header
87817520 T gpt_restore
878175e8 T gpt_verify_headers
87817640 T gpt_verify_partitions
878177b8 T is_valid_gpt_buf
8781785c T write_backup_gpt_partitions
87817aa4 t device_bind_common.isra.0
87817cb0 t alloc_priv
87817ce8 T device_bind_with_driver_data
87817cfe T device_bind
87817d1a T device_bind_by_name
87817d5e T device_ofdata_to_platdata
87817e00 T device_probe
87817ef8 T dev_get_platdata
87817f18 T dev_get_parent_platdata
87817f38 T dev_get_uclass_platdata
87817f58 T dev_get_priv
87817f78 T dev_get_uclass_priv
87817f98 T dev_get_parent_priv
87817fb8 T device_find_first_child
87817fca T device_find_next_child
87817fe0 T dev_get_parent
87817fe4 T dev_get_driver_data
87817fe8 T dev_get_driver_ops
87817ff0 T device_get_uclass_id
87817ff8 T dev_get_uclass_name
87818002 T device_has_active_children
87818026 T device_is_last_sibling
87818038 T device_set_name_alloced
87818044 T devfdt_get_addr_index
878180b8 T devfdt_get_addr_size_index
878180e4 T devfdt_get_addr
878180ec T lists_driver_lookup_name
87818118 T lists_uclass_lookup
87818138 T lists_bind_drivers
87818198 T device_bind_driver_to_node
878181c4 T device_bind_driver
878181d8 T lists_bind_fdt
878182d4 t dm_scan_fdt_node
87818370 t dm_scan_fdt_ofnode_path
87818394 T dm_root
878183b0 T dm_init
878183fc T dm_remove_devices_flags
87818410 T dm_scan_platdata
87818430 T dm_scan_fdt_dev
8781844c T dm_scan_fdt
87818460 T dm_extended_scan_fdt
8781848c W dm_scan_other
87818490 T dm_init_and_scan
878184bc T uclass_find
878184ea T uclass_get
87818594 T dev_get_uclass_index
878185ca T uclass_find_device
8781860c T uclass_find_first_device
8781862e T uclass_find_next_device
87818646 T uclass_find_device_by_name
8781868c T uclass_find_device_by_seq
878186d8 T uclass_find_device_by_ofnode
8781871a T uclass_find_device_by_phandle
8781877a T uclass_get_device_tail
87818790 T uclass_get_device
878187ac T uclass_get_device_by_name
878187c8 T uclass_get_device_by_seq
878187fc T uclass_get_device_by_ofnode
87818818 T uclass_get_device_by_phandle_id
87818864 T uclass_get_device_by_phandle
87818880 T uclass_first_device
8781889e T uclass_first_device_err
878188b4 T uclass_next_device
878188d6 T uclass_next_device_err
878188ec T uclass_first_device_check
8781890a T uclass_next_device_check
87818924 T uclass_bind_device
8781895e T uclass_unbind_device
87818984 T uclass_resolve_seq
878189ec T uclass_pre_probe_device
87818a1a T uclass_post_probe_device
87818a48 T uclass_pre_remove_device
87818a56 T dm_warn
87818a70 T dm_ofnode_pre_reloc
87818ab0 t devm_kmalloc_release
87818ab2 t devm_kmalloc_match
87818aba t release_nodes
87818b06 T _devres_alloc
87818b20 T devres_free
87818b54 T devres_add
87818ba8 T devres_find
87818be4 T devres_remove
87818c06 T devres_destroy
87818c1c T devres_release_probe
87818c26 T devres_release_all
87818c30 T devm_kmalloc
87818c50 T devm_kfree
87818c88 T device_unbind
87818d24 T device_chld_unbind
87818d60 T device_free
87818db4 T device_remove
87818e90 T device_chld_remove
87818ecc t simple_bus_post_bind
87818f00 t show_devices
87818fb8 T dm_dump_all
87818fe8 T dm_dump_uclass
87819088 T dm_dump_drivers
87819110 T ofnode_read_u32
8781913e T ofnode_read_u32_default
87819150 T ofnode_read_prop
8781917a T ofnode_read_string
8781919a T ofnode_read_size
878191b2 T ofnode_find_subnode
878191c8 T ofnode_read_u32_array
878191e0 t decode_timing_property
8781921e T ofnode_first_subnode
87819230 T ofnode_next_subnode
87819242 T ofnode_get_parent
87819250 T ofnode_get_name
87819264 T ofnode_get_by_phandle
87819272 T ofnode_stringlist_search
87819298 T ofnode_parse_phandle_with_args
878192da T ofnode_path
878192ec T ofnode_get_property
87819300 T ofnode_read_bool
87819310 T ofnode_decode_display_timing
878194e0 T ofnode_is_available
878194f4 T ofnode_read_u8_array_ptr
87819508 T ofnode_pre_reloc
87819548 t spi_flash_post_bind
8781954c T spi_flash_read_dm
8781955a T spi_flash_write_dm
87819568 T spi_flash_erase_dm
87819570 T spi_flash_probe_bus_cs
878195c0 t spi_flash_std_remove
878195c4 t spi_flash_std_write
878195e6 t spi_flash_std_read
87819608 T spi_flash_std_probe
87819654 t spi_flash_std_get_sw_write_prot
87819664 t spi_flash_std_erase
878196b8 t read_sr
878196d4 t write_enable
878196e6 t write_disable
878196f8 t clean_bar
8781972c t write_bar
87819768 t stm_get_locked_range
878197d4 t spi_nor_read
87819846 t spi_nor_write_data
878198ca t spi_nor_read_data
87819954 t spi_nor_wait_till_ready_with_timeout.constprop.0
87819a1c t spi_nor_read_reg
87819a52 t spi_nor_write_reg
87819a8a t stm_is_locked
87819aec t spi_nor_write
87819bee t spi_nor_erase
87819cc0 t write_sr_and_check.constprop.0
87819d0e t stm_is_locked_sr
87819d68 t stm_lock
87819f4a t stm_is_unlocked_sr
87819fa0 t stm_unlock
8781a150 T spi_nor_scan
8781a704 T spi_flash_cmd_get_sw_write_prot
8781a714 t pinconfig_post_bind
8781a7ac t pinctrl_post_bind
8781a7c4 T pinctrl_select_state
8781a89c T pinctrl_get_pins_count
8781a8ac T pinctrl_get_pin_name
8781a8d0 T pinctrl_get_pin_muxing
8781a8e8 t imx_pinctrl_set_state
8781ab10 T imx_pinctrl_probe
8781abcc T imx_pinctrl_remove
8781abd6 t imx6_pinctrl_probe
8781abea t get_desc
8781ac54 t blk_post_probe
8781ac64 T blk_get_if_type_name
8781ac70 T blk_get_devnum_by_typename
8781acf4 T blk_list_part
8781ad32 T blk_print_part_devnum
8781ad58 T blk_list_devices
8781ad94 T blk_print_device_num
8781adbc T blk_show_device
8781ae10 T blk_select_hwpart
8781ae26 T blk_dselect_hwpart
8781ae2c T blk_first_device
8781ae62 T blk_next_device
8781ae90 T blk_find_device
8781aee0 T blk_get_device
8781aef6 T blk_get_devnum_by_type
8781af10 T blk_select_hwpart_devnum
8781af28 T blk_dread
8781af92 T blk_read_devnum
8781afb0 T blk_dwrite
8781afec T blk_write_devnum
8781b00a T blk_derase
8781b03a T blk_get_from_parent
8781b06c T blk_find_max_devnum
8781b0b2 T blk_next_free_devnum
8781b0ca T blk_create_device
8781b1b0 T blk_create_devicef
8781b21c T blkcache_read
8781b2b0 T blkcache_fill
8781b370 T blkcache_invalidate
8781b3d0 T blkcache_configure
8781b42c T blkcache_stats
8781b444 T fastboot_response
8781b484 T fastboot_fail
8781b498 T fastboot_okay
8781b4b4 T fastboot_boot
8781b514 T fastboot_init
8781b550 t mmc_sparse_reserve
8781b554 t mmc_sparse_write
8781b5dc t get_fastboot_target_dev
8781b694 T write_backup_gpt
8781b6f8 t process_flash_blkdev
8781b9a0 T fastboot_process_erase
8781bb00 T fastboot_process_flash
8781bb34 t okay
8781bb3c t upload
8781bbac t download
8781bc1c t getvar
8781bc20 t run_acmd
8781bc78 t flash
8781bcb0 t reboot_bootloader
8781bcb8 t erase
8781bcdc t run_ucmd
8781bd1c T fastboot_run_bootmode
8781bd28 T fastboot_data_remaining
8781bd44 T fastboot_data_download
8781bdb4 T fastboot_data_complete
8781bdf4 T fastboot_acmd_complete
8781be00 T fastboot_handle_command
8781be74 t fastboot_puts
8781bed0 t fastboot_putc
8781bef8 T get_block_size
8781bf48 T fastboot_none_resp
8781bf50 T board_fastboot_setup
8781c290 T fastboot_setup
8781c33c t strcmp_l1
8781c35c T get_serial
8781c38c t get_single_var
8781c6f4 T fastboot_getvar
8781c9f4 t bootloader_mmc_offset
8781cb84 T bootloader_gpt_overlay
8781cbac T fastboot_flash_add_ptn
8781cbd4 t _fastboot_parts_load_from_ptable
8781cdf4 T fastboot_load_partitions
8781ce04 T fastboot_flash_dump_ptn
8781ce40 T fastboot_flash_find_ptn
8781ce94 T fastboot_parts_is_raw
8781cee8 T fastboot_parts_get_name
8781cf94 T fastboot_parts_is_slot
8781cfe8 t finish_access
8781d010 t wait_busy
8781d02c t prepare_access
8781d0a8 t setup_direct_access
8781d188 T fuse_bank_physical
8781d21c T fuse_word_physical
8781d254 T fuse_read
8781d2ac T fuse_sense
8781d344 T fuse_prog
8781d390 T fuse_override
8781d3e4 t mmc_send_ext_csd
8781d414 t mmc_send_op_cond_iter
8781d458 t mmc_go_idle
8781d48a t mmc_set_capacity
8781d4f8 t mmc_read_and_compare_ext_csd
8781d570 t mmc_power_on.isra.0
8781d590 T mmc_mode_name
8781d5a8 T mmc_send_status
8781d5e4 t __mmc_switch.constprop.0
8781d69c t mmc_set_card_speed.constprop.0
8781d704 T mmc_poll_for_busy
8781d77c T mmc_set_blocklen
8781d7c0 T mmc_bread
8781d8a8 T mmc_switch
8781d8ac t mmc_startup_v4
8781db54 T mmc_switch_part
8781dbac T mmc_hwpart_config
8781de98 T mmc_set_clock
8781deb8 t mmc_startup
8781e764 T mmc_dump_capabilities
8781e768 T mmc_get_op_cond
8781e948 T mmc_start_init
8781e98c T mmc_init
8781ea32 T mmc_set_dsr
8781ea38 T mmc_initialize
8781eab4 t mmc_blk_probe
8781eac8 T dm_mmc_set_ios
8781ead8 T mmc_set_ios
8781eae0 T dm_mmc_wait_dat0
8781eaf0 T mmc_wait_dat0
8781eaf8 T dm_mmc_get_wp
8781eb08 T mmc_getwp
8781eb10 T dm_mmc_get_cd
8781eb20 T mmc_getcd
8781eb28 T dm_mmc_host_power_cycle
8781eb36 T mmc_host_power_cycle
8781eb3e T dm_mmc_deferred_probe
8781eb4c T mmc_deferred_probe
8781eb54 T mmc_of_parse
8781ed50 T mmc_get_mmc_dev
8781ed66 T dm_mmc_send_cmd
8781ed8c T mmc_send_cmd
8781ed94 t mmc_select_hwpart
8781eddc T find_mmc_device
8781ee0c T get_mmc_num
8781ee1c T mmc_get_blk_desc
8781ee36 T mmc_do_preinit
8781ee70 T print_mmc_devices
8781ef08 T mmc_bind
8781ef88 T mmc_berase
8781f0a4 T mmc_bwrite
8781f1b0 T mmc_boot_partition_size_change
8781f22c T mmc_set_boot_bus_width
8781f23e T mmc_set_part_conf
8781f25e T mmc_set_rst_n_function
8781f268 t fsl_esdhc_get_cd
8781f2ae t fsl_esdhc_bind
8781f2c6 t fsl_esdhc_set_ios
8781f3e0 t check_and_invalidate_dcache_range.isra.0
8781f404 t fsl_esdhc_send_cmd
8781f748 W init_clk_usdhc
8781f74c t fsl_esdhc_probe
8781fad8 t console_normal_set_row
8781fb34 t console_normal_putc_xy
8781fc04 t console_normal_probe
8781fc2c t console_normal_move_rows
8781fc5a T backlight_enable
8781fc6a T backlight_set_brightness
8781fc7a T panel_enable_backlight
8781fc8a T panel_get_display_timing
8781fc9a t simple_panel_set_backlight
8781fcb8 t simple_panel_enable_backlight
8781fcd4 t simple_panel_ofdata_to_platdata
8781fd28 t simple_panel_probe
8781fd3e t alloc_fb
8781fd68 t video_pre_remove
8781fd78 t video_pre_probe
8781fd98 t video_post_bind
8781fddc T video_set_flush_dcache
8781fdea T video_reserve
8781fe18 T video_clear
8781fe5c T video_set_default_colors
8781fe8c t video_post_probe
8781ff20 T video_sync
8781ff44 T video_sync_all
8781ff6c T video_get_xsize
8781ff76 T video_get_ysize
8781ff80 t set_cursor_position
8781ffa8 t vidconsole_pre_probe
8781ffc2 t parsenum
8781ffd8 t vidconsole_post_probe
8782002c T vidconsole_putc_xy
87820044 T vidconsole_move_rows
8782005c T vidconsole_set_row
8782006c t vidconsole_newline
878200c4 T vid_console_color
87820114 T vidconsole_put_char
8782048c t vidconsole_putc
878204a2 t do_video_puts
878204de T vidconsole_put_string
878204fa t vidconsole_puts
87820510 T vidconsole_position_cursor
87820552 t do_video_setcursor
87820596 W fb_put_byte
878205a8 W fb_put_word
878205cc T video_bmp_display
87820a80 T ofnode_get_child_by_name
87820ab8 T ofnode_graph_get_next_endpoint
87820b2c T ofnode_graph_get_remote_endpoint
87820b60 T ofnode_graph_get_port_parent
87820b9c T ofnode_graph_get_remote_port_parent
87820baa T find_device_by_ofnode
87820bfc t video_link_add_node
87820cc4 T video_link_get_next_device
87820d3c T video_link_get_video_device
87820d90 t list_videolink
87820e40 t do_videolink
87820e60 T video_link_get_display_timings
87820f40 T video_link_init
87820fd8 T video_link_shut_down
87820fec t mxs_video_bind
87821000 t mxs_video_remove
87821068 W mxsfb_system_setup
8782106c t mxs_video_probe
87821318 W reset_cpu
87821334 T thermal_get_temp
87821348 t read_cpu_temperature
8782145c T imx_thermal_get_temp
878214b0 t imx_thermal_probe
8782152c t gen_74x164_direction_input
87821532 t gen_74x164_get_function
87821536 t gen_74x164_xlate
87821548 t gen_74x164_get_value
87821568 t gen_74x164_write_conf
8782159c t gen_74x164_set_value
878215d4 t gen_74x164_direction_output
878215d8 t gen_74x164_probe
87821688 t gpio_post_bind
8782168c t get_function
878216ea t gpio_to_device
87821734 t check_reserved
87821780 t gpio_renumber
878217c6 t gpio_pre_remove
878217f6 t gpio_post_probe
8782181c T dm_gpio_lookup_name
878218bc T gpio_lookup_name
878218f8 T gpio_xlate_offs_flags
8782191e T dm_gpio_request
87821980 t dm_gpio_requestf
878219aa T gpio_request
878219c2 T _dm_gpio_free
87821a04 T gpio_free
87821a1c T gpio_direction_input
87821a48 T gpio_direction_output
87821a74 T dm_gpio_get_value
87821aa0 T dm_gpio_set_value
87821ad4 T dm_gpio_set_dir_flags
87821b2c t gpio_request_tail
87821bbc t _gpio_request_by_name_nodev
87821c0c T gpio_get_value
87821c22 T gpio_get_bank_info
87821c32 T gpio_get_function
87821c3a T gpio_get_raw_function
87821c44 T gpio_get_status
87821d00 T gpio_request_by_name_nodev
87821d18 T gpio_request_by_name
87821d6c T dm_gpio_free
87821d76 T gpio_free_list
87821d9e T gpio_free_list_nodev
87821da8 T gpio_request_list_by_name_nodev
87821df8 T gpio_request_list_by_name
87821dfe t mxc_gpio_bind
87821e02 t mxc_gpio_get_function
87821e22 t mxc_gpio_get_value
87821e3a t mxc_gpio_direction_input
87821e5e t mxc_gpio_ofdata_to_platdata
87821e84 t mxc_gpio_probe
87821ed0 t mxc_gpio_direction_output
87821f0c t mxc_gpio_set_value
87821f38 t i2c_setup_offset
87821f7a t i2c_probe_chip
87821fc0 T i2c_uclass_init
87821fe0 t i2c_pre_probe
87822028 t i2c_post_bind
87822046 T dm_i2c_read
87822128 T dm_i2c_write
87822260 T i2c_get_chip
87822300 T dm_i2c_probe
87822324 T dm_i2c_set_bus_speed
8782234c t i2c_post_probe
87822378 T dm_i2c_get_bus_speed
87822394 T i2c_set_chip_flags
878223bc T i2c_get_chip_flags
878223cc T i2c_set_chip_offset_len
878223e2 T i2c_get_chip_offset_len
878223ec T i2c_deblock
878224e8 T i2c_chip_ofdata_to_platdata
87822520 t i2c_child_post_bind
87822540 t wait_for_sr_state
87822604 t tx_byte
87822644 t i2c_imx_stop
87822688 t mxc_i2c_set_bus_speed
87822708 T __i2c_force_reset_slave
87822708 W i2c_force_reset_slave
8782270c T i2c_idle_bus
87822800 t i2c_init_transfer.constprop.0
87822964 t mxc_i2c_xfer
87822b42 t mxc_i2c_probe_chip
87822b64 t mxc_i2c_probe
87822c34 T eth_phy_binds_nodes
87822c84 T eth_phy_set_mdio_bus
87822cb0 T eth_phy_get_mdio_bus
87822cfc t fec_reg_setup
87822d48 t fecmxc_free_pkt
87822d56 t fec_free_descs
87822d80 t fec_phy_write
87822de0 t fec_phy_read
87822e4c t fecmxc_set_hwaddr
87822ec2 t fecmxc_read_rom_hwaddr
87822f06 t fecmxc_halt
87822f60 t fecmxc_ofdata_to_platdata
87823024 t fecmxc_remove
87823054 t fecmxc_send
87823140 t fec_mii_setspeed.isra.0
87823194 t fecmxc_init
878233fc t fecmxc_recv
87823598 T fec_get_miibus
87823608 t fecmxc_probe
87823844 T genphy_shutdown
87823848 T genphy_restart_aneg
87823892 T genphy_config_aneg
87823a34 T genphy_config
87823ad8 T genphy_update_link
87823bd0 T genphy_parse_link
87823d1a T genphy_startup
87823d30 T phy_register
87823d48 T genphy_init
87823d54 T phy_init
87823d62 W get_phy_id
87823da0 t get_phy_device_by_mask
87823f98 T phy_reset
87824028 T phy_find_by_mask
8782404c T phy_connect_dev
8782407c T phy_connect
878240b8 T phy_startup
878240c4 T phy_config
878240c8 T phy_get_interface_by_name
878240f0 t ksz8895_startup
878240f4 T ksz886x_config
87824102 t ksz8081_config
87824158 t ksz8051_config
8782419c t ksz_genconfig_bcastoff
878241f0 T ksz8895_config
87824210 t ksz886x_startup
87824214 T phy_micrel_ksz8xxx_init
87824260 t regulator_post_bind
878242d4 T regulator_get_value
878242f0 T regulator_get_enable
8782430c T regulator_set_enable
87824384 t regulator_pre_probe
878244b0 T device_get_supply_regulator
878244bc T regulator_common_ofdata_to_platdata
87824524 T regulator_common_get_enable
87824534 T regulator_common_set_enable
8782457c t fixed_regulator_set_enable
87824594 t fixed_regulator_get_enable
878245a8 t fixed_regulator_get_current
878245c6 t fixed_regulator_get_value
878245e4 t fixed_regulator_ofdata_to_platdata
87824614 t gpio_regulator_set_enable
8782462c t gpio_regulator_get_enable
87824640 t gpio_regulator_set_value
87824690 t gpio_regulator_get_value
878246cc t gpio_regulator_ofdata_to_platdata
8782474c t serial_stub_start
87824752 t serial_stub_stop
87824758 t serial_stub_putc
87824760 t serial_stub_puts
87824768 t serial_stub_getc
8782476e t serial_stub_tstc
87824774 t get_current
8782479c W atmel_serial_initialize
8782479c W mcf_serial_initialize
8782479c W mpc85xx_serial_initialize
8782479c W mtk_serial_initialize
8782479c W ns16550_serial_initialize
8782479c W pl01x_serial_initialize
8782479c W pxa_serial_initialize
8782479c W sh_serial_initialize
8782479c W xen_debug_serial_initialize
8782479c W xen_serial_initialize
8782479c t serial_null
878247a0 T serial_register
878247b0 T serial_stdio_init
87824814 T serial_assign
87824840 T serial_initialize
8782487a T serial_init
87824894 T serial_setbrg
878248a4 t on_baudrate
87824940 T serial_getc
8782494e T serial_tstc
8782495c T serial_putc
8782496e T serial_puts
87824980 T default_serial_puts
8782499c t mxc_serial_getc
878249bc t mxc_serial_putc
878249e8 t mxc_serial_tstc
87824a38 t mxc_serial_setbrg
87824a94 t mxc_serial_init
87824b00 T mxc_serial_initialize
87824b0c W default_serial_console
87824b14 t spi_child_pre_probe
87824b38 t spi_post_probe
87824b58 T dm_spi_claim_bus
87824c04 T dm_spi_release_bus
87824c12 T dm_spi_xfer
87824c3c T spi_claim_bus
87824c42 T spi_release_bus
87824c48 T spi_xfer
87824c50 T spi_find_chip_select
87824ca8 T spi_find_bus_and_cs
87824cd8 T spi_get_bus_and_cs
87824dcc T spi_slave_ofdata_to_platdata
87824ed8 t spi_child_post_bind
87824ef6 t soft_spi_release_bus
87824efa t soft_spi_set_speed
87824efe t soft_spi_set_mode
87824f0c t soft_spi_scl
87824f24 t soft_spi_claim_bus
87824f2a t soft_spi_xfer
8782505c t soft_spi_ofdata_to_platdata
8782507c t soft_spi_probe
87825130 t spi_check_buswidth_req.isra.0
87825180 T spi_mem_default_supports_op
878251d6 T spi_mem_supports_op
878251fc T spi_mem_exec_op
8782532c T spi_mem_adjust_op_size
87825388 t fsl_qspi_set_speed
8782538c t fsl_qspi_child_pre_probe
878253ac t fsl_qspi_ofdata_to_platdata
87825488 t qspi_read32
87825494 t qspi_write32
8782549e t fsl_qspi_set_mode
878254a4 T qspi_xfer
87825aa0 t fsl_qspi_xfer
87825ac2 T qspi_module_disable
87825ae8 t fsl_qspi_release_bus
87825afa t fsl_qspi_claim_bus
87825b64 T qspi_cfg_smpr
87825b8c t fsl_qspi_probe
878260f0 T usb_get_dr_mode
87826138 T usb_ether_register
878261f6 T usb_ether_deregister
878261fc T usb_ether_receive
8782626c T usb_ether_advance_rxbuf
87826282 T usb_ether_get_rx_bytes
87826298 T asix_eth_stop
8782629c t asix_send_common
87826300 T asix_eth_send
87826318 T asix_eth_recv
87826396 t asix_free_pkt
878263b0 t asix_write_cmd.isra.0
878263e6 t asix_write_hwaddr_common
87826412 T asix_write_hwaddr
8782643a t asix_mdio_write
8782648c t asix_sw_reset
878264b4 t asix_read_cmd.isra.0
878264ee t asix_mdio_read
87826540 t asix_read_rx_ctl
8782656a t asix_eth_probe
87826778 t asix_eth_start
8782680c T usb_ep_autoconfig
87826950 T usb_ep_autoconfig_reset
87826978 T usb_descriptor_fillbuf
878269b0 T usb_gadget_get_string
87826a94 t ci_ep_disable
87826a9e t ci_ep_dequeue
87826ae8 t ci_udc_gadget_start
87826b08 t ci_ep_free_request
87826b38 t ci_udc_gadget_stop
87826b60 t ci_ep_alloc_request
87826ba0 t ci_udc_otg_ofdata_to_platdata
87826be4 t ci_udc_otg_remove
87826c08 t ci_flush_qh
87826c1c t stop_activity
87826c98 t ci_flush_qtd
87826cac t ci_udc_probe
87826e88 t ci_udc_otg_probe
87827054 t ep_enable
87827098 t ci_ep_enable
878270d8 t ci_ep_submit_next_request
87827218 t ci_ep_queue
878272c8 W ci_init_after_reset
878272cc T udc_irq
87827640 T ci_udc_handle_interrupts
8782765c t ci_udc_gadget_handle_interrupts
87827660 T udc_disconnect
87827694 t ci_pullup
878276ec t count_configs
87827744 t collect_langs
87827776 t composite_setup_complete
87827778 t count_ext_prop
878277aa t len_ext_prop
878277e4 t composite_suspend
87827828 t composite_resume
8782786c t g_dnl_unbind
8782787e t lookup_string
878278a8 t composite_unbind
87827958 t composite_bind
87827aa0 t g_dnl_do_config
87827ac8 t reset_config.isra.0
87827af8 t composite_disconnect
87827b20 t count_ext_compat
87827b8c t composite_setup
87828628 T usb_add_function
878286b0 T usb_interface_id
878286ce T usb_add_config
87828778 T usb_string_id
87828790 T usb_composite_register
878287cc T usb_composite_unregister
878287ec T g_dnl_set_serialnumber
87828810 t on_serialno
8782881c W g_dnl_bind_fixup
87828820 W g_dnl_get_board_bcd_device_number
87828824 t g_dnl_bind
87828914 W g_dnl_board_usb_cable_connected
8782891c T g_dnl_detach
87828928 T g_dnl_trigger_detach
87828934 T g_dnl_clear_detach
87828940 T g_dnl_register
8782896c T g_dnl_unregister
87828978 W board_usb_gadget_port_auto
8782897e t raise_exception
87828998 t ep0_queue
878289ae t bulk_in_complete
878289d0 t bulk_out_complete
878289f2 t fsg_set_alt
87828a04 t fsg_disable
87828a14 t fsg_setup
87828ab0 t fsg_unbind
87828ae0 t store_cdrom_address
87828b30 t fsg_set_halt.isra.0
87828b38 t start_transfer.isra.0
87828b58 t halt_bulk_in_endpoint.isra.0
87828b78 t sleep_thread.isra.0
87828c14 t do_read
87828d9c t send_status
87828e50 t do_write
8782909c t check_command.isra.0
878291a4 t do_mode_sense.isra.0
8782928c T fsg_add
878294a8 t do_set_interface
87829630 T fsg_main_thread
8782a3e0 T usb_copy_descriptors
8782a42c t fsg_bind
8782a4c0 T fsg_init
8782a4dc t fastboot_start_ep
8782a518 t fastboot_add
8782a58c t fastboot_disable
8782a5d4 t fastboot_complete
8782a5ec t do_acmd_complete
8782a5f6 t compl_do_reset
8782a602 t do_exit_on_complete
8782a606 t do_bootm_on_complete
8782a614 t fastboot_unbind
8782a64c t fastboot_bind
8782a78c t fastboot_fifo_complete
8782a7c4 t rx_bytes_expected.isra.0
8782a7fc t fastboot_set_alt
8782a8dc T fastboot_tx_write_more
8782a980 T fastboot_tx_write
8782a9c8 t fastboot_tx_write_str
8782a9dc t rx_handler_command
8782aad0 t rx_handler_dl_image
8782ab50 t usb_gadget_remove_driver
8782ab7e t usb_udc_release
8782ab84 T usb_add_gadget_udc_release
8782abc8 T usb_add_gadget_udc
8782abd0 T usb_del_gadget_udc
8782ac1c T usb_gadget_probe_driver
8782acc8 T usb_gadget_register_driver
8782accc T usb_gadget_unregister_driver
8782ad10 T usb_gadget_initialize
8782ad6c T usb_gadget_release
8782ad94 T usb_gadget_handle_interrupts
8782adc0 t usb_match_device
8782ae3c t usb_child_post_bind
8782ae8c t usb_match_one_id_intf.isra.0
8782aedc t remove_inactive_children.isra.0
8782af22 T usb_lock_async
8782af38 T usb_disable_asynch
8782af4c T submit_int_msg
8782af7a T submit_control_msg
8782afc8 T submit_bulk_msg
8782afec T usb_alloc_device
8782b000 T usb_reset_root_port
8782b016 T usb_update_hub_device
8782b02c T usb_get_max_xfer_size
8782b040 T usb_stop
8782b0a4 T usb_get_bus
8782b0bc T usb_scan_device
8782b284 t usb_scan_bus.isra.0
8782b2d0 T usb_init
8782b3dc T usb_child_pre_probe
8782b422 t ehci_get_port_speed
8782b428 t ehci_set_usbmode
8782b440 t ehci_get_portsc_register
8782b45c t ehci_get_max_xfer_size
8782b466 t ehci_powerup_fixup
8782b46e t handshake
8782b4a0 t ehci_td_buffer
8782b4f8 t ehci_shutdown
8782b598 t _ehci_poll_int_queue
8782b61c t ehci_poll_int_queue
8782b624 t ehci_disable_async.part.0
8782b668 t disable_periodic.isra.0
8782b6a4 t enable_periodic.isra.0
8782b6e8 t ehci_get_ctrl.isra.0
8782b6f8 t _ehci_destroy_int_queue
8782b79c t ehci_destroy_int_queue
8782b7a4 t ehci_update_endpt2_dev_n_port.isra.0
8782b7e8 t ehci_submit_async
8782bc08 t ehci_submit_bulk_msg
8782bc2c t _ehci_create_int_queue.isra.0
8782bebc t ehci_create_int_queue
8782bed0 t ehci_submit_int_msg
8782bf50 t ehci_submit_control_msg
8782c330 t ehci_lock_async
8782c354 T ehci_register
8782c5d8 T ehci_deregister
8782c5ec T ehci_usb_remove
8782c618 t mx6_init_after_reset
8782c71c t ehci_mx6_powerup_fixup
8782c74c t ehci_usb_probe
8782ca84 t ehci_usb_bind
8782caa4 W board_ehci_usb_phy_mode
8782caa8 t ehci_usb_ofdata_to_platdata
8782cb14 W board_ehci_hcd_init
8782cb18 T ehci_mx6_common_init
8782cc78 T env_get_yesno
8782cca2 T env_get_default
8782cccc T env_set_default
8782cd38 T env_set_default_vars
8782cd64 T env_import
8782cdf0 T env_export
8782ce44 T env_relocate
8782ce6c T env_complete
8782cf7c W env_get_location
8782cf8c t env_driver_lookup
8782cfbc W env_get_char_spec
8782cfc4 T env_get_char
8782cfd8 T env_load
8782d044 T env_save
8782d09c T env_init
8782d0f4 W env_get_offset
8782d0f8 t regex_callback
8782d1d0 T env_attr_walk
8782d284 T env_attr_lookup
8782d2d0 t skip_num
8782d30c t clear_flags
8782d314 t on_flags
8782d34c T env_flags_parse_vartype
8782d37c T env_flags_parse_varaccess
8782d3ac t set_flags
8782d414 T eth_validate_ethaddr_str
8782d468 T env_flags_init
8782d4f8 T env_flags_validate
8782d680 t clear_callback
8782d688 t find_env_callback
8782d6c0 t on_callbacks
8782d6f8 t set_callback
8782d74c T env_callback_init
8782d7c4 W mmc_get_env_addr
8782d860 t fini_mmc_for_env.isra.0
8782d87c t init_mmc_for_env
8782d8dc t env_mmc_save
8782d998 t env_mmc_load
8782da48 t fs_probe_unsupported
8782da5c t fs_ls_unsupported
8782da62 t fs_exists_unsupported
8782da66 t fs_size_unsupported
8782da6c t fs_read_unsupported
8782da72 t fs_close_unsupported
8782da74 t fs_opendir_unsupported
8782da7c t fs_get_info
8782daa0 t fs_write_unsupported
8782daa6 t fs_mkdir_unsupported
8782daac t fs_ln_unsupported
8782dab2 t fs_uuid_unsupported
8782dab8 t fs_unlink_unsupported
8782dac0 T fs_get_type
8782dacc T fs_set_blk_dev
8782db3c T fs_set_blk_dev_with_part
8782dba4 T fs_close
8782dbbc T fs_ls
8782dbdc T fs_exists
8782dbfc T fs_size
8782dc20 T fs_read
8782dc60 T fs_write
8782dcc0 T fs_opendir
8782dd10 T fs_readdir
8782dd4c T fs_closedir
8782dd78 t fs_ls_generic
8782ddf0 T fs_unlink
8782de10 T fs_mkdir
8782de30 T fs_ln
8782de68 T do_size
8782dea8 T do_load
8782e0d4 T do_ls
8782e114 T file_exists
8782e130 T do_save
8782e22c T do_fs_type
8782e27c T do_rm
8782e2a8 T do_mkdir
8782e2dc T do_ln
8782e30c T get_fs
8782e314 T ext4fs_free_node
8782e330 T ext4fs_ls
8782e38c T ext4fs_exists
8782e3a0 T ext4fs_size
8782e3a4 T ext4fs_probe
8782e3c4 T ext4fs_uuid
8782e3e4 T ext_cache_init
8782e3ec T ext_cache_fini
8782e400 T ext4fs_read_file
8782e66c T ext4fs_read
8782e6a4 T ext4_read_file
8782e6f4 T ext_cache_read
8782e744 T ext4fs_get_group_descriptor
8782e74e T ext4fs_sb_get_free_blocks
8782e75e T ext4fs_sb_set_free_blocks
8782e768 T ext4fs_bg_get_free_blocks
8782e77a T ext4fs_bg_get_block_id
8782e796 T ext4fs_bg_get_inode_id
8782e7b2 T ext4fs_bg_get_inode_table_id
8782e7ce T ext4fs_div_roundup
8782e7e4 T put_ext4
8782e900 T ext4fs_set_block_bmap
8782e96c T ext4fs_reset_block_bmap
8782e9d4 T ext4fs_set_inode_bmap
8782ea24 T ext4fs_reset_inode_bmap
8782ea70 T ext4fs_checksum_update
8782eacc T ext4fs_get_new_blk_no
8782ed98 T ext4fs_get_new_inode_no
8782f048 T ext4fs_allocate_blocks
8782f45c T ext4fs_read_inode
8782f590 T ext4fs_iget
8782f5ac T read_allocated_block
8782fbdc T ext4fs_update_parent_dentry
8782fe30 t search_dir
8782ff00 T ext4fs_get_parent_inode_num
878301c0 T ext4fs_filename_unlink
878302e0 T ext4fs_reinit_global
87830358 T ext4fs_close
87830390 T ext4fs_iterate_dir
87830584 t ext4fs_find_file1
87830750 T ext4fs_find_file
87830794 T ext4fs_open
878307f8 T ext4fs_mount
87830888 T ext4fs_set_blk_dev
878308dc T ext4fs_devread
87830904 T ext4_read_superblock
8783092c t ext4fs_update
878309e8 T ext4fs_get_bgdtable
87830a60 T ext4fs_deinit
87830b5c T ext4fs_init
87830d34 T ext4fs_write
87831970 T ext4_write_file
878319b8 T ext4fs_create_link
878319d4 T ext4fs_dump_metadata
87831a10 T ext4fs_free_journal
87831a90 T ext4fs_log_gdt
87831b18 T ext4fs_log_journal
87831bb0 T ext4fs_put_metadata
87831c3c T ext4fs_push_revoke_blk
87831ccc T ext4fs_free_revoke_blks
87831d08 T check_blknr_for_revoke
87831d44 T recover_transaction
87831e34 T print_jrnl_status
87831e48 T ext4fs_check_journal_state
87832044 T ext4fs_init_journal
878321dc T ext4fs_update_journal
87832410 T ext2fs_crc16
87832434 t downcase
8783245c t mkcksum
87832492 t fat_itr_child
878324d0 t disk_read
87832500 t get_cluster
878325e8 t read_bootsectandvi
878326a8 t fat_itr_root
878327d8 t split_filename
87832860 t disk_write
878328b0 t flush_dirty_fat_buffer
87832908 t get_fatent
87832a0c t next_dent
87832ac8 t set_fatent_value
87832c3c t determine_fatent
87832c60 t clear_fatent
87832cb4 t set_name
87832d80 t set_sectors.isra.0
87832e6c t normalize_longname
87832ec4 t fat_itr_next
87833054 t fat_itr_resolve
87833148 t flush_dir
87833184 t new_dir_table
87833204 t fill_dir_slot
8783336c t find_directory_entry
878333cc t set_contents
87833b14 T fat_set_blk_dev
87833ba0 T file_fat_detectfs
87833c74 T fat_exists
87833cb8 T fat_size
87833d34 T file_fat_read_at
8783403c T fat_read_file
8783406c T fat_opendir
878340cc T fat_readdir
87834120 T fat_closedir
87834136 T fat_close
87834138 T file_fat_write_at
8783430c T file_fat_write
87834328 T fat_unlink
878344f8 T fat_mkdir
87834774 T fs_devread
878348dc t efi_uc_destroy
878348ec t efi_uc_init
878348fc t check_node_type
87834950 t efi_uc_start
878349dc t efi_uc_supported
87834a60 t disconnect_child
87834aa4 t efi_uc_stop
87834b70 T efi_driver_init
87834c28 t efi_bl_write
87834c62 t efi_bl_read
87834c9c t efi_bl_bind
87834d60 t get_var.constprop.0
87834ddc T efi_deserialize_load_option
87834e1c t try_load_entry
87834f44 T efi_bootmgr_load
87835038 t efi_is_event
8783505c T __efi_entry_check
87835084 T __efi_exit_check
878350a4 t efi_process_event_queue
87835100 t efi_queue_event
87835158 t efi_set_mem
87835174 t efi_copy_mem
87835190 t efi_calculate_crc32
878351c0 t efi_set_watchdog_timer
878351d8 t efi_get_next_monotonic_count
8783520c t efi_register_protocol_notify
8783526c t efi_close_event
8783531c t efi_free_pool_ext
87835334 t efi_allocate_pool_ext
87835350 t efi_get_memory_map_ext
87835376 t efi_free_pages_ext
87835392 t efi_allocate_pages_ext
878353b4 t efi_raise_tpl
878353d8 T efi_save_gd
878353e4 T efi_restore_gd
878353f4 T is_valid_tpl
87835418 T efi_signal_event
87835480 t efi_exit_boot_services
8783555c t efi_signal_event_ext
87835588 T efi_add_handle
878355a4 T efi_create_handle
878355c4 T efi_create_event
87835680 T efi_create_event_ex
878356c4 t efi_create_event_ext
878356f0 T efi_timer_check
87835760 t efi_stall
8783579c t efi_check_event
878357f4 t efi_wait_for_event
87835890 t efi_restore_tpl
878358b8 T efi_set_timer
87835954 t efi_set_timer_ext
87835974 T efi_search_obj
87835990 T efi_search_protocol
878359d4 T efi_remove_protocol
87835a0c t efi_locate_protocol
87835ab0 t efi_open_protocol_information
87835b3c t efi_locate_handle
87835c1c T efi_locate_handle_buffer
87835c9c t efi_locate_device_path
87835d60 t efi_locate_handle_ext
87835d88 T efi_remove_all_protocols
87835dc0 T efi_delete_handle
87835de4 T efi_close_protocol
87835e68 t efi_delete_image
87835ef8 t efi_open_protocol
8783609c t efi_disconnect_controller
8783620c t efi_disconnect_all_drivers
87836300 T efi_start_image
878363c0 T efi_handle_protocol
878363e0 t efi_bind_controller
87836454 t efi_exit
8783651c t efi_uninstall_protocol
878365a0 t efi_uninstall_protocol_interface
878365dc T efi_unload_image
8783665c t efi_protocols_per_handle
878366d4 t efi_connect_controller
878367f8 T efi_add_protocol
878368c0 t efi_install_protocol_interface
87836904 T efi_install_multiple_protocol_interfaces
878369c4 t efi_uninstall_multiple_protocol_interfaces
87836a54 t efi_reinstall_protocol_interface
87836a9c T efi_install_configuration_table
87836b98 t efi_install_configuration_table_ext
87836bb0 T efi_setup_loaded_image
87836c6c T efi_load_image
87836e48 T efi_initialize_system_table
87836e98 t efi_cout_enable_cursor
87836ec4 t efi_cout_set_cursor_position
87836f28 t efi_cout_clear_screen
87836f4c t efi_cout_set_attribute
87836f98 t efi_cout_test_string
87836fa8 t efi_cout_reset
87836fdc t efi_cin_set_state
87836ff0 t efi_cout_output_string
878370d4 t efi_cin_unregister_key_notify
8783711c t efi_cin_empty_buffer
87837134 t efi_cin_reset
87837154 t efi_cin_reset_ex
87837174 t efi_cin_register_key_notify
878371d0 t term_get_char
878371fc t efi_cout_set_mode
87837248 t efi_cout_query_mode
87837298 T set_shift_mask
878372dc t analyze_modifiers.constprop.0
87837334 t efi_cin_check
878375b4 t efi_cin_read_key_stroke
8783760c t efi_console_timer_notify
87837620 t efi_cin_read_key_stroke_ex
878376b8 t efi_key_notify
878376cc T efi_console_register
878378d0 t dp_size
87837920 t dp_alloc
87837944 t dp_part_size
87837972 t dp_part_node
87837aa4 t dp_fill
87837bd4 t dp_part_fill
87837c0a T efi_dp_next
87837c2a T efi_dp_match
87837c6c T efi_dp_last_node
87837c88 T efi_dp_instance_size
87837cb0 t find_obj
87837d44 T efi_dp_find_obj
87837d70 T efi_dp_size
87837d90 T efi_dp_dup
87837db8 T efi_dp_append
87837e0c T efi_dp_append_node
87837e94 T efi_dp_create_device_node
87837eb8 T efi_dp_append_instance
87837f1c T efi_dp_get_next_instance
87837f74 T efi_dp_is_multi_instance
87837f94 T efi_dp_from_part
87837fc0 T efi_dp_part_node
87837fe4 T efi_dp_from_file
87838084 T efi_dp_from_eth
878380b8 T efi_dp_from_mem
87838158 T efi_dp_split_file_path
878381b8 T efi_dp_from_name
87838268 t dp_unknown
87838280 t efi_convert_single_device_node_to_text
878386a0 t efi_str_to_u16
878386d4 t efi_convert_device_path_to_text
87838720 t efi_convert_device_node_to_text
8783874a T efi_dp_str
87838766 t create_device_node
87838786 t is_device_path_multi_instance
8783879e t get_next_device_path_instance
878387ba t append_device_path_instance
878387d6 t append_device_node
878387f2 t append_device_path
8783880e t duplicate_device_path
87838826 t get_device_path_size
87838840 t efi_file_open_ex
87838848 t efi_file_read_ex
87838850 t efi_file_flush
87838860 t efi_file_getpos
87838888 t set_blk_dev.isra.0
87838890 t file_open
87838aa8 t efi_open_volume
87838ad4 t efi_file_open
87838b48 t efi_file_write
87838bd8 t efi_file_delete
87838c0c t efi_get_file_size
87838c30 t efi_file_getinfo
87838d90 t efi_file_setpos
87838de8 t efi_file_read
87838f58 t efi_file_write_ex
87838f60 t efi_file_flush_ex
87838f68 t efi_file_close
87838f84 t efi_file_setinfo
8783906c T efi_file_from_path
87839134 T efi_simple_file_system
87839164 t efi_hii_packagelist_exists
87839180 t efi_hii_package_len
87839190 t get_package_list_handle
878391d4 t unregister_package_notify
878391e8 t register_package_notify
8783921c t export_package_lists
87839244 t list_package_lists
878392dc t find_keyboard_layouts
87839358 t get_keyboard_layout
878393e8 t remove_guid_package
8783940c t free_keyboard_layouts
8783943c t remove_keyboard_package
87839468 t add_packages
878396c0 t language_match
878396f0 t get_secondary_languages
8783974c t get_string
878397d8 t get_languages
8783987c t set_string
8783993c t new_string
878399f4 t remove_strings_package
87839a3e t free_packagelist
87839a6c t remove_package_list
87839a98 t new_package_list
87839b14 t set_keyboard_layout
87839b28 t update_package_list
87839bec t get_alt_config
87839c00 t config_to_block
87839c14 t block_to_config
87839c28 t route_config
87839c3c t export_config
87839c50 t extract_config
87839c64 t efi_set_code_and_data_type
87839ca8 T efi_print_image_infos
87839d3c T efi_load_pe
87839f8c t efi_mem_cmp
87839fac t efi_check_allocated
8783a018 t efi_find_free_memory
8783a0bc T efi_add_memory_map
8783a3cc T efi_allocate_pages
8783a460 T efi_alloc
8783a49c T efi_free_pages
8783a500 T efi_allocate_pool
8783a568 T efi_free_pool
8783a604 T efi_get_memory_map
8783a694 T efi_add_conventional_memory_map
8783a744 W efi_add_known_memory
8783a788 T efi_memory_init
8783a7f4 T efi_root_node_register
8783a8c0 t efi_reset_system_boottime
8783a908 t efi_set_time_boottime
8783a91c t efi_get_time_boottime
8783a930 T efi_init_runtime_supported
8783a964 W efi_reset_system_init
8783a968 t efi_set_virtual_address_map
8783aaf0 T efi_init_obj_list
8783ac34 t efi_str_to_fat
8783acac t efi_fat_to_str
8783ace8 t efi_str_upr
8783ad08 t efi_stri_coll
8783ad46 t efi_str_lwr
8783ad66 t next_lower
8783ad74 t metai_match
8783ae24 t efi_metai_match
8783ae40 t efi_to_native
8783ae98 t prefix
8783aebc t parse_attr.part.0
8783af3c T efi_get_variable
8783b0ac T efi_get_next_variable_name
8783b250 T efi_set_variable
8783b454 T efi_variables_boot_exit_notify
8783b478 T efi_init_variables
8783b47c t efi_watchdog_timer_notify
8783b4b0 T efi_set_watchdog
8783b4d8 T efi_watchdog_register
8783b534 t gop_query_mode
8783b578 t gop_blt_video_fill.isra.0
8783b618 T gop_blt
8783b944 t gop_set_mode
8783b99c T efi_gop_register
8783ba84 t efi_disk_flush_blocks
8783ba92 t efi_disk_reset
8783baa0 t efi_disk_add_dev.isra.0.part.0
8783bbf4 t efi_disk_read_blocks
8783bcb4 t efi_disk_write_blocks
8783bd80 T efi_fs_from_path
8783bdc8 T efi_disk_create_partitions
8783be5c T efi_disk_register
8783bf0c t efi_net_push
8783bf18 t efi_pxe_base_code_start
8783bf20 t efi_pxe_base_code_stop
8783bf28 t efi_pxe_base_code_discover
8783bf30 t efi_pxe_base_code_mtftp
8783bf38 t efi_pxe_base_code_udp_write
8783bf40 t efi_pxe_base_code_udp_read
8783bf48 t efi_pxe_base_code_set_ip_filter
8783bf50 t efi_pxe_base_code_arp
8783bf58 t efi_pxe_base_code_set_parameters
8783bf60 t efi_pxe_base_code_set_packets
8783bf68 t efi_network_timer_notify
8783bfcc t efi_net_nvdata
8783bfe0 t efi_net_statistics
8783bff4 t efi_net_station_address
8783c008 t efi_net_receive_filters
8783c01c t efi_net_start
8783c058 t efi_net_get_status
8783c0b0 t efi_net_receive
8783c1ac t efi_net_transmit
8783c284 t efi_net_mcastiptomac
8783c2f4 t efi_net_shutdown
8783c344 t efi_net_stop
8783c378 t efi_net_initialize
8783c3e0 t efi_net_reset
8783c42c t efi_pxe_base_code_set_station_ip
8783c434 t efi_pxe_base_code_dhcp
8783c43c T efi_net_set_dhcp_ack
8783c470 T efi_net_register
8783c6c8 T efi_smbios_register
8783c70c t get_code
8783c786 t read_string
8783c79e t read_console
8783c7ac T console_read_unicode
8783c7cc T utf8_get
8783c7d8 T utf8_put
8783c868 T utf8_utf16_strnlen
8783c89a T utf16_get
8783c8f4 T utf16_put
8783c940 T utf8_utf16_strncpy
8783c97e T utf16_strnlen
8783c9a4 T utf16_utf8_strnlen
8783c9e6 T utf16_utf8_strncpy
8783ca24 T utf_to_lower
8783ca50 T utf_to_upper
8783ca7c T u16_strlen
8783ca90 T u16_strdup
8783cab8 T utf16_to_utf8
8783cb80 T crc16_ccitt
8783cba4 t smbios_write_type127
8783cbd0 t smbios_write_type32
8783cbfc t smbios_string_table_len
8783cc18 t smbios_add_string
8783cc54 t smbios_write_type3
8783cca4 t smbios_write_type2
8783cd00 t smbios_write_type0
8783cd90 t smbios_write_type1
8783ce08 t smbios_write_type4
8783ce88 T write_smbios_table
8783cf34 t default_log
8783cf38 T write_sparse_image
8783d234 T string_to_ip
8783d27c T string_to_enetaddr
8783d2ae T compute_ip_checksum
8783d2f6 T ip_checksum_ok
8783d30a t merge
8783d340 T list_sort
8783d42c T zcalloc
8783d434 T zcfree
8783d43c T inflate_fast
8783d7f0 T inflate_table
8783db04 T inflateReset
8783db44 T inflateInit2_
8783dbdc T inflateEnd
8783dc0a T adler32
8783de40 T inflate
8783eb6c T gzalloc
8783eb7a T gzfree
8783eb80 T gzip_parse_header
8783ebf0 T zunzip
8783ec98 T gunzip
8783ecc4 T fdt_ro_probe_
8783ed18 T fdt_header_size_
8783ed32 T fdt_header_size
8783ed3c T fdt_check_header
8783edd4 T fdt_offset_ptr
8783ee08 T fdt_next_tag
8783eec8 T fdt_check_node_offset_
8783eeec T fdt_check_prop_offset_
8783ef10 T fdt_next_node
8783ef7e T fdt_first_subnode
8783efa4 T fdt_next_subnode
8783efce T fdt_find_string_
8783effe T fdt_move
8783f028 T fdt_node_end_offset_
8783f04c T fdt_strerror
8783f088 t fdt_blocks_misordered_
8783f0be t fdt_rw_probe_
8783f0f8 t fdt_splice_
8783f142 t fdt_splice_mem_rsv_
8783f170 t fdt_splice_struct_
8783f196 t fdt_packblocks_
8783f1f2 t fdt_add_property_
8783f2d0 T fdt_add_mem_rsv
8783f326 T fdt_del_mem_rsv
8783f362 T fdt_setprop_placeholder
8783f3d0 T fdt_setprop
8783f3f6 T fdt_delprop
8783f434 T fdt_add_subnode_namelen
8783f4cc T fdt_add_subnode
8783f4ea T fdt_del_node
8783f51c T fdt_open_into
8783f600 t fdt_cells
8783f62c T fdt_address_cells
8783f648 T fdt_size_cells
8783f660 t fdt_mem_rsv
8783f67c t nextprop_
8783f6ae t fdt_get_property_by_offset_
8783f6e0 T fdt_get_string
8783f77c T fdt_string
8783f782 T fdt_get_mem_rsv
8783f7c0 T fdt_num_mem_rsv
8783f7ea T fdt_get_name
8783f844 T fdt_subnode_offset_namelen
8783f8c6 T fdt_subnode_offset
8783f8e4 T fdt_first_property_offset
8783f8fc T fdt_next_property_offset
8783f914 t fdt_get_property_namelen_
8783f98a T fdt_get_property_namelen
8783f9b4 T fdt_get_property
8783f9d6 T fdt_getprop_namelen
8783fa0c T fdt_getprop_by_offset
8783fa68 T fdt_getprop
8783fa8c T fdt_get_phandle
8783facc T fdt_get_alias_namelen
8783faf8 T fdt_path_offset_namelen
8783fb8c T fdt_path_offset
8783fba6 T fdt_supernode_atdepth_offset
8783fc12 T fdt_node_depth
8783fc30 T fdt_parent_offset
8783fc50 T fdt_node_offset_by_phandle
8783fc92 T fdt_stringlist_search
8783fcf8 T fdtdec_get_int
8783fd14 t get_prop_check_min_len
8783fd3c T fdtdec_get_is_enabled
8783fd64 T fdtdec_get_alias_seq
8783fe10 T fdtdec_get_alias_highest_id
8783fe88 T fdtdec_prepare_fdt
8783feb8 T fdtdec_lookup_phandle
8783fed8 T fdtdec_get_int_array
8783ff0e T fdtdec_get_int_array_count
8783ff46 T fdtdec_get_bool
8783ff5a T fdtdec_parse_phandle_with_args
87840022 T fdtdec_get_byte_array
87840048 T fdtdec_locate_byte_array
87840060 T fdtdec_get_config_int
87840088 T fdtdec_get_config_string
878400b4 T fdtdec_get_number
878400ce T fdtdec_get_addr_size_fixed
8784013a T fdtdec_get_addr_size_auto_parent
87840180 T fdtdec_get_addr_size_auto_noparent
878401b4 T fdtdec_get_addr_size
878401d2 T fdtdec_get_addr
878401d8 T fdt_get_resource
8784026c T fdt_get_named_resource
87840298 W board_fdt_blob_setup
878402a0 T fdtdec_setup
878402c8 T qsort
87840360 T strcmp_compar
87840368 t cmpkey
87840374 t _hdelete.isra.0
878403a4 t drop_var_from_set.part.0
878403d4 t match_string
87840430 t match_entry
878404ac T hcreate_r
87840504 T hdestroy_r
87840548 T hmatch_r
878405a8 T hsearch_r
87840860 T hdelete_r
878408f4 T hexport_r
87840a7c T himport_r
87840ce8 T hwalk_r
87840d18 T display_options_get_banner_priv
87840d80 T display_options_get_banner
87840d8c T display_options
87840db0 T print_size
87840ec8 T print_buffer
87840ff8 T crc32_wd
87840ffc W __div64_32
8784108c T div_s64_rem
87841118 T hang
87841130 T kmalloc
87841158 T skip_spaces
87841170 T strim
878411a4 t lmb_overlaps_region
878411d0 t lmb_add_region
878412d6 T lmb_dump_all
878412d8 T lmb_add
878412dc T lmb_free
87841362 T lmb_reserve
87841368 T lmb_reserve_overlap
878413d0 T __lmb_alloc_base
87841458 T lmb_alloc_base
87841478 T lmb_alloc
8784147e T lmb_alloc_addr
878414be T lmb_get_free_size
87841506 T lmb_init_and_reserve
8784153c T lmb_init_and_reserve_range
8784156c t emit
8784158c t store_char_in_data
878415b0 t get_escape_char
87841604 t relocate
87841630 t match
87841898 t loop_greedy
878418ee t loop_non_greedy
87841940 t quantifier
8784199c t fixup_branch
878419c4 t compile
87841c04 T slre_compile
87841c90 T slre_match
87841cec T strncasecmp
87841d30 T strcasecmp
87841d38 T strcpy
87841d48 T strncpy
87841d60 T strcat
87841d7e T strncat
87841da6 T strcmp
87841dbc T strncmp
87841dde T strchr
87841df8 T strlen
87841e08 T strlcpy
87841e36 T strrchr
87841e56 T strnlen
87841e70 T strdup
87841e92 T strspn
87841eb2 T strpbrk
87841ed4 T strtok
87841f10 T strsep
87841f2c T memmove
87841f52 T memcmp
87841f6c T strstr
87841fac T memchr
87841fc8 t tick_to_time
87842016 W timer_get_us
87842030 T usec_to_tick
87842098 T udelay
878420b8 T uuid_str_valid
87842104 T uuid_str_to_bin
87842230 T uuid_bin_to_str
878422b8 T gen_rand_uuid
87842314 T gen_rand_uuid_str
87842330 T rand_r
87842344 T rand
87842350 T srand
8784235c t panic_finish
8784237c T panic
87842390 T __assert_fail
878423a0 t put_dec_trunc
87842438 t put_dec
87842568 t number
87842778 t string16
87842810 t string
878428a8 t vsnprintf_internal
87842e1c T vsnprintf
87842e20 T vscnprintf
87842e36 T snprintf
87842e50 T vsprintf
87842e5c T sprintf
87842e76 T printf
87842eaa T vprintf
87842ed0 T simple_itoa
87842f08 T str2off
87842f2c t _parse_integer_fixup_radix
87842f88 T simple_strtoul
87842fd8 T strict_strtoul
8784301a T simple_strtol
87843034 T ustrtoul
87843080 T simple_strtoull
878430f4 T ustrtoull
87843150 T trailing_strtoln
87843198 T trailing_strtol
878431a0 T arp_init
878431d8 T arp_raw_request
8784326c T arp_request
878432c0 T arp_timeout_check
87843318 T arp_receive
87843498 T arp_is_waiting
878434a8 t dhcp_extended
87843604 t dhcp_process_options
878437c0 t dhcp_packet_process_options
8784381c t dhcp_handler
87843ac0 T bootp_reset
87843aec T bootp_request
87843cd4 t bootp_timeout_handler
87843d2c T dhcp_request
87843d30 t eth_get_uclass_priv
87843d4a t eth_pre_remove
87843d64 t eth_write_hwaddr
87843de0 t on_ethaddr
87843e2c t eth_post_probe
87843f6c t eth_post_bind
87843f98 T eth_set_current_to_next
87843fbc T eth_get_dev
87843fdc T eth_set_dev
87844000 t eth_pre_unbind
87844018 T eth_get_dev_by_name
878440a4 T eth_get_ethaddr
878440b6 T eth_halt_state_only
878440cc T eth_get_dev_index
878440e4 T eth_init
87844178 T eth_is_active
87844198 T eth_halt
878441bc T eth_send
878441ee T eth_rx
87844254 T eth_initialize
87844320 T eth_env_get_enetaddr_by_index
8784434c T eth_env_set_enetaddr_by_index
87844378 T eth_common_init
8784438c T eth_mac_skip
878443b8 T eth_get_name
878443d0 T eth_current_changed
8784442c T eth_try_another
87844480 T eth_set_current
878444d8 t net_clear_handlers
878444fc t start_again_timeout_handler
87844508 t dummy_handler
8784450c t on_ipaddr
87844524 t on_gatewayip
8784453c t on_netmask
87844554 t on_serverip
8784456c t net_init_loop.part.0
87844584 T net_init
878445dc T net_start_again
878446c8 T net_set_udp_handler
878446e0 T net_get_arp_handler
878446ec T net_set_timeout_handler
8784472c T net_get_async_tx_pkt_buf
87844748 T net_process_received_packet
87844964 T net_eth_hdr_size
87844994 T net_set_ether
87844a00 T net_update_ether
87844a58 T net_set_ip_header
87844ad8 T net_set_udp_header
87844b30 T net_send_ip_packet
87844bf0 T net_send_udp_packet
87844c0c T copy_filename
87844c3c T is_serverip_in_cmd
87844c54 t net_check_prereq
87844cfc T net_auto_load
87844d64 T net_loop
87844f18 T net_parse_bootfile
87844f68 T ip_to_string
87844f90 T string_to_vlan
87844fb8 t on_nvlan
87844fd0 t on_vlan
87844fe8 t rpc_lookup_reply
87845050 t nfs_mount_reply
878450b0 t nfs_umountall_reply
87845108 t nfs_lookup_reply
878451c0 t nfs_readlink_reply
8784527c t basename
8784529c t nfs_read_reply
87845388 t rpc_req
8784544c t nfs_read_req
878454f0 t nfs_readlink_req
87845574 t nfs_mount_req
878455fc t nfs_umountall_req
87845650 t nfs_lookup_req
8784575c t nfs_send
87845830 t nfs_handler
878459ac t nfs_timeout_handler
878459f8 T nfs_start
87845b60 t ping_timeout_handler
87845b74 T ping_start
87845c3c T ping_receive
87845cf4 t tftp_send
87845e28 t tftp_handler
878460c8 t tftp_timeout_handler
8784612c T tftp_start
878463b4 T __aeabi_uidiv
878463b4 T __udivsi3
87846450 T __aeabi_idiv
87846450 T __divsi3
8784651c T __aeabi_uidivmod
87846534 T __aeabi_idivmod
8784654c t Ldiv0
8784655c T __aeabi_uldivmod
87846584 t L_div_64_64
87846594 t L_lsl_4
878465c0 t L_lsl_1
878465ec t L_subtract
87846608 t L_update
8784662c t L_exit
87846640 t L_div_32_32
87846658 t L_pow2
878466cc t L_div_by_0
878466e4 T __div0
878466f0 R efi_block_io_guid
87846700 r efi_file_handle_protocol
87846740 R efi_file_info_guid
87846750 R efi_file_system_info_guid
87846760 R efi_global_variable_guid
87846770 r efi_gop_guid
87846780 R efi_guid_device_path
87846790 R efi_guid_device_path_to_text_protocol
878467a0 R efi_guid_device_path_utilities_protocol
878467b0 R efi_guid_driver_binding_protocol
878467c0 R efi_guid_event_group_exit_boot_services
878467d0 R efi_guid_event_group_memory_map_change
878467e0 R efi_guid_event_group_reset_system
878467f0 R efi_guid_fdt
87846800 R efi_guid_hii_config_routing_protocol
87846810 R efi_guid_hii_database_protocol
87846820 R efi_guid_hii_string_protocol
87846830 R efi_guid_loaded_image
87846840 R efi_guid_loaded_image_device_path
87846850 R efi_guid_text_input_ex_protocol
87846860 R efi_guid_text_input_protocol
87846870 R efi_guid_text_output_protocol
87846880 R efi_guid_unicode_collation_protocol2
87846890 r efi_net_guid
878468a0 r efi_pxe_base_code_protocol_guid
878468b0 r efi_rt_properties_table_guid
878468c0 R efi_simple_file_system_protocol_guid
878468d0 R efi_system_volume_label_id
878468e0 R efi_u_boot_guid
878468f0 r lcd_pads
878468f8 r partition_basic_data_guid
87846908 r smbios_guid
87846918 r system_guid
87846928 r uart1_pads
87846a1c r CSWTCH.164
87846a28 r CSWTCH.32
87846a48 r CSWTCH.32
87846a68 r CSWTCH.45
87846a7c r asix_eth_id_table
87846bb4 r asix_eth_ops
87846bd4 r board_boot_modes
87846bf4 r boot_os
87846c54 r bootm_args.9245
87846c60 r ci_ep_init
87846d28 r ci_udc_otg_ids
87846d38 r color
87846d78 r colors
87846e38 r commands
87846ea0 r driver_ops
87846eac r efi_blk_ops
87846ebc R efi_device_path_to_text
87846ec4 R efi_device_path_utilities
87846ee4 R efi_hii_config_routing
87846efc R efi_hii_database
87846f28 R efi_hii_string
87846f3c R efi_unicode_collation_protocol2
87846f58 r env_flags_varaccess_mask
87846f68 r ext_csd_bus_width
87846fa4 r fbase
87846fb4 r fdt_errtable
87847000 r fdt_member_table
87847028 r fecmxc_ids
87847078 r fecmxc_ops
87847098 r fixed_regulator_ids
878470a8 r fixed_regulator_ops
878470d8 r freqs.10613
8784710c r fsl_esdhc_ids
8784717c r fsl_esdhc_ops
87847198 r fsl_qspi_ids
878471c8 r fsl_qspi_ops
878471ec r gen_74x164_ids
878471fc r gen_74x164_ops
87847224 r generic_simple_bus_ids
8784723c r gpio_function
87847250 r gpio_mxc_ops
87847278 r gpio_regulator_ids
87847288 r gpio_regulator_ops
878472b8 r hub_id_table
878472e8 r hwcaps_pp2cmd.11589
87847320 r hwcaps_read2cmd.11585
87847398 r if_type_uclass_id
878473cc r if_typename_str
87847400 r imx6_pinctrl_match
87847448 r imx6_thermal_plat
87847454 r imx6sx_data
87847468 r imx6ul_7d_data
8784747c r imx7ulp_data
87847490 R imx_pinctrl_ops
878474e0 r imx_thermal_ops
878474e4 r init_sequence_f
878475ac r machines
878475bc r mass_storage_id_table
878475ec r mmc_blk_ops
878475fc r mmc_modes_by_pref
8784761c r mmc_versions.10993
87847640 r mx6_ehci_ops
87847654 r mx6_fuse_descs
87847c44 r mx6_usb_ids
87847c54 r mxc_gpio_ids
87847c64 r mxc_i2c_ids
87847c7c r mxc_i2c_ops
87847c94 r mxs_video_ids
87847cc4 r names.10608
87847cf8 R op_adv
87847df8 r op_table
87847e60 r phy_bases
87847e68 r phy_interface_strings
87847ecc r root_info
87847ed4 r sd_au_size.10868
87847f14 r sd_modes_by_pref
87847f24 r simple_panel_ids
87847f54 r simple_panel_ops
87847f60 r smbios_write_funcs
87847f7c R soc_boot_modes
87847fdc r soft_spi_ids
87847fec r soft_spi_ops
87848010 r spi_flash_std_ids
87848020 r spi_flash_std_ops
87848030 R spi_nor_ids
878483b0 r uimage_arch
878484f4 r uimage_comp
87848548 r uimage_os
878485f0 r uimage_type
878487d0 r usb_dr_modes
878487e0 r usb_hub_ids
878487f0 r usb_mass_storage_ids
87848800 r usb_storage_ops
87848810 r vybrid_data
87848824 r CSWTCH.17
87848846 r CSWTCH.18
87848868 r codepage
87848968 r crc16_tab
87848b68 r crc16_table
87848d68 r dbase.9564
87848da8 r dext.9565
87848de8 r distfix
87848efa r i2c_clk_div
87848fc2 r lbase.9562
87849000 r lenfix
87849800 r lext.9563
8784983e r order.9658
8784992a r CSWTCH.165
8784992d r CSWTCH.18
87849930 r CSWTCH.19
87849941 r CSWTCH.66
87849957 r END
8784995b r ROOT
8784996f r __FUNCTION__.10017
87849986 r __FUNCTION__.9844
878499bf r __func__.10011
878499ca r __func__.10162
878499e6 r __func__.10823
878499f8 r __func__.11109
87849a0d r __func__.11109
87849a1a r __func__.11126
87849a2c r __func__.11129
87849a3b r __func__.11146
87849a49 r __func__.11160
87849a56 r __func__.11169
87849a63 r __func__.11175
87849a74 r __func__.11179
87849a8c r __func__.11181
87849aa7 r __func__.11183
87849abf r __func__.11187
87849acc r __func__.11191
87849ae0 r __func__.11195
87849af4 r __func__.11199
87849b00 r __func__.11212
87849b0d r __func__.11223
87849b1f r __func__.11477
87849b2d r __func__.11674
87849b44 r __func__.11776
87849b50 r __func__.12004
87849b5c r __func__.12053
87849b6c r __func__.12108
87849b81 r __func__.12663
87849b8d r __func__.13331
87849b9e r __func__.13488
87849baf r __func__.13633
87849bbe r __func__.9239
87849bc9 r __func__.9448
87849bdb r __func__.9459
87849bee r __func__.9471
87849c01 r __func__.9521
87849c0d r __func__.9539
87849c20 r __func__.9582
87849c3c r __func__.9599
87849c49 r __func__.9609
87849c58 r __func__.9614
87849c62 r __func__.9618
87849c79 r __func__.9623
87849c86 r __func__.9643
87849c91 r __func__.9661
87849c9b r __func__.9673
87849ca9 r __func__.9706
87849cbc r __func__.9715
87849cd0 r __func__.9720
87849ce8 r __func__.9809
87849cef r __func__.9907
87849cfb r __func__.9917
87849d06 r __func__.9943
87849d2f R _ctype
8784a594 r bank_lookup
8784b2c3 r col_lookup
8784b432 R default_environment
8784c4a7 r digits.11246
8784c4b7 r dirletter.11431
8784fd80 r env_flags_varaccess_rep
8784fd85 r env_flags_vartype_rep
8784feea r erase_seq
878506fe r fastboot_name
878513a5 r fsg_string_interface
87851e3d R hex_asc
87851ffe r illegal
87852900 r manufacturer
87852f6e r multipliers
87853196 r names.9513
878531e1 R net_bcast_ethaddr
878532cc R net_null_ethaddr
87853f02 r product
8785abb5 r tab_seq
8785ae74 r us_direction
8785ba2f r vendor_id.11282
8785ba38 V version_string
8785bae2 r video_fontdata
8785d0a0 d base
8785d0a4 d reset_cause
8785d0a8 D imx_ccm
8785d0ac d bootm_help_text
8785d438 d cmd_bootm_sub
8785d534 d source_help_text
8785d584 d cmd_blkc_sub
8785d5bc d cmd_bmp_sub
8785d5f4 d bootefi_help_text
8785d77f d bootz_help_text
8785d988 d test_commands
8785d9f8 d fdt_help_text
8785e09f d root.9693
8785e0a1 d tabs.9777
8785e0c4 d cmd_i2c_sub
8785e268 d i2c_dp_last_length
8785e26c d i2c_help_text
8785e65c d do_echo
8785e660 d dp_last_length
8785e664 d cmd_mmc
8785e7ec d curr_device
8785e7f0 d pinmux_subcmd
8785e844 d usb_stor_curr_dev
8785e848 d fastboot_help_text
8785e8f4 d imgextract_help_text
8785e94c d disk_partitions
8785e954 d cmd_env_sub
8785ea6c d env_help_text
8785ecc8 d env_id
8785eccc d reserved_list
8785ed50 d init_sequence_r
8785edd0 d of_busses
8785ede8 d usb_scan_list
8785edf0 D bmp_logo_bitmap
8786a828 d hist_cur
8786a82c d av_
8786ac34 d sbrk_base
8786ac38 d trim_threshold
8786ac3c D image_load_addr
8786ac40 D stdio_names
8786ac4c d imx6_pinctrl_soc_info
8786ac5c d imx6_snvs_pinctrl_soc_info
8786ac6c d imx6ul_pinctrl_soc_info
8786ac7c d _stats
8786ac90 d block_cache
8786ac98 D fastboot_devinfo
8786ac9c D g_fastboot_stdio
8786ace8 D fastboot_common_var
8786ad20 d usdhc_imx7d_data
8786ad24 d usdhc_imx8qm_data
8786ad28 D console_normal_ops
8786ad3c d video_link_help_text
8786ad88 d genphy_driver
8786adc8 d phy_drivers
8786add0 d KS8721_driver
8786ae10 d KSZ8031_driver
8786ae50 d KSZ804_driver
8786ae90 d KSZ8051_driver
8786aed0 d KSZ8081_driver
8786af10 d ksz886x_driver
8786af50 d ksz8895_driver
8786af90 d mxc_serial_drv
8786afc0 d one_time_rx_line_always_low_workaround_needed
8786afc4 d ci_ep_ops
8786afec d ci_udc_ops
8786b020 d controller
8786b1c8 d ep0_desc
8786b1d4 d composite_driver
8786b1f8 d device_desc
8786b20c d g_dnl_composite_strings
8786b214 d g_dnl_driver
8786b238 d g_dnl_string_defs
8786b258 d g_dnl_string_tab
8786b260 d qw_sign_buf
8786b267 d fsg_fs_bulk_in_desc
8786b270 d fsg_fs_bulk_out_desc
8786b27c d fsg_fs_function
8786b28c d fsg_hs_bulk_in_desc
8786b295 d fsg_hs_bulk_out_desc
8786b2a0 d fsg_hs_function
8786b2b0 d fsg_intf_desc
8786b2bc d fsg_strings
8786b2cc d fsg_strings_array
8786b2d4 d fsg_stringtab
8786b2dc d fastboot_string_defs
8786b2ec d fastboot_strings
8786b2f4 d fb_cid
8786b304 d fb_ext_prop
8786b320 d fb_ext_prop_data
8786b347 d fb_ext_prop_name
8786b35c d fb_fs_function
8786b368 d fb_hs_function
8786b378 d fb_os_desc
8786b38c d fb_os_desc_table
8786b394 d fb_ss_bulk_comp_desc
8786b39c d fb_ss_function
8786b3b4 d fs_ep_in
8786b3bd d fs_ep_out
8786b3c6 d hs_ep_in
8786b3cf d hs_ep_out
8786b3d8 d interface_desc
8786b3e1 d ss_ep_in
8786b3ea d ss_ep_out
8786b3f4 d stringtab_fastboot
8786b3fc d udc_list
8786b404 d descriptor
8786b440 D ehci_usb_ops
8786b46c D env_htab
8786b47c d first_call
8786b480 d first_call
8786b484 d fstypes
8786b550 D ext4fs_indir1_blkno
8786b554 D ext4fs_indir2_blkno
8786b558 D ext4fs_indir3_blkno
8786b55c d prev_bg_bitmap_index.10085
8786b560 d prev_inode_bitmap_index.10109
8786b564 d prev_bg_bmap_idx.9768
8786b568 d prev_bg_bmap_idx.9783
8786b56c d prev_bg_bmap_idx.9805
8786b570 d prev_bg_bmap_idx.9840
8786b574 d first_node
8786b578 d efi_boot_services
8786b640 D efi_event_queue
8786b648 D efi_obj_list
8786b650 D efi_register_notify_events
8786b658 d efi_tpl
8786b65c d entry_count
8786b660 d timers_enabled
8786b664 d cin_notify_functions
8786b66c D efi_con_in
8786b678 d efi_con_in_ex
8786b690 d efi_con_mode
8786b6a8 D efi_con_out
8786b6d0 d efi_cout_modes
8786b6f4 d efi_keyboard_layout_list
8786b6fc d efi_package_lists
8786b704 D efi_mem
8786b70c d lastoff.12107
8786b710 d efi_obj_list_initialized
8786b714 d capitalization_table
8786c5e4 d y
8786c5e8 d first_call.9585
8786c5ec D net_native_vlan
8786c5ee D net_our_vlan
8786c5f0 d nfs_offset
8786c5f4 d supported_nfs_versions
8786c5f6 d tftp_block_size
8786c5f8 d tftp_block_size_option
8786c5fc D tftp_timeout_count_max
8786c600 d timeout_count_max
8786c604 d timeout_ms
8786c614 D _u_boot_list_2_cmd_2_base
8786c614 d start.9167
8786c614 d start.9171
8786c614 d start.9304
8786c614 d start.9308
8786c614 d start.9363
8786c614 d start.9366
8786c630 D _u_boot_list_2_cmd_2_bdinfo
8786c64c D _u_boot_list_2_cmd_2_blkcache
8786c668 D _u_boot_list_2_cmd_2_bmode
8786c684 D _u_boot_list_2_cmd_2_bmp
8786c6a0 D _u_boot_list_2_cmd_2_boot
8786c6bc D _u_boot_list_2_cmd_2_bootd
8786c6d8 D _u_boot_list_2_cmd_2_bootefi
8786c6f4 D _u_boot_list_2_cmd_2_bootelf
8786c710 D _u_boot_list_2_cmd_2_bootm
8786c72c D _u_boot_list_2_cmd_2_bootp
8786c748 D _u_boot_list_2_cmd_2_bootvx
8786c764 D _u_boot_list_2_cmd_2_bootz
8786c780 D _u_boot_list_2_cmd_2_clocks
8786c79c D _u_boot_list_2_cmd_2_cmp
8786c7b8 D _u_boot_list_2_cmd_2_coninfo
8786c7d4 D _u_boot_list_2_cmd_2_cp
8786c7f0 D _u_boot_list_2_cmd_2_crc32
8786c80c D _u_boot_list_2_cmd_2_dcache
8786c828 D _u_boot_list_2_cmd_2_dhcp
8786c844 D _u_boot_list_2_cmd_2_dm
8786c860 D _u_boot_list_2_cmd_2_echo
8786c87c D _u_boot_list_2_cmd_2_editenv
8786c898 D _u_boot_list_2_cmd_2_env
8786c8b4 D _u_boot_list_2_cmd_2_erase
8786c8d0 D _u_boot_list_2_cmd_2_exit
8786c8ec D _u_boot_list_2_cmd_2_ext2load
8786c908 D _u_boot_list_2_cmd_2_ext2ls
8786c924 D _u_boot_list_2_cmd_2_ext4load
8786c940 D _u_boot_list_2_cmd_2_ext4ls
8786c95c D _u_boot_list_2_cmd_2_ext4size
8786c978 D _u_boot_list_2_cmd_2_ext4write
8786c994 D _u_boot_list_2_cmd_2_false
8786c9b0 D _u_boot_list_2_cmd_2_fastboot
8786c9cc D _u_boot_list_2_cmd_2_fatinfo
8786c9e8 D _u_boot_list_2_cmd_2_fatload
8786ca04 D _u_boot_list_2_cmd_2_fatls
8786ca20 D _u_boot_list_2_cmd_2_fatmkdir
8786ca3c D _u_boot_list_2_cmd_2_fatrm
8786ca58 D _u_boot_list_2_cmd_2_fatsize
8786ca74 D _u_boot_list_2_cmd_2_fatwrite
8786ca90 D _u_boot_list_2_cmd_2_fdt
8786caac D _u_boot_list_2_cmd_2_flinfo
8786cac8 D _u_boot_list_2_cmd_2_fstype
8786cae4 D _u_boot_list_2_cmd_2_fuse
8786cb00 D _u_boot_list_2_cmd_2_go
8786cb1c D _u_boot_list_2_cmd_2_gpio
8786cb38 D _u_boot_list_2_cmd_2_gpt
8786cb54 D _u_boot_list_2_cmd_2_help
8786cb70 D _u_boot_list_2_cmd_2_i2c
8786cb8c D _u_boot_list_2_cmd_2_icache
8786cba8 D _u_boot_list_2_cmd_2_iminfo
8786cbc4 D _u_boot_list_2_cmd_2_imxtract
8786cbe0 D _u_boot_list_2_cmd_2_itest
8786cbfc D _u_boot_list_2_cmd_2_lcdputs
8786cc18 D _u_boot_list_2_cmd_2_ln
8786cc34 D _u_boot_list_2_cmd_2_load
8786cc50 D _u_boot_list_2_cmd_2_loadb
8786cc6c D _u_boot_list_2_cmd_2_loads
8786cc88 D _u_boot_list_2_cmd_2_loadx
8786cca4 D _u_boot_list_2_cmd_2_loady
8786ccc0 D _u_boot_list_2_cmd_2_loop
8786ccdc D _u_boot_list_2_cmd_2_ls
8786ccf8 D _u_boot_list_2_cmd_2_md
8786cd14 D _u_boot_list_2_cmd_2_mm
8786cd30 D _u_boot_list_2_cmd_2_mmc
8786cd4c D _u_boot_list_2_cmd_2_mmcinfo
8786cd68 D _u_boot_list_2_cmd_2_mtest
8786cd84 D _u_boot_list_2_cmd_2_mw
8786cda0 D _u_boot_list_2_cmd_2_nfs
8786cdbc D _u_boot_list_2_cmd_2_nm
8786cdd8 D _u_boot_list_2_cmd_2_ping
8786cdf4 D _u_boot_list_2_cmd_2_pinmux
8786ce10 D _u_boot_list_2_cmd_2_printenv
8786ce2c D _u_boot_list_2_cmd_2_protect
8786ce48 D _u_boot_list_2_cmd_2_question_mark
8786ce64 D _u_boot_list_2_cmd_2_random
8786ce80 D _u_boot_list_2_cmd_2_read
8786ce9c D _u_boot_list_2_cmd_2_reset
8786ceb8 D _u_boot_list_2_cmd_2_run
8786ced4 D _u_boot_list_2_cmd_2_save
8786cef0 D _u_boot_list_2_cmd_2_saveenv
8786cf0c D _u_boot_list_2_cmd_2_setcurs
8786cf28 D _u_boot_list_2_cmd_2_setenv
8786cf44 D _u_boot_list_2_cmd_2_setexpr
8786cf60 D _u_boot_list_2_cmd_2_sf
8786cf7c D _u_boot_list_2_cmd_2_showvar
8786cf98 D _u_boot_list_2_cmd_2_size
8786cfb4 D _u_boot_list_2_cmd_2_sleep
8786cfd0 D _u_boot_list_2_cmd_2_source
8786cfec D _u_boot_list_2_cmd_2_test
8786d008 D _u_boot_list_2_cmd_2_tftpboot
8786d024 D _u_boot_list_2_cmd_2_true
8786d040 D _u_boot_list_2_cmd_2_ums
8786d05c D _u_boot_list_2_cmd_2_usb
8786d078 D _u_boot_list_2_cmd_2_usbboot
8786d094 D _u_boot_list_2_cmd_2_version
8786d0b0 D _u_boot_list_2_cmd_2_videolink
8786d0cc D _u_boot_list_2_driver_2_74x164
8786d0cc d end.9174
8786d0cc d end.9311
8786d0cc d end.9369
8786d0cc d start.10054
8786d0cc d start.10058
8786d0cc d start.11805
8786d0cc d start.9765
8786d0cc d start.9769
8786d0cc d start.9852
8786d0cc d start.9856
8786d114 D _u_boot_list_2_driver_2_asix_eth
8786d15c D _u_boot_list_2_driver_2_ci_udc_otg
8786d1a4 D _u_boot_list_2_driver_2_efi_blk
8786d1ec D _u_boot_list_2_driver_2_efi_block
8786d234 D _u_boot_list_2_driver_2_eth_phy_generic_drv
8786d27c D _u_boot_list_2_driver_2_fecmxc_gem
8786d2c4 D _u_boot_list_2_driver_2_fixed_regulator
8786d30c D _u_boot_list_2_driver_2_fsl_esdhc
8786d354 D _u_boot_list_2_driver_2_fsl_qspi
8786d39c D _u_boot_list_2_driver_2_gpio_mxc
8786d3e4 D _u_boot_list_2_driver_2_gpio_regulator
8786d42c D _u_boot_list_2_driver_2_i2c_generic_chip_drv
8786d474 D _u_boot_list_2_driver_2_i2c_mxc
8786d4bc D _u_boot_list_2_driver_2_imx6_pinctrl
8786d504 D _u_boot_list_2_driver_2_imx_thermal
8786d54c D _u_boot_list_2_driver_2_mmc_blk
8786d594 D _u_boot_list_2_driver_2_mxs_video
8786d5dc D _u_boot_list_2_driver_2_pinconfig_generic
8786d624 D _u_boot_list_2_driver_2_root_driver
8786d66c D _u_boot_list_2_driver_2_simple_bus_drv
8786d6b4 D _u_boot_list_2_driver_2_simple_panel
8786d6fc D _u_boot_list_2_driver_2_soft_spi
8786d744 D _u_boot_list_2_driver_2_spi_flash_std
8786d78c D _u_boot_list_2_driver_2_spi_generic_drv
8786d7d4 D _u_boot_list_2_driver_2_usb_dev_generic_drv
8786d81c D _u_boot_list_2_driver_2_usb_generic_hub
8786d864 D _u_boot_list_2_driver_2_usb_mass_storage
8786d8ac D _u_boot_list_2_driver_2_usb_mx6
8786d8f4 D _u_boot_list_2_driver_2_usb_storage_blk
8786d93c D _u_boot_list_2_driver_2_vidconsole_normal
8786d984 D _u_boot_list_2_driver_info_2_imx6_thermal
8786d984 d end.10061
8786d984 d end.11807
8786d984 d end.9772
8786d984 d end.9859
8786d984 d start.9804
8786d984 d start.9808
8786d98c D _u_boot_list_2_env_clbk_2_baudrate
8786d98c d end.9811
8786d98c d start.9310
8786d98c d start.9317
8786d994 D _u_boot_list_2_env_clbk_2_callbacks
8786d99c D _u_boot_list_2_env_clbk_2_console
8786d9a4 D _u_boot_list_2_env_clbk_2_ethaddr
8786d9ac D _u_boot_list_2_env_clbk_2_flags
8786d9b4 D _u_boot_list_2_env_clbk_2_gatewayip
8786d9bc D _u_boot_list_2_env_clbk_2_ipaddr
8786d9c4 D _u_boot_list_2_env_clbk_2_loadaddr
8786d9cc D _u_boot_list_2_env_clbk_2_netmask
8786d9d4 D _u_boot_list_2_env_clbk_2_nvlan
8786d9dc D _u_boot_list_2_env_clbk_2_serialno
8786d9e4 D _u_boot_list_2_env_clbk_2_serverip
8786d9ec D _u_boot_list_2_env_clbk_2_vlan
8786d9f4 D _u_boot_list_2_env_driver_2_mmc
8786d9f4 d end.9313
8786d9f4 d start.9310
8786d9f4 d start.9318
8786da0c D _u_boot_list_2_g_dnl_bind_callbacks_2___usb_function_name_usb_dnl_fastboot
8786da0c d end.9313
8786da0c d start.13558
8786da14 D _u_boot_list_2_g_dnl_bind_callbacks_2___usb_function_name_usb_dnl_ums
8786da1c D _u_boot_list_2_part_driver_2_a_efi
8786da1c d start.9258
8786da1c d start.9262
8786da1c d start.9331
8786da1c d start.9335
8786da34 D _u_boot_list_2_part_driver_2_dos
8786da4c D _u_boot_list_2_uclass_2_backlight
8786da4c d end.9265
8786da4c d end.9338
8786da4c d start.9784
8786da4c d start.9788
8786da98 D _u_boot_list_2_uclass_2_blk
8786dae4 D _u_boot_list_2_uclass_2_efi
8786db30 D _u_boot_list_2_uclass_2_eth
8786db7c D _u_boot_list_2_uclass_2_eth_phy_generic
8786dbc8 D _u_boot_list_2_uclass_2_gpio
8786dc14 D _u_boot_list_2_uclass_2_i2c
8786dc60 D _u_boot_list_2_uclass_2_i2c_generic
8786dcac D _u_boot_list_2_uclass_2_mmc
8786dcf8 D _u_boot_list_2_uclass_2_nop
8786dd44 D _u_boot_list_2_uclass_2_panel
8786dd90 D _u_boot_list_2_uclass_2_pinconfig
8786dddc D _u_boot_list_2_uclass_2_pinctrl
8786de28 D _u_boot_list_2_uclass_2_regulator
8786de74 D _u_boot_list_2_uclass_2_root
8786dec0 D _u_boot_list_2_uclass_2_simple_bus
8786df0c D _u_boot_list_2_uclass_2_spi
8786df58 D _u_boot_list_2_uclass_2_spi_generic
8786dfa4 D _u_boot_list_2_uclass_2_spi_nor
8786dff0 D _u_boot_list_2_uclass_2_thermal
8786e03c D _u_boot_list_2_uclass_2_usb
8786e088 D _u_boot_list_2_uclass_2_usb_dev_generic
8786e0d4 D _u_boot_list_2_uclass_2_usb_gadget_generic
8786e120 D _u_boot_list_2_uclass_2_usb_hub
8786e16c D _u_boot_list_2_uclass_2_usb_mass_storage
8786e1b8 D _u_boot_list_2_uclass_2_vidconsole
8786e204 D _u_boot_list_2_uclass_2_video
8786e250 D _u_boot_list_2_usb_driver_entry_2_asix_eth
8786e250 d end.9791
8786e250 d start.11080
8786e250 d start.11083
8786e258 D _u_boot_list_2_usb_driver_entry_2_usb_generic_hub
8786e260 D _u_boot_list_2_usb_driver_entry_2_usb_mass_storage
8786e268 D __efi_runtime_rel_start
8786e268 d end.11086
8786e308 ? __bss_base
8786e308 ? __bss_start
8786e308 R __efi_runtime_rel_stop
8786e308 R __image_copy_end
8786e308 R __rel_dyn_start
8786e308 b params
8786e30c b modes
8786e314 b bootefi_device_path
8786e318 b bootefi_image_path
8786e31c b data.9666
8786e71c B working_fdt
8786e720 b i2c_cur_bus
8786e724 b i2c_dp_last_addr
8786e728 b i2c_dp_last_alen
8786e72c b i2c_dp_last_chip
8786e730 b i2c_mm_last_addr
8786e734 b i2c_mm_last_alen
8786e738 b i2c_mm_last_chip
8786e73c b a_b
8786e754 b bin_start_address
8786e758 b his_eol
8786e759 b his_pad_char
8786e75c b his_pad_count
8786e760 b his_quote
8786e764 b k_data_escape
8786e768 b k_data_escape_saved
8786e76c b os_data_addr
8786e770 b os_data_addr_saved
8786e774 b os_data_char
8786e778 b os_data_init
8786e77c b os_data_state
8786e780 b os_data_state_saved
8786e784 b send_parms
8786e798 b send_ptr
8786e79c b base_address
8786e7a0 b dp_last_addr
8786e7a4 b dp_last_size
8786e7a8 b mm_last_addr
8786e7ac b mm_last_size
8786e7b0 b currdev
8786e7b4 b flash
8786e7b8 b ums
8786e7bc b ums_count
8786e7c0 b buf.9769
8786e7e8 b do_repeat
8786e7ec b flag_repeat
8786e7f0 b ifs
8786e7f4 b last_return_code
8786e7f8 b map
8786e8f8 b the_command.9569
8786ecfc b top_vars
8786ed00 b stored_bootdelay
8786ed04 B monitor_flash_len
8786ed08 B images
8786ee38 b current_mii
8786ee3c b mii_devs
8786ee44 B usb_started
8786ee48 b running.11003
8786ee4c b CBWTag
8786ee80 b usb_ccb
8786ef80 b usb_max_devs
8786ef84 B console_buffer
8786f388 b hist_add_idx
8786f38c b hist_lines
878743a0 b hist_list
878743f0 b hist_max
878743f4 b hist_num
878743f8 b initted.9370
878743fc B cd_count
87874408 B console_devices
87874414 b ctrlc_disabled
87874418 b ctrlc_was_pressed
8787441c b tstcdev
87874420 b current_mallinfo
87874448 b max_sbrked_mem
8787444c b max_total_mem
87874450 B mem_malloc_brk
87874454 B mem_malloc_end
87874458 B mem_malloc_start
8787445c b top_pad
87874460 b andr_tmp_str
87874664 b devs
878746b0 B stdio_devices
878746bc b env_complete_buf
878748bc b tmp_buf
87874cc0 b xyz
878750f4 b name.9386
87875119 b boot_addr_start.9244
87875130 B fastboot_buf_addr
87875134 B fastboot_buf_size
87875138 B fastboot_progress_callback
8787513c B metrics
87875158 b fastboot_bytes_expected
8787515c b fastboot_bytes_received
87875160 b g_a_cmd_buff
878751a0 b boot_dev_part.12549
878751c0 b serial
878751e0 B g_pcount
878751e4 B g_ptable
87875de4 b initialized.11114
87875de8 B curr_video_link
87875dec B temp_stack
87875e04 B video_links
87875e4c B video_links_num
87875e50 B video_off
87875e54 b serial_current
87875e58 b serial_devices
87875e5c b wr_sfaddr.10973
87875e60 b epnum
87875e64 b composite
87875e68 b g_dnl_detach_request
87875e69 b g_dnl_serial
87875f6c b controller_index
87875f70 b state.11188
87875f74 b the_fsg_common
87875f78 b ums
87875f7c b ums_count
87875f80 b unknown.11444
87875f90 b fastboot_func
87875f94 b dev_array
87875fa4 b asynch_allowed
87875fa8 b flags_list
87875fac b callback_list
87875fb0 b env_mmc_orig_hwpart
87875fb4 b fs_dev_desc
87875fb8 b fs_dev_part
87875fbc b fs_partition
87876034 b fs_type
87876038 B ext_fs
87876080 B ext4fs_file
87876084 B ext4fs_indir1_block
87876088 B ext4fs_indir1_size
8787608c B ext4fs_indir2_block
87876090 B ext4fs_indir2_size
87876094 B ext4fs_indir3_block
87876098 B ext4fs_indir3_size
8787609c B ext4fs_root
878760a0 B g_parent_inode
878760a4 b symlinknest
878760a8 b part_info
878760ac B part_offset
878760b0 B dirty_block_ptr
87876240 B gd_index
87876244 B gindex
87876248 B journal_ptr
878763d8 B jrnl_blk_idx
878763dc b prev_node
878763e0 b revk_blk_list
878763e4 b cur_dev
878763e8 b cur_part_info
87876480 b tmpbuf_cluster
8787bb28 R __rel_dyn_end
8787bb28 R _end
8787bb28 R _image_binary_end
87886480 b total_sector
87886484 b rs
87886488 b app_gd
8788648c b current_image
87886490 b efi_gd
87886498 b mono.11978
878864a0 b ret.11907
878864a4 b console_timer_event
878864a8 b key_available
878864ac b next_key
878864b8 B efi_memory_map_key
878864bc B efi_root
878864c0 b efi_variables_list
878864c4 b watchdog_timer_event
878864c8 b dhcp_ack
878864cc b network_timer_event
878864d0 b new_rx_packet
878864d4 b new_tx_packet
878864d8 b transmit_buffer
878864dc b wait_for_packet
878864e0 B errno
878864e4 B ___strtok
878864e8 b local.11507
87886500 B arp_tx_packet
87886504 b arp_tx_packet_buf
87886b44 B arp_wait_packet_ethaddr
87886b48 B arp_wait_timer_start
87886b4c B arp_wait_try
87886b50 B arp_wait_tx_packet_size
87886b54 B net_arp_wait_packet_ip
87886b58 b net_arp_wait_reply_ip
87886b5c B bootp_ids
87886b6c B bootp_num_ids
87886b70 B bootp_start
87886b74 B bootp_timeout
87886b78 B bootp_try
87886b7c b dhcp_leasetime
87886b80 b dhcp_option_overload
87886b84 b dhcp_server_ip
87886b88 b dhcp_state
87886b8c B net_hostname
87886bac B net_nis_domain
87886bcc B net_root_path
87886c0c b time_taken_max
87886c10 b eth_errno
87886c14 b act.10486
87886c18 b env_changed_id.10487
87886c1c b first_failed.10481
87886c20 b arp_packet_handler
87886c24 B net_boot_file_expected_size_in_blocks
87886c28 B net_boot_file_name
87887028 B net_boot_file_name_explicit
8788702c B net_boot_file_size
87887030 b net_dev_exists
87887034 B net_dns_server
87887038 B net_ethaddr
87887040 B net_gateway
87887044 B net_ip
87887048 b net_ip_id
8788704c B net_netmask
87887050 b net_pkt_buf
87888e90 B net_restart_wrap
87888e94 b net_restarted
87888e98 B net_rx_packet
87888e9c B net_rx_packet_len
87888ea0 B net_rx_packets
87888eb0 B net_server_ethaddr
87888eb8 B net_server_ip
87888ebc B net_state
87888ec0 b net_try_count
87888ec4 B net_tx_packet
87888ec8 B push_packet
87888ecc b time_delta
87888ed0 b time_handler
87888ed4 b time_start
87888ed8 b time_start
87888edc b udp_packet_handler
87888ee0 b dirfh
87888f00 b filefh
87888f40 b filefh3_length
87888f44 b fs_mounted
87888f48 b nfs_download_state
87888f4c b nfs_filename
87888f50 b nfs_len
87888f54 b nfs_our_port
87888f58 b nfs_path
87888f5c b nfs_path_buff
8788975c b nfs_server_ip
87889760 b nfs_server_mount_port
87889764 b nfs_server_port
87889768 b nfs_state
8788976c b nfs_timeout_count
87889770 b rpc_id
87889774 B net_ping_ip
87889778 b ping_seq_number
8788977a b default_filename
87889788 b tftp_block_wrap
8788978c b tftp_block_wrap_offset
87889790 b tftp_cur_block
87889794 b tftp_filename
87889814 b tftp_load_addr
87889818 b tftp_load_size
8788981c b tftp_our_port
87889820 b tftp_prev_block
87889824 b tftp_remote_ip
87889828 b tftp_remote_port
8788982c b tftp_state
87889830 b timeout_count
87889834 ? __bss_end
87889834 B __bss_limit
