87800000 T __image_copy_start
87800000 T _start
87800020 T _undefined_instruction
87800024 T _software_interrupt
87800028 T _prefetch_abort
8780002c T _data_abort
87800030 T _not_used
87800034 T _irq
87800038 T _fiq
87800040 T IRQ_STACK_START_IN
87800060 t undefined_instruction
878000c0 t software_interrupt
87800120 t prefetch_abort
87800180 t data_abort
878001e0 t not_used
87800240 t irq
878002a0 t fiq
878002e8 T reset
878002ec T save_boot_params_ret
87800328 T c_runtime_cpu_setup
87800338 W save_boot_params
8780033c T cpu_init_cp15
8780039c T cpu_init_crit
878003a8 T __efi_runtime_start
878003a8 W efi_reset_system
878003aa W efi_get_time
878003b4 W efi_set_time
878003bc t efi_unimplemented
878003c4 t efi_set_virtual_address_map_runtime
878003cc t efi_convert_pointer_runtime
878003d4 T efi_update_capsule
878003dc T efi_query_capsule_caps
878003e4 t efi_convert_pointer
87800480 T efi_update_table_header_crc32
87800494 t efi_get_variable_runtime
8780049c t efi_get_next_variable_name_runtime
878004a4 t efi_set_variable_runtime
878004ac T efi_query_variable_info
878004b4 T crc32_no_comp
87800544 T crc32
87800550 T efi_runtime_detach
87800574 T efi_runtime_relocate
878006c0 T efi_events
878006c8 T systab
87800710 t firmware_vendor
87800728 t efi_virtmap
8780072c t efi_descriptor_count
87800730 t efi_descriptor_size
87800738 T efi_runtime_services
87800788 t crc_table
87800b88 T efi_runtime_mmio
87800b90 T __efi_runtime_stop
87800ba0 T __v7_flush_dcache_all
87800bb4 t start_flush_levels
87800bb8 t flush_levels
87800bf4 t loop1
87800bf8 t loop2
87800c1c t skip
87800c28 t finished
87800c3c T v7_flush_dcache_all
87800c4c T __v7_invalidate_dcache_all
87800c64 t inval_levels
87800ca0 t inval_loop1
87800ca4 t inval_loop2
87800cc8 t inval_skip
87800cd4 t inval_finished
87800ce8 T v7_invalidate_dcache_all
87800cf8 T allow_unaligned
87800d08 T invalidate_icache_all
87800d1c W v7_outer_cache_enable
87800d1e W v7_outer_cache_disable
87800d20 W v7_outer_cache_flush_all
87800d22 T flush_dcache_all
87800d30 W v7_outer_cache_inval_all
87800d32 T invalidate_dcache_all
87800d40 T arm_init_before_mmu
87800d62 W v7_outer_cache_flush_range
87800d64 T flush_dcache_range
87800d9c T mmu_page_table_flush
87800dba W v7_outer_cache_inval_range
87800dbc T invalidate_dcache_range
87800dfe W cpu_cache_initialization
87800e00 T cleanup_before_linux_select
87800e3e T cleanup_before_linux
87800e44 W lowlevel_init
87800e80 T _main
87800ecc t here
87800f20 T memset
87800fc0 T memcpy
878012a4 T setjmp
878012b4 T longjmp
878012d0 W relocate_vectors
878012dc T relocate_code
878012ec t copy_loop
87801304 t fixloop
87801324 t fixnext
8780132c t relocate_done
87801340 T arch_fixup_fdt
87801364 t setup_initrd_tag.isra.0
87801390 T arch_lmb_reserve
878013c4 W board_quiesce_devices
878013c8 t boot_jump_linux
87801458 W setup_board_tags
8780145a W board_prep_linux
8780145c t boot_prep_linux
878015b4 T do_bootm_linux
878015f8 T boot_prep_vxworks
87801628 T boot_jump_vxworks
87801630 T bootz_setup
878016c0 T arch_reserve_stacks
878016d8 T interrupt_init
878016ec T enable_interrupts
878016ee T disable_interrupts
878016f4 T bad_mode
87801700 T show_regs
87801884 T do_undefined_instruction
878018ac T do_software_interrupt
878018d4 T do_prefetch_abort
878018fc T do_data_abort
87801924 T do_not_used
8780194c T do_fiq
87801974 T do_irq
8780199c T do_reset
878019c4 W flush_cache
878019cc T check_cache_range
878019ec t cache_disable
87801a28 W arm_init_domains
87801a2a T set_section_dcache
87801a3c T mmu_set_region_dcache_behaviour
87801a7c W dram_bank_mmu_setup
87801aa4 T icache_enable
87801ab6 T icache_disable
87801abe T icache_status
87801ac8 T dcache_enable
87801b36 T dcache_disable
87801b3c T dcache_status
87801b48 T imx_iomux_v3_setup_pad
87801c20 T imx_iomux_v3_setup_multiple_pads
87801c3c T get_imx_reset_cause
87801c5c t get_reset_cause
87801cfc T get_reboot_reason
87801d24 T get_imx_type
87801f8c T print_cpuinfo
87802084 T get_ahb_clk
878020a0 T arch_preboot_os
878020a2 T get_clocks
878020b4 T imx_ddr_size
87802108 T mxs_wait_mask_set
87802130 T mxs_wait_mask_clr
87802158 T mxs_reset_block
878021c4 T board_lmb_reserve
878021f0 T configure_tzc380
87802214 T enable_caches
87802264 T init_aips
87802338 T imx_wdog_disable_powerdown
878023d0 T init_src
878023e8 T boot_mode_apply
87802410 T imx_get_mac_from_fuse
878024f4 T timer_init
87802530 T get_ticks
87802542 T get_timer
87802588 T __udelay
87802614 T get_tbclk
8780261c t create_usage
8780267c t do_boot_mode
87802704 T add_board_boot_modes
87802740 T get_cpu_rev
878027dc T get_cpu_speed_grade_hz
878028d0 T get_cpu_temp_grade
87802918 W get_board_rev
87802940 T set_ldo_voltage
878029e4 T is_usb_boot
878029ec t mmc_get_boot_dev
87802a14 T arch_cpu_init
87802d88 W board_mmc_get_env_dev
87802d8c T mmc_get_env_dev
87802db0 W board_mmc_get_env_part
87802db4 T mmc_get_env_part
87802dca T board_postclk_init
87802de8 T get_board_serial
87802dfc T get_boot_device
87802e48 T set_wdog_reset
87802e62 T reset_misc
87802e64 T s_init
87802f28 t get_ipg_clk
87802f44 t enable_pll_video.constprop.0
87803008 t get_uart_clk
878030b0 t mxc_get_pll_pfd
87803138 t get_usdhc_clk
878031d0 T enable_ocotp_clk
878031ec T enable_usboh3_clk
8780320c T enable_enet_clk
87803260 T enable_i2c_clk
878032f4 T get_periph_clk
8780337c t get_axi_clk
878033b0 T enable_lcdif_clock
878035cc T mxs_set_lcdclk
8780387c T enable_qspi_clk
878038f4 T enable_fec_anatop_clock
878039ac T imx_get_uartclk
878039b0 T enable_thermal_clk
878039f4 T mxc_get_clock
87803d60 T imx_get_fecclk
87803d68 T do_mx6_showclocks
87803f28 T check_module_fused
87803f6c T ft_system_setup
87804020 T mx6_esdhc_fused
8780405c T mx6_usb_fused
8780406c T mx6_qspi_fused
87804070 T mx6_i2c_fused
878040ac T mx6_enet_fused
878040cc W mmc_map_to_kernel_blk
878040d0 T board_late_mmc_env_init
8780413c T dram_init
8780414a T board_phy_config
87804178 T board_early_init_f
8780418c T board_init
878041f0 T board_late_init
87804304 T checkboard
87804328 W do_go_exec
87804330 t do_go
8780437c T do_bootm
8780441c T do_bootd
87804434 t image_info
878044d8 t do_iminfo
87804514 T bootm_maybe_autostart
87804560 t do_help
8780458c t do_version
878045bc T blk_common_cmd
878047bc T image_source_script
8780484c t do_source
87804880 t print_num
87804890 t do_bdinfo
87804964 t do_blkcache
878049a0 t blkc_configure
878049e0 t blkc_show
87804a08 t do_bmp
87804a40 t do_bmp_info
87804aec T bmp_display
87804b44 t do_bmp_display
87804bdc t efi_reserve_memory
87804c34 t do_bootefi_exec
87804d70 T efi_install_fdt
87804fa8 T efi_run_image
87805040 t do_bootefi
878050f0 T efi_set_bootdev
87805158 T do_bootz
878051f4 t parse_argv
87805230 t do_icache
8780528c t do_dcache
878052e8 t do_coninfo
8780537c t do_dm_dump_devres
87805380 t do_dm
878053c4 t do_dm_dump_drivers
878053ce t do_dm_dump_uclass
878053d8 t do_dm_dump_all
878053e4 t do_echo
87805464 t load_elf_image_phdr
87805530 T valid_elf_image
87805560 T do_bootelf
87805714 T do_bootvx
87805944 t do_exit
87805964 T do_ext4_size
87805972 T do_ext4_load
87805980 T do_ext4_ls
8780598e T do_ext4_write
8780599c T do_ext2load
878059aa t do_ext2ls
878059b8 T do_fat_size
878059c6 T do_fat_fsload
878059d4 t do_fat_ls
878059e4 t do_fat_fsinfo
87805a38 t do_fat_fswrite
87805b0c t do_fat_rm
87805b1a t do_fat_mkdir
87805b28 t fdt_valid
87805b9c t is_printable_string
87805be8 t print_data
87805cec T set_working_fdt_addr
87805d00 t do_fdt
87806758 t do_flinfo
8780675c t do_protect
87806768 t do_flerase
8780676c t do_size_wrapper
8780677a t do_load_wrapper
87806788 t do_save_wrapper
87806796 t do_ls_wrapper
878067a4 t do_ln_wrapper
878067b2 t do_fstype_wrapper
878067b6 t strtou32
878067e4 t do_fuse
87806a1c t gpio_get_description
87806aa0 t do_gpio
87806ce4 t do_i2c
87806d20 t i2c_get_cur_bus
87806d44 t do_i2c_bus_speed
87806da8 t do_i2c_reset
87806dcc t i2c_get_cur_bus_chip
87806dec t do_i2c_probe
87806e60 t do_i2c_bus_num
87806ed0 t show_bus
87806f34 t do_i2c_olen
87806fa8 t do_i2c_flags
87807020 t do_i2c_show_bus
8780708c t get_alen.constprop.0
878070ac t do_i2c_crc
8780718c t mod_i2c_mem.isra.0.part.0
878072e4 t do_i2c_nm
878072f8 t do_i2c_md
87807464 t do_i2c_read
878074f4 t do_i2c_mw
878075b0 t do_i2c_write
878076b4 t do_i2c_loop
87807774 t do_i2c_mm
87807786 t evalexp
878077d2 t evalstr
87807810 t binary_test
87807904 t do_itest
87807950 t bin_data_init
8780796c t k_data_save
878079a0 t k_data_restore
878079d4 t getcxmodem
878079ec t load_serial_ymodem
87807a7c t bin_data_char
87807a98 t chk1.constprop.0
87807ab8 t s1_sendpacket.constprop.0
87807aec t load_serial
87807c10 t do_load_serial
87807c9c t do_load_serial_bin
878081c4 t do_mem_md
87808264 t do_mem_base
8780828c t do_mem_crc
878082b8 t do_mem_mtest
87808418 t do_mem_mw
87808490 t do_mem_loop
87808514 t do_mem_cmp
878085fc t mod_mem.isra.0.part.0
878086e8 t do_mem_mm
878086fc t do_mem_cp
8780876c t do_random
8780880c t do_mem_nm
87808820 t do_sleep
878088a4 t do_mmcops
87808928 t init_mmc_device
87808970 t do_mmc_rst_func
878089cc t do_mmc_rescan
878089e4 t do_mmc_partconf
87808a88 t do_mmc_bootbus
87808af8 t do_mmc_hwpartition
87808e98 t do_mmc_list
87808ea4 t do_mmc_dev
87808f68 t do_mmcinfo
87809224 t do_mmc_setdsr
87809294 t do_mmc_boot_resize
87809314 t do_mmc_part
8780934c t do_mmc_erase
878093e8 t do_mmc_write
87809498 t do_mmc_read
87809534 T mtd_arg_off
87809584 T mtd_arg_off_size
87809648 t netboot_common
87809818 t do_bootp
87809820 t do_dhcp
87809828 t do_nfs
87809830 T do_tftpb
87809858 t do_ping
878098a0 t do_pinmux
878098e0 t do_list
87809948 t show_pinmux
878099d8 t do_status
87809a70 t do_dev
87809ac4 T do_raw_read
87809b98 t bytes_per_second
87809bcc t do_spi_flash
8780a168 t substitute
8780a200 t get_arg
8780a234 t regex_sub.part.0
8780a42c t do_setexpr
8780a51c t do_false
8780a520 t do_true
8780a524 t do_test
8780a724 t usb_get_class_desc
8780a798 t usb_display_class_sub
8780a890 t usb_display_desc
8780a988 t usb_show_tree_graph
8780ab00 t usb_show_subtree
8780ab1c t usb_for_each_root_dev
8780ab58 t usb_display_string
8780ab84 t usb_display_config
8780ad30 t usb_show_info
8780ad7a t usb_find_device
8780ade0 t do_usbboot
8780adec t do_usb_start
8780ae0c T usb_show_tree
8780ae18 t do_usb
8780b0ac T common_diskboot
8780b220 t do_fastboot
8780b368 t ums_fini
8780b39c t ums_write_sector
8780b3aa t ums_read_sector
8780b3b8 t do_usb_mass_storage
8780b5f0 t do_imgextract
8780b7a4 t del_gpt_info
8780b7cc t extract_val
8780b824 t calc_parts_list_len
8780b878 t extract_env
8780b918 t get_gpt_info
8780b9dc t create_gpt_partitions_list.isra.0
8780baac t set_gpt_info.isra.0
8780bdb8 t print_gpt_info
8780be6c t do_gpt
8780c2f0 t do_env_delete
8780c35c t do_env_save
8780c36c t do_env
8780c3a8 t env_print
8780c420 t do_env_print
8780c498 t do_env_import
8780c638 t do_env_default
8780c694 t do_env_exists
8780c6d4 t _do_env_set.isra.0
8780c7f4 t do_env_set
8780c808 T env_get_id
8780c814 T env_set
8780c850 T env_set_ulong
8780c868 T env_set_hex
8780c888 t do_env_export
8780c9e0 T env_match
8780ca28 T env_get_f
8780caac T env_get
8780cafc T env_get_hex
8780cb1c T eth_env_get_enetaddr
8780cb50 T eth_env_set_enetaddr
8780cb80 T env_get_ulong
8780cb9c t do_env_edit.part.0
8780cc0c t do_env_edit
8780cc28 T board_init_f_alloc_reserve
8780cc34 T board_init_f_init_reserve
8780cc48 W show_boot_progress
8780cc4c T main_loop
8780cc80 t mdelay
8780cc8a t dummy
8780cc8c T get_version
8780cc90 T jumptable_init
8780cdf0 T hash_command
8780ce64 t b_reset
8780ce72 t static_get
8780ce84 t static_peek
8780ce8c t mapset
8780cea0 t syntax_err
8780ceac t free_pipe_list
8780cf3c t xmalloc
8780cf54 t new_pipe
8780cf6c t xrealloc
8780cf84 t done_command
8780cfc6 t done_pipe
8780cff4 t done_word
8780d1b4 t is_assignment
8780d1e4 t file_get
8780d31c t do_showvar
8780d3bc t b_addchr
8780d400 t b_addqchr
8780d430 t file_peek
8780d438 T get_local_var
8780d490 T set_local_var
8780d598 t insert_var_value_sub
8780d754 T parse_string_outer
8780d7e4 t run_list_real
8780dcc4 t parse_stream_outer
8780e0e8 T parse_file_outer
8780e114 T u_boot_hush_start
8780e144 T bootdelay_process
8780e250 T autoboot_command
8780e2f4 t log_init
8780e2f8 t log_init
8780e2fc t display_text_info
8780e300 t setup_mon_len
8780e318 t reserve_round_4k
8780e32c W reserve_mmu
8780e35a t reserve_uboot
8780e38a t reserve_malloc
8780e39e t reserve_global_data
8780e3b4 t reserve_fdt
8780e3ee W dram_init_banksize
8780e408 t setup_reloc
8780e42e t reloc_fdt
8780e45a t reserve_board
8780e482 t reserve_video
8780e4a0 t announce_dram_init
8780e4b0 t init_baud_rate
8780e4cc t initf_dm
8780e4d2 t initf_bootstage
8780e4de W clear_bss
8780e4e2 t setup_spl_handoff
8780e4e6 W mach_cpu_init
8780e4ea t reserve_trace
8780e4ee t setup_machine
8780e4f2 t reserve_bootstage
8780e4f6 t reserve_bloblist
8780e4fa t display_new_sp
8780e4fe t reloc_bootstage
8780e502 t reloc_bloblist
8780e506 t initf_console_record
8780e50a W reserve_arch
8780e50e W arch_cpu_init_dm
8780e512 W checkcpu
8780e516 W coloured_LED_init
8780e518 W red_led_on
8780e51a W board_add_ram_info
8780e51c t show_dram_config
8780e544 W board_get_usable_ram_top
8780e554 t setup_dest_addr
8780e584 t reserve_stacks
8780e5a0 T board_init_f
8780e5e8 t initr_trace
8780e5ec t initr_reloc
8780e600 t run_main_loop
8780e608 t initr_check_fastboot
8780e614 t initr_net
8780e628 t initr_fastboot_setup
8780e634 t initr_ethaddr
8780e64c t initr_enable_interrupts
8780e656 t initr_jumptable
8780e660 t initr_env
8780e6a8 t initr_mmc
8780e6c0 t initr_serial
8780e6ca t initr_dm
8780e6dc t initr_bootstage
8780e6e8 t initr_malloc
8780e704 t initr_reloc_global_data
8780e73c t initr_caches
8780e746 t initr_binman
8780e74a t initr_barrier
8780e74e t initr_console_record
8780e752 t initr_dm_devices
8780e756 W power_init_board
8780e75a t initr_announce
8780e75e W cpu_secondary_init_r
8780e760 t initr_secondary_cpu
8780e76c T board_init_r
8780e7b4 W show_board_info
8780e7e0 T bootm_find_images
8780e84c T bootm_disable_interrupts
8780e85c T do_bootm_states
8780edd8 W switch_to_non_secure_mode
8780eddc T do_bootm_vxworks
8780ef28 t copy_args
8780ef5c t do_bootm_rtems
8780ef88 t do_bootm_plan9
8780eff0 t do_bootm_standalone
8780f02c t do_bootm_qnxelf
8780f078 t do_bootm_netbsd
8780f120 W board_preboot_os
8780f122 T boot_selected_os
8780f160 T bootm_os_get_boot_func
8780f16c t of_bus_default_map
8780f1e6 t fdt_pack_reg
8780f278 t of_bus_default_translate
8780f2e0 T fdt_support_default_count_cells
8780f314 t __of_translate_address
8780f48c T fdt_find_and_setprop
8780f4d4 T fdt_find_or_add_subnode
8780f514 T fdt_root
8780f574 T fdt_initrd
8780f688 T fdt_chosen
8780f6f4 T do_fixup_by_path
8780f728 T fdt_fixup_memory_banks
8780f810 T fdt_fixup_memory
8780f828 T fdt_fixup_ethernet
8780f930 T fdt_shrink_to_minimum
8780f9be T fdt_increase_size
8780f9d0 T fdt_translate_address
8780f9dc T miiphy_get_dev_by_name
8780fa10 T miiphy_init
8780fa28 T mdio_alloc
8780fa44 T mdio_free
8780fa48 T mdio_register
8780fa94 T mdio_unregister
8780fab8 t usb_set_maxpacket_ep
8780fb0e T usb_int_msg
8780fb1c T usb_control_msg
8780fb88 t usb_get_descriptor
8780fbc0 t get_descriptor_len
8780fc20 t usb_setup_descriptor
8780fca4 t usb_get_string
8780fcf4 t usb_string_sub
8780fd84 T usb_bulk_msg
8780fdce T usb_maxpacket
8780fde2 T usb_clear_halt
8780fe44 T usb_get_configuration_len
8780fe94 T usb_get_configuration_no
8780feb0 T usb_set_interface
8780ff24 T usb_string
8780ffc0 T usb_select_config
878102d8 T usb_setup_device
8781037c W board_usb_init
87810380 W board_usb_cleanup
87810384 T usb_device_has_child_on_port
87810388 T usb_find_usb2_hub_address_port
878103d4 t usb_set_port_feature
87810402 t usb_clear_port_feature
87810430 t usb_get_hub_descriptor
87810472 W usb_hub_reset_devices
87810474 T usb_hub_is_root_hub
87810484 T usb_get_port_status
878104f4 T usb_hub_port_connect_change
878105ec t usb_hub_configure
878109d8 T usb_hub_scan
878109e6 t usb_hub_post_probe
878109ea t usb_stor_irq
878109fc t usb_stor_BBB_reset
87810a90 t usb_stor_CB_reset
87810b18 t usb_stor_BBB_clear_endpt_stall.isra.0
87810b44 t usb_stor_BBB_transport
87810cf4 t usb_stor_CB_comdat
87810e4c t usb_stor_CBI_get_status.isra.0
87810ed0 t usb_stor_CB_transport
8781102c t usb_request_sense.constprop.0
87811078 t usb_stor_read
87811174 t usb_stor_write
87811270 T usb_stor_info
878112b8 T usb_stor_reset
878112c4 T usb_stor_scan
878112f4 T usb_storage_probe
8781146c T usb_stor_get_info
87811690 t usb_mass_storage_probe
87811790 T iomux_doenv
878118b8 W splash_screen_prepare
878118f8 T splash_get_pos
8781194c T splash_display_banner
87811988 T splash_display
878119dc t delete_char.part.0
87811a60 t cread_add_char
87811ae0 T cli_readline_into_buffer
87812138 T cli_readline
87812148 t console_tstc
878121a8 t console_putc
878121e0 t console_puts
87812218 t on_console
87812288 T serial_printf
878122ba T puts
878122dc T putc
87812300 t console_getc.isra.0
87812318 T tstc
87812334 T getc
87812368 T fputs
87812374 T ctrlc
878123a8 T confirm_yesno
8781242c T disable_ctrlc
8781243c T had_ctrlc
87812448 T clear_ctrlc
87812454 T search_device
8781246c T console_assign
878124f0 T console_init_f
878124fc T stdio_print_current_devices
87812574 T console_init_r
87812680 T sbrk
878126c0 T mem_malloc_init
878126e8 t malloc_trim
8781276c t free
878128d4 t malloc
87812cfc t calloc
87812d98 t realloc
87813068 t memalign
8781317e T initf_malloc
87813192 t alloc_simple
878131cc T malloc_simple
878131d2 T memalign_simple
878131dc t on_loadaddr
878131f8 T image_check_hcrc
87813222 T image_check_dcrc
87813244 T image_multi_count
87813256 T image_multi_getimg
878132a0 T env_get_bootm_low
878132c0 T env_get_bootm_size
87813304 T env_get_bootm_mapsize
87813324 T memmove_wd
87813330 T genimg_print_size
87813354 T get_table_entry
87813366 T get_table_entry_name
87813378 T genimg_get_os_name
8781338c T genimg_get_arch_name
878133a0 T genimg_get_type_name
878133b4 T image_decomp
87813450 T genimg_get_comp_name
87813464 T image_print_contents
87813578 T genimg_get_kernel_addr_fit
8781358c T genimg_get_format
878135bc T genimg_has_config
878135c0 T boot_get_ramdisk
878137a8 T boot_ramdisk_high
87813864 T boot_get_setup
8781386a T image_setup_linux
878138a0 t append_kernel_cmdline
87813b04 T android_image_get_kernel
87813cdc T android_image_check_header
87813cec T android_image_get_end
87813dd4 T android_image_get_kload
87813e14 T android_image_get_kcomp
87813e54 T android_image_get_ramdisk
87813f18 T android_image_get_second
87814000 T android_print_contents
87814310 t fdt_error
87814334 T boot_fdt_add_mem_rsv_regions
87814430 T boot_relocate_fdt
8781453c T boot_get_fdt
87814740 W ft_verify_fdt
87814744 T image_setup_libfdt
87814814 W get_effective_memsize
8781481a t nulldev_putc
8781481c t nulldev_puts
8781481e t nulldev_input
87814822 t stdio_serial_tstc
87814826 t stdio_serial_getc
8781482a t stdio_serial_puts
87814830 t stdio_serial_putc
87814838 T stdio_get_list
87814840 T stdio_get_by_name
878148e4 T stdio_clone
87814908 T stdio_register_dev
8781493c T stdio_register
87814944 T stdio_deregister_dev
878149ec T stdio_deregister
87814a08 T stdio_init_tables
87814a1c T stdio_add_devices
87814aac T run_command
87814aba T run_command_list
87814b00 T do_run
87814b4c T cli_process_fdt
87814b7c T cli_secure_boot_cmd
87814bc8 T cli_loop
87814bd6 T cli_init
87814bda T find_cmd_tbl
87814c40 T find_cmd
87814c5c T cmd_usage
87814c98 T _do_help
87814da0 T var_complete
87814df0 T complete_subcmdv
87814efc T cmd_auto_complete
8781517c T cmd_get_data_size
878151b0 T cmd_always_repeatable
878151c0 T cmd_never_repeatable
878151d0 T cmd_process
878152a8 T cmd_process_error
878152c4 t hex1_bin
878152f0 t hex2_bin
87815314 T srec_decode
878154a4 t CYGACC_COMM_IF_GETC_TIMEOUT.isra.0
878154d2 t xyzModem_flush
878154e8 t xyzModem_get_hdr
87815650 T xyzModem_stream_open
878157bc T xyzModem_stream_read
87815964 T xyzModem_stream_close
878159a4 T xyzModem_stream_terminate
87815a0c T xyzModem_error
87815a24 t part_driver_lookup_type
87815a68 T blk_get_dev
87815a80 T dev_print
87815c04 T part_init
87815c3c T part_print
87815cf4 T part_get_info
87815d2c T part_get_info_whole_disk
87815d64 T blk_get_device_by_str
87815e20 T blk_get_device_part_str
8781605c T part_set_generic_name
87816094 t test_block_type
8781610c t print_partition_extended
878162b0 T part_print_dos
878162d0 t part_test_dos
87816328 t part_get_info_extended
87816500 T part_get_info_dos
8781651c t print_efiname
87816558 t part_test_efi
878165d0 t validate_gpt_header
87816770 t is_gpt_valid
878169e0 t is_pte_valid
87816a18 t find_valid_gpt
87816a60 T part_print_efi
87816c10 T part_get_info_efi
87816d44 T get_disk_guid
87816da8 T write_gpt_table
8781711c T gpt_fill_pte
87817378 T gpt_fill_header
87817520 T gpt_restore
878175e8 T gpt_verify_headers
87817640 T gpt_verify_partitions
878177b8 T is_valid_gpt_buf
8781785c T write_backup_gpt_partitions
87817aa4 t device_bind_common.isra.0
87817cb0 t alloc_priv
87817ce8 T device_bind_with_driver_data
87817cfe T device_bind
87817d1a T device_bind_by_name
87817d5e T device_ofdata_to_platdata
87817e00 T device_probe
87817ef8 T dev_get_platdata
87817f18 T dev_get_parent_platdata
87817f38 T dev_get_uclass_platdata
87817f58 T dev_get_priv
87817f78 T dev_get_uclass_priv
87817f98 T dev_get_parent_priv
87817fb8 T device_find_first_child
87817fca T device_find_next_child
87817fe0 T dev_get_parent
87817fe4 T dev_get_driver_data
87817fe8 T dev_get_driver_ops
87817ff0 T device_get_uclass_id
87817ff8 T dev_get_uclass_name
87818002 T device_has_active_children
87818026 T device_is_last_sibling
87818038 T device_set_name_alloced
87818044 T devfdt_get_addr_index
878180b8 T devfdt_get_addr_size_index
878180e4 T devfdt_get_addr
878180ec T lists_driver_lookup_name
87818118 T lists_uclass_lookup
87818138 T lists_bind_drivers
87818198 T device_bind_driver_to_node
878181c4 T device_bind_driver
878181d8 T lists_bind_fdt
878182d4 t dm_scan_fdt_node
87818370 t dm_scan_fdt_ofnode_path
87818394 T dm_root
878183b0 T dm_init
878183fc T dm_remove_devices_flags
87818410 T dm_scan_platdata
87818430 T dm_scan_fdt_dev
8781844c T dm_scan_fdt
87818460 T dm_extended_scan_fdt
8781848c W dm_scan_other
87818490 T dm_init_and_scan
878184bc T uclass_find
878184ea T uclass_get
87818594 T dev_get_uclass_index
878185ca T uclass_find_device
8781860c T uclass_find_first_device
8781862e T uclass_find_next_device
87818646 T uclass_find_device_by_name
8781868c T uclass_find_device_by_seq
878186d8 T uclass_find_device_by_ofnode
8781871a T uclass_find_device_by_phandle
8781877a T uclass_get_device_tail
87818790 T uclass_get_device
878187ac T uclass_get_device_by_name
878187c8 T uclass_get_device_by_seq
878187fc T uclass_get_device_by_ofnode
87818818 T uclass_get_device_by_phandle_id
87818864 T uclass_get_device_by_phandle
87818880 T uclass_first_device
8781889e T uclass_first_device_err
878188b4 T uclass_next_device
878188d6 T uclass_next_device_err
878188ec T uclass_first_device_check
8781890a T uclass_next_device_check
87818924 T uclass_bind_device
8781895e T uclass_unbind_device
87818984 T uclass_resolve_seq
878189ec T uclass_pre_probe_device
87818a1a T uclass_post_probe_device
87818a48 T uclass_pre_remove_device
87818a56 T dm_warn
87818a70 T dm_ofnode_pre_reloc
87818ab0 t devm_kmalloc_release
87818ab2 t devm_kmalloc_match
87818aba t release_nodes
87818b06 T _devres_alloc
87818b20 T devres_free
87818b54 T devres_add
87818ba8 T devres_find
87818be4 T devres_remove
87818c06 T devres_destroy
87818c1c T devres_release_probe
87818c26 T devres_release_all
87818c30 T devm_kmalloc
87818c50 T devm_kfree
87818c88 T device_unbind
87818d24 T device_chld_unbind
87818d60 T device_free
87818db4 T device_remove
87818e90 T device_chld_remove
87818ecc t simple_bus_post_bind
87818f00 t show_devices
87818fb8 T dm_dump_all
87818fe8 T dm_dump_uclass
87819088 T dm_dump_drivers
87819110 T ofnode_read_u32
8781913e T ofnode_read_u32_default
87819150 T ofnode_read_prop
8781917a T ofnode_read_string
8781919a T ofnode_read_size
878191b2 T ofnode_find_subnode
878191c8 T ofnode_read_u32_array
878191e0 t decode_timing_property
8781921e T ofnode_first_subnode
87819230 T ofnode_next_subnode
87819242 T ofnode_get_parent
87819250 T ofnode_get_name
87819264 T ofnode_get_by_phandle
87819272 T ofnode_stringlist_search
87819298 T ofnode_parse_phandle_with_args
878192da T ofnode_path
878192ec T ofnode_get_property
87819300 T ofnode_read_bool
87819310 T ofnode_decode_display_timing
878194e0 T ofnode_is_available
878194f4 T ofnode_read_u8_array_ptr
87819508 T ofnode_pre_reloc
87819548 t spi_flash_post_bind
8781954c T spi_flash_read_dm
8781955a T spi_flash_write_dm
87819568 T spi_flash_erase_dm
87819570 T spi_flash_probe_bus_cs
878195c0 t spi_flash_std_remove
878195c4 t spi_flash_std_write
878195e6 t spi_flash_std_read
87819608 T spi_flash_std_probe
87819654 t spi_flash_std_get_sw_write_prot
87819664 t spi_flash_std_erase
878196b8 t read_sr
878196d4 t write_enable
878196e6 t write_disable
878196f8 t clean_bar
8781972c t write_bar
87819768 t stm_get_locked_range
878197d4 t spi_nor_read
87819846 t spi_nor_write_data
878198ca t spi_nor_read_data
87819954 t spi_nor_wait_till_ready_with_timeout.constprop.0
87819a1c t spi_nor_read_reg
87819a52 t spi_nor_write_reg
87819a8a t stm_is_locked
87819aec t spi_nor_write
87819bee t spi_nor_erase
87819cc0 t write_sr_and_check.constprop.0
87819d0e t stm_is_locked_sr
87819d68 t stm_lock
87819f4a t stm_is_unlocked_sr
87819fa0 t stm_unlock
8781a150 T spi_nor_scan
8781a704 T spi_flash_cmd_get_sw_write_prot
8781a714 t pinconfig_post_bind
8781a7ac t pinctrl_post_bind
8781a7c4 T pinctrl_select_state
8781a89c T pinctrl_get_pins_count
8781a8ac T pinctrl_get_pin_name
8781a8d0 T pinctrl_get_pin_muxing
8781a8e8 t imx_pinctrl_set_state
8781ab10 T imx_pinctrl_probe
8781abcc T imx_pinctrl_remove
8781abd6 t imx6_pinctrl_probe
8781abea t get_desc
8781ac54 t blk_post_probe
8781ac64 T blk_get_if_type_name
8781ac70 T blk_get_devnum_by_typename
8781acf4 T blk_list_part
8781ad32 T blk_print_part_devnum
8781ad58 T blk_list_devices
8781ad94 T blk_print_device_num
8781adbc T blk_show_device
8781ae10 T blk_select_hwpart
8781ae26 T blk_dselect_hwpart
8781ae2c T blk_first_device
8781ae62 T blk_next_device
8781ae90 T blk_find_device
8781aee0 T blk_get_device
8781aef6 T blk_get_devnum_by_type
8781af10 T blk_select_hwpart_devnum
8781af28 T blk_dread
8781af92 T blk_read_devnum
8781afb0 T blk_dwrite
8781afec T blk_write_devnum
8781b00a T blk_derase
8781b03a T blk_get_from_parent
8781b06c T blk_find_max_devnum
8781b0b2 T blk_next_free_devnum
8781b0ca T blk_create_device
8781b1b0 T blk_create_devicef
8781b21c T blkcache_read
8781b2b0 T blkcache_fill
8781b370 T blkcache_invalidate
8781b3d0 T blkcache_configure
8781b42c T blkcache_stats
8781b444 T fastboot_response
8781b484 T fastboot_fail
8781b498 T fastboot_okay
8781b4b4 T fastboot_boot
8781b514 T fastboot_init
8781b550 t mmc_sparse_reserve
8781b554 t mmc_sparse_write
8781b5dc t get_fastboot_target_dev
8781b694 T write_backup_gpt
8781b6f8 t process_flash_blkdev
8781b9a0 T fastboot_process_erase
8781bb00 T fastboot_process_flash
8781bb34 t okay
8781bb3c t upload
8781bbac t download
8781bc1c t getvar
8781bc20 t run_acmd
8781bc78 t flash
8781bcb0 t reboot_bootloader
8781bcb8 t erase
8781bcdc t run_ucmd
8781bd1c T fastboot_run_bootmode
8781bd28 T fastboot_data_remaining
8781bd44 T fastboot_data_download
8781bdb4 T fastboot_data_complete
8781bdf4 T fastboot_acmd_complete
8781be00 T fastboot_handle_command
8781be74 t fastboot_puts
8781bed0 t fastboot_putc
8781bef8 T get_block_size
8781bf48 T fastboot_none_resp
8781bf50 T board_fastboot_setup
8781c290 T fastboot_setup
8781c33c t strcmp_l1
8781c35c T get_serial
8781c38c t get_single_var
8781c6f4 T fastboot_getvar
8781c9f4 t bootloader_mmc_offset
8781cb84 T bootloader_gpt_overlay
8781cbac T fastboot_flash_add_ptn
8781cbd4 t _fastboot_parts_load_from_ptable
8781cdf4 T fastboot_load_partitions
8781ce04 T fastboot_flash_dump_ptn
8781ce40 T fastboot_flash_find_ptn
8781ce94 T fastboot_parts_is_raw
8781cee8 T fastboot_parts_get_name
8781cf94 T fastboot_parts_is_slot
8781cfe8 t finish_access
8781d010 t wait_busy
8781d02c t prepare_access
8781d0a8 t setup_direct_access
8781d188 T fuse_bank_physical
8781d21c T fuse_word_physical
8781d254 T fuse_read
8781d2ac T fuse_sense
8781d344 T fuse_prog
8781d390 T fuse_override
8781d3e4 t mmc_send_ext_csd
8781d414 t mmc_send_op_cond_iter
8781d458 t mmc_go_idle
8781d48a t mmc_set_capacity
8781d4f8 t mmc_read_and_compare_ext_csd
8781d570 t mmc_power_on.isra.0
8781d590 T mmc_mode_name
8781d5a8 T mmc_send_status
8781d5e4 t __mmc_switch.constprop.0
8781d69c t mmc_set_card_speed.constprop.0
8781d704 T mmc_poll_for_busy
8781d77c T mmc_set_blocklen
8781d7c0 T mmc_bread
8781d8a8 T mmc_switch
8781d8ac t mmc_startup_v4
8781db54 T mmc_switch_part
8781dbac T mmc_hwpart_config
8781de98 T mmc_set_clock
8781deb8 t mmc_startup
8781e764 T mmc_dump_capabilities
8781e768 T mmc_get_op_cond
8781e948 T mmc_start_init
8781e98c T mmc_init
8781ea32 T mmc_set_dsr
8781ea38 T mmc_initialize
8781eab4 t mmc_blk_probe
8781eac8 T dm_mmc_set_ios
8781ead8 T mmc_set_ios
8781eae0 T dm_mmc_wait_dat0
8781eaf0 T mmc_wait_dat0
8781eaf8 T dm_mmc_get_wp
8781eb08 T mmc_getwp
8781eb10 T dm_mmc_get_cd
8781eb20 T mmc_getcd
8781eb28 T dm_mmc_host_power_cycle
8781eb36 T mmc_host_power_cycle
8781eb3e T dm_mmc_deferred_probe
8781eb4c T mmc_deferred_probe
8781eb54 T mmc_of_parse
8781ed50 T mmc_get_mmc_dev
8781ed66 T dm_mmc_send_cmd
8781ed8c T mmc_send_cmd
8781ed94 t mmc_select_hwpart
8781eddc T find_mmc_device
8781ee0c T get_mmc_num
8781ee1c T mmc_get_blk_desc
8781ee36 T mmc_do_preinit
8781ee70 T print_mmc_devices
8781ef08 T mmc_bind
8781ef88 T mmc_berase
8781f0a4 T mmc_bwrite
8781f1b0 T mmc_boot_partition_size_change
8781f22c T mmc_set_boot_bus_width
8781f23e T mmc_set_part_conf
8781f25e T mmc_set_rst_n_function
8781f268 t fsl_esdhc_get_cd
8781f2ae t fsl_esdhc_bind
8781f2c6 t fsl_esdhc_set_ios
8781f3e0 t check_and_invalidate_dcache_range.isra.0
8781f404 t fsl_esdhc_send_cmd
8781f748 W init_clk_usdhc
8781f74c t fsl_esdhc_probe
8781fad8 t console_normal_set_row
8781fb34 t console_normal_putc_xy
8781fc04 t console_normal_probe
8781fc2c t console_normal_move_rows
8781fc5a T backlight_enable
8781fc6a T backlight_set_brightness
8781fc7a T panel_enable_backlight
8781fc8a T panel_get_display_timing
8781fc9a t simple_panel_set_backlight
8781fcb8 t simple_panel_enable_backlight
8781fcd4 t simple_panel_ofdata_to_platdata
8781fd28 t simple_panel_probe
8781fd3e t alloc_fb
8781fd68 t video_pre_remove
8781fd78 t video_pre_probe
8781fd98 t video_post_bind
8781fddc T video_set_flush_dcache
8781fdea T video_reserve
8781fe18 T video_clear
8781fe5c T video_set_default_colors
8781fe8c t video_post_probe
8781ff20 T video_sync
8781ff44 T video_sync_all
8781ff6c T video_get_xsize
8781ff76 T video_get_ysize
8781ff80 t set_cursor_position
8781ffa8 t vidconsole_pre_probe
8781ffc2 t parsenum
8781ffd8 t vidconsole_post_probe
8782002c T vidconsole_putc_xy
87820044 T vidconsole_move_rows
8782005c T vidconsole_set_row
8782006c t vidconsole_newline
878200c4 T vid_console_color
87820114 T vidconsole_put_char
8782048c t vidconsole_putc
878204a2 t do_video_puts
878204de T vidconsole_put_string
878204fa t vidconsole_puts
87820510 T vidconsole_position_cursor
87820552 t do_video_setcursor
87820596 W fb_put_byte
878205a8 W fb_put_word
878205cc T video_bmp_display
87820a80 T ofnode_get_child_by_name
87820ab8 T ofnode_graph_get_next_endpoint
87820b2c T ofnode_graph_get_remote_endpoint
87820b60 T ofnode_graph_get_port_parent
87820b9c T ofnode_graph_get_remote_port_parent
87820baa T find_device_by_ofnode
87820bfc t video_link_add_node
87820cc4 T video_link_get_next_device
87820d3c T video_link_get_video_device
87820d90 t list_videolink
87820e40 t do_videolink
87820e60 T video_link_get_display_timings
87820f40 T video_link_init
87820fd8 T video_link_shut_down
87820fec t mxs_video_bind
87821000 t mxs_video_remove
87821068 W mxsfb_system_setup
8782106c t mxs_video_probe
87821318 W reset_cpu
87821334 T thermal_get_temp
87821348 t read_cpu_temperature
8782145c T imx_thermal_get_temp
878214b0 t imx_thermal_probe
8782152c t gen_74x164_direction_input
87821532 t gen_74x164_get_function
87821536 t gen_74x164_xlate
87821548 t gen_74x164_get_value
87821568 t gen_74x164_write_conf
8782159c t gen_74x164_set_value
878215d4 t gen_74x164_direction_output
878215d8 t gen_74x164_probe
87821688 t gpio_post_bind
8782168c t get_function
878216ea t gpio_to_device
87821734 t check_reserved
87821780 t gpio_renumber
878217c6 t gpio_pre_remove
878217f6 t gpio_post_probe
8782181c T dm_gpio_lookup_name
878218bc T gpio_lookup_name
878218f8 T gpio_xlate_offs_flags
8782191e T dm_gpio_request
87821980 t dm_gpio_requestf
878219aa T gpio_request
878219c2 T _dm_gpio_free
87821a04 T gpio_free
87821a1c T gpio_direction_input
87821a48 T gpio_direction_output
87821a74 T dm_gpio_get_value
87821aa0 T dm_gpio_set_value
87821ad4 T dm_gpio_set_dir_flags
87821b2c t gpio_request_tail
87821bbc t _gpio_request_by_name_nodev
87821c0c T gpio_get_value
87821c22 T gpio_get_bank_info
87821c32 T gpio_get_function
87821c3a T gpio_get_raw_function
87821c44 T gpio_get_status
87821d00 T gpio_request_by_name_nodev
87821d18 T gpio_request_by_name
87821d6c T dm_gpio_free
87821d76 T gpio_free_list
87821d9e T gpio_free_list_nodev
87821da8 T gpio_request_list_by_name_nodev
87821df8 T gpio_request_list_by_name
87821dfe t mxc_gpio_bind
87821e02 t mxc_gpio_get_function
87821e22 t mxc_gpio_get_value
87821e3a t mxc_gpio_direction_input
87821e5e t mxc_gpio_ofdata_to_platdata
87821e84 t mxc_gpio_probe
87821ed0 t mxc_gpio_direction_output
87821f0c t mxc_gpio_set_value
87821f38 t i2c_setup_offset
87821f7a t i2c_probe_chip
87821fc0 T i2c_uclass_init
87821fe0 t i2c_pre_probe
87822028 t i2c_post_bind
87822046 T dm_i2c_read
87822128 T dm_i2c_write
87822260 T i2c_get_chip
87822300 T dm_i2c_probe
87822324 T dm_i2c_set_bus_speed
8782234c t i2c_post_probe
87822378 T dm_i2c_get_bus_speed
87822394 T i2c_set_chip_flags
878223bc T i2c_get_chip_flags
878223cc T i2c_set_chip_offset_len
878223e2 T i2c_get_chip_offset_len
878223ec T i2c_deblock
878224e8 T i2c_chip_ofdata_to_platdata
87822520 t i2c_child_post_bind
87822540 t wait_for_sr_state
87822604 t tx_byte
87822644 t i2c_imx_stop
87822688 t mxc_i2c_set_bus_speed
87822708 T __i2c_force_reset_slave
87822708 W i2c_force_reset_slave
8782270c T i2c_idle_bus
87822800 t i2c_init_transfer.constprop.0
87822964 t mxc_i2c_xfer
87822b42 t mxc_i2c_probe_chip
87822b64 t mxc_i2c_probe
87822c34 T eth_phy_binds_nodes
87822c84 T eth_phy_set_mdio_bus
87822cb0 T eth_phy_get_mdio_bus
87822cfc t fec_reg_setup
87822d48 t fecmxc_free_pkt
87822d56 t fec_free_descs
87822d80 t fec_phy_write
87822de0 t fec_phy_read
87822e4c t fecmxc_set_hwaddr
87822ec2 t fecmxc_read_rom_hwaddr
87822f06 t fecmxc_halt
87822f60 t fecmxc_ofdata_to_platdata
87823024 t fecmxc_remove
87823054 t fecmxc_send
87823140 t fec_mii_setspeed.isra.0
87823194 t fecmxc_init
878233fc t fecmxc_recv
87823598 T fec_get_miibus
87823608 t fecmxc_probe
87823844 T genphy_shutdown
87823848 T genphy_restart_aneg
87823892 T genphy_config_aneg
87823a74 T genphy_config
87823b18 T genphy_update_link
87823c10 T genphy_parse_link
87823d5a T genphy_startup
87823d70 T phy_register
87823d88 T genphy_init
87823d94 T phy_init
87823da2 W get_phy_id
87823de0 t get_phy_device_by_mask
87823fd8 T phy_reset
87824088 T phy_find_by_mask
878240ac T phy_connect_dev
878240dc T phy_connect
87824118 T phy_startup
87824124 T phy_config
87824128 T phy_get_interface_by_name
87824150 t smsc_startup
87824194 T phy_smsc_init
878241d8 t regulator_post_bind
8782424c T regulator_get_value
87824268 T regulator_get_enable
87824284 T regulator_set_enable
878242fc t regulator_pre_probe
87824428 T device_get_supply_regulator
87824434 T regulator_common_ofdata_to_platdata
8782449c T regulator_common_get_enable
878244ac T regulator_common_set_enable
878244f4 t fixed_regulator_set_enable
8782450c t fixed_regulator_get_enable
87824520 t fixed_regulator_get_current
8782453e t fixed_regulator_get_value
8782455c t fixed_regulator_ofdata_to_platdata
8782458c t gpio_regulator_set_enable
878245a4 t gpio_regulator_get_enable
878245b8 t gpio_regulator_set_value
87824608 t gpio_regulator_get_value
87824644 t gpio_regulator_ofdata_to_platdata
878246c4 t serial_stub_start
878246ca t serial_stub_stop
878246d0 t serial_stub_putc
878246d8 t serial_stub_puts
878246e0 t serial_stub_getc
878246e6 t serial_stub_tstc
878246ec t get_current
87824714 W atmel_serial_initialize
87824714 W mcf_serial_initialize
87824714 W mpc85xx_serial_initialize
87824714 W mtk_serial_initialize
87824714 W ns16550_serial_initialize
87824714 W pl01x_serial_initialize
87824714 W pxa_serial_initialize
87824714 W sh_serial_initialize
87824714 W xen_debug_serial_initialize
87824714 W xen_serial_initialize
87824714 t serial_null
87824718 T serial_register
87824728 T serial_stdio_init
8782478c T serial_assign
878247b8 T serial_initialize
878247f2 T serial_init
8782480c T serial_setbrg
8782481c t on_baudrate
878248b8 T serial_getc
878248c6 T serial_tstc
878248d4 T serial_putc
878248e6 T serial_puts
878248f8 T default_serial_puts
87824914 t mxc_serial_getc
87824934 t mxc_serial_putc
87824960 t mxc_serial_tstc
878249b0 t mxc_serial_setbrg
87824a0c t mxc_serial_init
87824a78 T mxc_serial_initialize
87824a84 W default_serial_console
87824a8c t spi_child_pre_probe
87824ab0 t spi_post_probe
87824ad0 T dm_spi_claim_bus
87824b7c T dm_spi_release_bus
87824b8a T dm_spi_xfer
87824bb4 T spi_claim_bus
87824bba T spi_release_bus
87824bc0 T spi_xfer
87824bc8 T spi_find_chip_select
87824c20 T spi_find_bus_and_cs
87824c50 T spi_get_bus_and_cs
87824d44 T spi_slave_ofdata_to_platdata
87824e50 t spi_child_post_bind
87824e6e t soft_spi_release_bus
87824e72 t soft_spi_set_speed
87824e76 t soft_spi_set_mode
87824e84 t soft_spi_scl
87824e9c t soft_spi_claim_bus
87824ea2 t soft_spi_xfer
87824fd4 t soft_spi_ofdata_to_platdata
87824ff4 t soft_spi_probe
878250a8 t spi_check_buswidth_req.isra.0
878250f8 T spi_mem_default_supports_op
8782514e T spi_mem_supports_op
87825174 T spi_mem_exec_op
878252a4 T spi_mem_adjust_op_size
87825300 t fsl_qspi_set_speed
87825304 t fsl_qspi_child_pre_probe
87825324 t fsl_qspi_ofdata_to_platdata
87825400 t qspi_read32
8782540c t qspi_write32
87825416 t fsl_qspi_set_mode
8782541c T qspi_xfer
87825a18 t fsl_qspi_xfer
87825a3a T qspi_module_disable
87825a60 t fsl_qspi_release_bus
87825a72 t fsl_qspi_claim_bus
87825adc T qspi_cfg_smpr
87825b04 t fsl_qspi_probe
87826068 T usb_get_dr_mode
878260b0 T usb_ether_register
8782616e T usb_ether_deregister
87826174 T usb_ether_receive
878261e4 T usb_ether_advance_rxbuf
878261fa T usb_ether_get_rx_bytes
87826210 T asix_eth_stop
87826214 t asix_send_common
87826278 T asix_eth_send
87826290 T asix_eth_recv
8782630e t asix_free_pkt
87826328 t asix_write_cmd.isra.0
8782635e t asix_write_hwaddr_common
8782638a T asix_write_hwaddr
878263b2 t asix_mdio_write
87826404 t asix_sw_reset
8782642c t asix_read_cmd.isra.0
87826466 t asix_mdio_read
878264b8 t asix_read_rx_ctl
878264e2 t asix_eth_probe
878266f0 t asix_eth_start
87826784 T usb_ep_autoconfig
878268c8 T usb_ep_autoconfig_reset
878268f0 T usb_descriptor_fillbuf
87826928 T usb_gadget_get_string
87826a0c t ci_ep_disable
87826a16 t ci_ep_dequeue
87826a60 t ci_udc_gadget_start
87826a80 t ci_ep_free_request
87826ab0 t ci_udc_gadget_stop
87826ad8 t ci_ep_alloc_request
87826b18 t ci_udc_otg_ofdata_to_platdata
87826b5c t ci_udc_otg_remove
87826b80 t ci_flush_qh
87826b94 t stop_activity
87826c10 t ci_flush_qtd
87826c24 t ci_udc_probe
87826e00 t ci_udc_otg_probe
87826fcc t ep_enable
87827010 t ci_ep_enable
87827050 t ci_ep_submit_next_request
87827190 t ci_ep_queue
87827240 W ci_init_after_reset
87827244 T udc_irq
878275b8 T ci_udc_handle_interrupts
878275d4 t ci_udc_gadget_handle_interrupts
878275d8 T udc_disconnect
8782760c t ci_pullup
87827664 t count_configs
878276bc t collect_langs
878276ee t composite_setup_complete
878276f0 t count_ext_prop
87827722 t len_ext_prop
8782775c t composite_suspend
878277a0 t composite_resume
878277e4 t g_dnl_unbind
878277f6 t lookup_string
87827820 t composite_unbind
878278d0 t composite_bind
87827a18 t g_dnl_do_config
87827a40 t reset_config.isra.0
87827a70 t composite_disconnect
87827a98 t count_ext_compat
87827b04 t composite_setup
878285a0 T usb_add_function
87828628 T usb_interface_id
87828646 T usb_add_config
878286f0 T usb_string_id
87828708 T usb_composite_register
87828744 T usb_composite_unregister
87828764 T g_dnl_set_serialnumber
87828788 t on_serialno
87828794 W g_dnl_bind_fixup
87828798 W g_dnl_get_board_bcd_device_number
8782879c t g_dnl_bind
8782888c W g_dnl_board_usb_cable_connected
87828894 T g_dnl_detach
878288a0 T g_dnl_trigger_detach
878288ac T g_dnl_clear_detach
878288b8 T g_dnl_register
878288e4 T g_dnl_unregister
878288f0 W board_usb_gadget_port_auto
878288f6 t raise_exception
87828910 t ep0_queue
87828926 t bulk_in_complete
87828948 t bulk_out_complete
8782896a t fsg_set_alt
8782897c t fsg_disable
8782898c t fsg_setup
87828a28 t fsg_unbind
87828a58 t store_cdrom_address
87828aa8 t fsg_set_halt.isra.0
87828ab0 t start_transfer.isra.0
87828ad0 t halt_bulk_in_endpoint.isra.0
87828af0 t sleep_thread.isra.0
87828b8c t do_read
87828d14 t send_status
87828dc8 t do_write
87829014 t check_command.isra.0
8782911c t do_mode_sense.isra.0
87829204 T fsg_add
87829420 t do_set_interface
878295a8 T fsg_main_thread
8782a358 T usb_copy_descriptors
8782a3a4 t fsg_bind
8782a438 T fsg_init
8782a454 t fastboot_start_ep
8782a490 t fastboot_add
8782a504 t fastboot_disable
8782a54c t fastboot_complete
8782a564 t do_acmd_complete
8782a56e t compl_do_reset
8782a57a t do_exit_on_complete
8782a57e t do_bootm_on_complete
8782a58c t fastboot_unbind
8782a5c4 t fastboot_bind
8782a704 t fastboot_fifo_complete
8782a73c t rx_bytes_expected.isra.0
8782a774 t fastboot_set_alt
8782a854 T fastboot_tx_write_more
8782a8f8 T fastboot_tx_write
8782a940 t fastboot_tx_write_str
8782a954 t rx_handler_command
8782aa48 t rx_handler_dl_image
8782aac8 t usb_gadget_remove_driver
8782aaf6 t usb_udc_release
8782aafc T usb_add_gadget_udc_release
8782ab40 T usb_add_gadget_udc
8782ab48 T usb_del_gadget_udc
8782ab94 T usb_gadget_probe_driver
8782ac40 T usb_gadget_register_driver
8782ac44 T usb_gadget_unregister_driver
8782ac88 T usb_gadget_initialize
8782ace4 T usb_gadget_release
8782ad0c T usb_gadget_handle_interrupts
8782ad38 t usb_match_device
8782adb4 t usb_child_post_bind
8782ae04 t usb_match_one_id_intf.isra.0
8782ae54 t remove_inactive_children.isra.0
8782ae9a T usb_lock_async
8782aeb0 T usb_disable_asynch
8782aec4 T submit_int_msg
8782aef2 T submit_control_msg
8782af40 T submit_bulk_msg
8782af64 T usb_alloc_device
8782af78 T usb_reset_root_port
8782af8e T usb_update_hub_device
8782afa4 T usb_get_max_xfer_size
8782afb8 T usb_stop
8782b01c T usb_get_bus
8782b034 T usb_scan_device
8782b1fc t usb_scan_bus.isra.0
8782b248 T usb_init
8782b354 T usb_child_pre_probe
8782b39a t ehci_get_port_speed
8782b3a0 t ehci_set_usbmode
8782b3b8 t ehci_get_portsc_register
8782b3d4 t ehci_get_max_xfer_size
8782b3de t ehci_powerup_fixup
8782b3e6 t handshake
8782b418 t ehci_td_buffer
8782b470 t ehci_shutdown
8782b510 t _ehci_poll_int_queue
8782b594 t ehci_poll_int_queue
8782b59c t ehci_disable_async.part.0
8782b5e0 t disable_periodic.isra.0
8782b61c t enable_periodic.isra.0
8782b660 t ehci_get_ctrl.isra.0
8782b670 t _ehci_destroy_int_queue
8782b714 t ehci_destroy_int_queue
8782b71c t ehci_update_endpt2_dev_n_port.isra.0
8782b760 t ehci_submit_async
8782bb80 t ehci_submit_bulk_msg
8782bba4 t _ehci_create_int_queue.isra.0
8782be34 t ehci_create_int_queue
8782be48 t ehci_submit_int_msg
8782bec8 t ehci_submit_control_msg
8782c2a8 t ehci_lock_async
8782c2cc T ehci_register
8782c550 T ehci_deregister
8782c564 T ehci_usb_remove
8782c590 t mx6_init_after_reset
8782c694 t ehci_mx6_powerup_fixup
8782c6c4 t ehci_usb_probe
8782c9fc t ehci_usb_bind
8782ca1c W board_ehci_usb_phy_mode
8782ca20 t ehci_usb_ofdata_to_platdata
8782ca8c W board_ehci_hcd_init
8782ca90 T ehci_mx6_common_init
8782cbf0 T env_get_yesno
8782cc1a T env_get_default
8782cc44 T env_set_default
8782ccb0 T env_set_default_vars
8782ccdc T env_import
8782cd68 T env_export
8782cdbc T env_relocate
8782cde4 T env_complete
8782cef4 W env_get_location
8782cf04 t env_driver_lookup
8782cf34 W env_get_char_spec
8782cf3c T env_get_char
8782cf50 T env_load
8782cfbc T env_save
8782d014 T env_init
8782d06c W env_get_offset
8782d070 t regex_callback
8782d148 T env_attr_walk
8782d1fc T env_attr_lookup
8782d248 t skip_num
8782d284 t clear_flags
8782d28c t on_flags
8782d2c4 T env_flags_parse_vartype
8782d2f4 T env_flags_parse_varaccess
8782d324 t set_flags
8782d38c T eth_validate_ethaddr_str
8782d3e0 T env_flags_init
8782d470 T env_flags_validate
8782d5f8 t clear_callback
8782d600 t find_env_callback
8782d638 t on_callbacks
8782d670 t set_callback
8782d6c4 T env_callback_init
8782d73c W mmc_get_env_addr
8782d7d8 t fini_mmc_for_env.isra.0
8782d7f4 t init_mmc_for_env
8782d854 t env_mmc_save
8782d910 t env_mmc_load
8782d9c0 t fs_probe_unsupported
8782d9d4 t fs_ls_unsupported
8782d9da t fs_exists_unsupported
8782d9de t fs_size_unsupported
8782d9e4 t fs_read_unsupported
8782d9ea t fs_close_unsupported
8782d9ec t fs_opendir_unsupported
8782d9f4 t fs_get_info
8782da18 t fs_write_unsupported
8782da1e t fs_mkdir_unsupported
8782da24 t fs_ln_unsupported
8782da2a t fs_uuid_unsupported
8782da30 t fs_unlink_unsupported
8782da38 T fs_get_type
8782da44 T fs_set_blk_dev
8782dab4 T fs_set_blk_dev_with_part
8782db1c T fs_close
8782db34 T fs_ls
8782db54 T fs_exists
8782db74 T fs_size
8782db98 T fs_read
8782dbd8 T fs_write
8782dc38 T fs_opendir
8782dc88 T fs_readdir
8782dcc4 T fs_closedir
8782dcf0 t fs_ls_generic
8782dd68 T fs_unlink
8782dd88 T fs_mkdir
8782dda8 T fs_ln
8782dde0 T do_size
8782de20 T do_load
8782e04c T do_ls
8782e08c T file_exists
8782e0a8 T do_save
8782e1a4 T do_fs_type
8782e1f4 T do_rm
8782e220 T do_mkdir
8782e254 T do_ln
8782e284 T get_fs
8782e28c T ext4fs_free_node
8782e2a8 T ext4fs_ls
8782e304 T ext4fs_exists
8782e318 T ext4fs_size
8782e31c T ext4fs_probe
8782e33c T ext4fs_uuid
8782e35c T ext_cache_init
8782e364 T ext_cache_fini
8782e378 T ext4fs_read_file
8782e5e4 T ext4fs_read
8782e61c T ext4_read_file
8782e66c T ext_cache_read
8782e6bc T ext4fs_get_group_descriptor
8782e6c6 T ext4fs_sb_get_free_blocks
8782e6d6 T ext4fs_sb_set_free_blocks
8782e6e0 T ext4fs_bg_get_free_blocks
8782e6f2 T ext4fs_bg_get_block_id
8782e70e T ext4fs_bg_get_inode_id
8782e72a T ext4fs_bg_get_inode_table_id
8782e746 T ext4fs_div_roundup
8782e75c T put_ext4
8782e878 T ext4fs_set_block_bmap
8782e8e4 T ext4fs_reset_block_bmap
8782e94c T ext4fs_set_inode_bmap
8782e99c T ext4fs_reset_inode_bmap
8782e9e8 T ext4fs_checksum_update
8782ea44 T ext4fs_get_new_blk_no
8782ed10 T ext4fs_get_new_inode_no
8782efc0 T ext4fs_allocate_blocks
8782f3d4 T ext4fs_read_inode
8782f508 T ext4fs_iget
8782f524 T read_allocated_block
8782fb54 T ext4fs_update_parent_dentry
8782fda8 t search_dir
8782fe78 T ext4fs_get_parent_inode_num
87830138 T ext4fs_filename_unlink
87830258 T ext4fs_reinit_global
878302d0 T ext4fs_close
87830308 T ext4fs_iterate_dir
878304fc t ext4fs_find_file1
878306c8 T ext4fs_find_file
8783070c T ext4fs_open
87830770 T ext4fs_mount
87830800 T ext4fs_set_blk_dev
87830854 T ext4fs_devread
8783087c T ext4_read_superblock
878308a4 t ext4fs_update
87830960 T ext4fs_get_bgdtable
878309d8 T ext4fs_deinit
87830ad4 T ext4fs_init
87830cac T ext4fs_write
878318e8 T ext4_write_file
87831930 T ext4fs_create_link
8783194c T ext4fs_dump_metadata
87831988 T ext4fs_free_journal
87831a08 T ext4fs_log_gdt
87831a90 T ext4fs_log_journal
87831b28 T ext4fs_put_metadata
87831bb4 T ext4fs_push_revoke_blk
87831c44 T ext4fs_free_revoke_blks
87831c80 T check_blknr_for_revoke
87831cbc T recover_transaction
87831dac T print_jrnl_status
87831dc0 T ext4fs_check_journal_state
87831fbc T ext4fs_init_journal
87832154 T ext4fs_update_journal
87832388 T ext2fs_crc16
878323ac t downcase
878323d4 t mkcksum
8783240a t fat_itr_child
87832448 t disk_read
87832478 t get_cluster
87832560 t read_bootsectandvi
87832620 t fat_itr_root
87832750 t split_filename
878327d8 t disk_write
87832828 t flush_dirty_fat_buffer
87832880 t get_fatent
87832984 t next_dent
87832a40 t set_fatent_value
87832bb4 t determine_fatent
87832bd8 t clear_fatent
87832c2c t set_name
87832cf8 t set_sectors.isra.0
87832de4 t normalize_longname
87832e3c t fat_itr_next
87832fcc t fat_itr_resolve
878330c0 t flush_dir
878330fc t new_dir_table
8783317c t fill_dir_slot
878332e4 t find_directory_entry
87833344 t set_contents
87833a8c T fat_set_blk_dev
87833b18 T file_fat_detectfs
87833bec T fat_exists
87833c30 T fat_size
87833cac T file_fat_read_at
87833fb4 T fat_read_file
87833fe4 T fat_opendir
87834044 T fat_readdir
87834098 T fat_closedir
878340ae T fat_close
878340b0 T file_fat_write_at
87834284 T file_fat_write
878342a0 T fat_unlink
87834470 T fat_mkdir
878346ec T fs_devread
87834854 t efi_uc_destroy
87834864 t efi_uc_init
87834874 t check_node_type
878348c8 t efi_uc_start
87834954 t efi_uc_supported
878349d8 t disconnect_child
87834a1c t efi_uc_stop
87834ae8 T efi_driver_init
87834ba0 t efi_bl_write
87834bda t efi_bl_read
87834c14 t efi_bl_bind
87834cd8 t get_var.constprop.0
87834d54 T efi_deserialize_load_option
87834d94 t try_load_entry
87834ebc T efi_bootmgr_load
87834fb0 t efi_is_event
87834fd4 T __efi_entry_check
87834ffc T __efi_exit_check
8783501c t efi_process_event_queue
87835078 t efi_queue_event
878350d0 t efi_set_mem
878350ec t efi_copy_mem
87835108 t efi_calculate_crc32
87835138 t efi_set_watchdog_timer
87835150 t efi_get_next_monotonic_count
87835184 t efi_register_protocol_notify
878351e4 t efi_close_event
87835294 t efi_free_pool_ext
878352ac t efi_allocate_pool_ext
878352c8 t efi_get_memory_map_ext
878352ee t efi_free_pages_ext
8783530a t efi_allocate_pages_ext
8783532c t efi_raise_tpl
87835350 T efi_save_gd
8783535c T efi_restore_gd
8783536c T is_valid_tpl
87835390 T efi_signal_event
878353f8 t efi_exit_boot_services
878354d4 t efi_signal_event_ext
87835500 T efi_add_handle
8783551c T efi_create_handle
8783553c T efi_create_event
878355f8 T efi_create_event_ex
8783563c t efi_create_event_ext
87835668 T efi_timer_check
878356d8 t efi_stall
87835714 t efi_check_event
8783576c t efi_wait_for_event
87835808 t efi_restore_tpl
87835830 T efi_set_timer
878358cc t efi_set_timer_ext
878358ec T efi_search_obj
87835908 T efi_search_protocol
8783594c T efi_remove_protocol
87835984 t efi_locate_protocol
87835a28 t efi_open_protocol_information
87835ab4 t efi_locate_handle
87835b94 T efi_locate_handle_buffer
87835c14 t efi_locate_device_path
87835cd8 t efi_locate_handle_ext
87835d00 T efi_remove_all_protocols
87835d38 T efi_delete_handle
87835d5c T efi_close_protocol
87835de0 t efi_delete_image
87835e70 t efi_open_protocol
87836014 t efi_disconnect_controller
87836184 t efi_disconnect_all_drivers
87836278 T efi_start_image
87836338 T efi_handle_protocol
87836358 t efi_bind_controller
878363cc t efi_exit
87836494 t efi_uninstall_protocol
87836518 t efi_uninstall_protocol_interface
87836554 T efi_unload_image
878365d4 t efi_protocols_per_handle
8783664c t efi_connect_controller
87836770 T efi_add_protocol
87836838 t efi_install_protocol_interface
8783687c T efi_install_multiple_protocol_interfaces
8783693c t efi_uninstall_multiple_protocol_interfaces
878369cc t efi_reinstall_protocol_interface
87836a14 T efi_install_configuration_table
87836b10 t efi_install_configuration_table_ext
87836b28 T efi_setup_loaded_image
87836be4 T efi_load_image
87836dc0 T efi_initialize_system_table
87836e10 t efi_cout_enable_cursor
87836e3c t efi_cout_set_cursor_position
87836ea0 t efi_cout_clear_screen
87836ec4 t efi_cout_set_attribute
87836f10 t efi_cout_test_string
87836f20 t efi_cout_reset
87836f54 t efi_cin_set_state
87836f68 t efi_cout_output_string
8783704c t efi_cin_unregister_key_notify
87837094 t efi_cin_empty_buffer
878370ac t efi_cin_reset
878370cc t efi_cin_reset_ex
878370ec t efi_cin_register_key_notify
87837148 t term_get_char
87837174 t efi_cout_set_mode
878371c0 t efi_cout_query_mode
87837210 T set_shift_mask
87837254 t analyze_modifiers.constprop.0
878372ac t efi_cin_check
8783752c t efi_cin_read_key_stroke
87837584 t efi_console_timer_notify
87837598 t efi_cin_read_key_stroke_ex
87837630 t efi_key_notify
87837644 T efi_console_register
87837848 t dp_size
87837898 t dp_alloc
878378bc t dp_part_size
878378ea t dp_part_node
87837a1c t dp_fill
87837b4c t dp_part_fill
87837b82 T efi_dp_next
87837ba2 T efi_dp_match
87837be4 T efi_dp_last_node
87837c00 T efi_dp_instance_size
87837c28 t find_obj
87837cbc T efi_dp_find_obj
87837ce8 T efi_dp_size
87837d08 T efi_dp_dup
87837d30 T efi_dp_append
87837d84 T efi_dp_append_node
87837e0c T efi_dp_create_device_node
87837e30 T efi_dp_append_instance
87837e94 T efi_dp_get_next_instance
87837eec T efi_dp_is_multi_instance
87837f0c T efi_dp_from_part
87837f38 T efi_dp_part_node
87837f5c T efi_dp_from_file
87837ffc T efi_dp_from_eth
87838030 T efi_dp_from_mem
878380d0 T efi_dp_split_file_path
87838130 T efi_dp_from_name
878381e0 t dp_unknown
878381f8 t efi_convert_single_device_node_to_text
87838618 t efi_str_to_u16
8783864c t efi_convert_device_path_to_text
87838698 t efi_convert_device_node_to_text
878386c2 T efi_dp_str
878386de t create_device_node
878386fe t is_device_path_multi_instance
87838716 t get_next_device_path_instance
87838732 t append_device_path_instance
8783874e t append_device_node
8783876a t append_device_path
87838786 t duplicate_device_path
8783879e t get_device_path_size
878387b8 t efi_file_open_ex
878387c0 t efi_file_read_ex
878387c8 t efi_file_flush
878387d8 t efi_file_getpos
87838800 t set_blk_dev.isra.0
87838808 t file_open
87838a20 t efi_open_volume
87838a4c t efi_file_open
87838ac0 t efi_file_write
87838b50 t efi_file_delete
87838b84 t efi_get_file_size
87838ba8 t efi_file_getinfo
87838d08 t efi_file_setpos
87838d60 t efi_file_read
87838ed0 t efi_file_write_ex
87838ed8 t efi_file_flush_ex
87838ee0 t efi_file_close
87838efc t efi_file_setinfo
87838fe4 T efi_file_from_path
878390ac T efi_simple_file_system
878390dc t efi_hii_packagelist_exists
878390f8 t efi_hii_package_len
87839108 t get_package_list_handle
8783914c t unregister_package_notify
87839160 t register_package_notify
87839194 t export_package_lists
878391bc t list_package_lists
87839254 t find_keyboard_layouts
878392d0 t get_keyboard_layout
87839360 t remove_guid_package
87839384 t free_keyboard_layouts
878393b4 t remove_keyboard_package
878393e0 t add_packages
87839638 t language_match
87839668 t get_secondary_languages
878396c4 t get_string
87839750 t get_languages
878397f4 t set_string
878398b4 t new_string
8783996c t remove_strings_package
878399b6 t free_packagelist
878399e4 t remove_package_list
87839a10 t new_package_list
87839a8c t set_keyboard_layout
87839aa0 t update_package_list
87839b64 t get_alt_config
87839b78 t config_to_block
87839b8c t block_to_config
87839ba0 t route_config
87839bb4 t export_config
87839bc8 t extract_config
87839bdc t efi_set_code_and_data_type
87839c20 T efi_print_image_infos
87839cb4 T efi_load_pe
87839f04 t efi_mem_cmp
87839f24 t efi_check_allocated
87839f90 t efi_find_free_memory
8783a034 T efi_add_memory_map
8783a344 T efi_allocate_pages
8783a3d8 T efi_alloc
8783a414 T efi_free_pages
8783a478 T efi_allocate_pool
8783a4e0 T efi_free_pool
8783a57c T efi_get_memory_map
8783a60c T efi_add_conventional_memory_map
8783a6bc W efi_add_known_memory
8783a700 T efi_memory_init
8783a76c T efi_root_node_register
8783a838 t efi_reset_system_boottime
8783a880 t efi_set_time_boottime
8783a894 t efi_get_time_boottime
8783a8a8 T efi_init_runtime_supported
8783a8dc W efi_reset_system_init
8783a8e0 t efi_set_virtual_address_map
8783aa68 T efi_init_obj_list
8783abac t efi_str_to_fat
8783ac24 t efi_fat_to_str
8783ac60 t efi_str_upr
8783ac80 t efi_stri_coll
8783acbe t efi_str_lwr
8783acde t next_lower
8783acec t metai_match
8783ad9c t efi_metai_match
8783adb8 t efi_to_native
8783ae10 t prefix
8783ae34 t parse_attr.part.0
8783aeb4 T efi_get_variable
8783b024 T efi_get_next_variable_name
8783b1c8 T efi_set_variable
8783b3cc T efi_variables_boot_exit_notify
8783b3f0 T efi_init_variables
8783b3f4 t efi_watchdog_timer_notify
8783b428 T efi_set_watchdog
8783b450 T efi_watchdog_register
8783b4ac t gop_query_mode
8783b4f0 t gop_blt_video_fill.isra.0
8783b590 T gop_blt
8783b8bc t gop_set_mode
8783b914 T efi_gop_register
8783b9fc t efi_disk_flush_blocks
8783ba0a t efi_disk_reset
8783ba18 t efi_disk_add_dev.isra.0.part.0
8783bb6c t efi_disk_read_blocks
8783bc2c t efi_disk_write_blocks
8783bcf8 T efi_fs_from_path
8783bd40 T efi_disk_create_partitions
8783bdd4 T efi_disk_register
8783be84 t efi_net_push
8783be90 t efi_pxe_base_code_start
8783be98 t efi_pxe_base_code_stop
8783bea0 t efi_pxe_base_code_discover
8783bea8 t efi_pxe_base_code_mtftp
8783beb0 t efi_pxe_base_code_udp_write
8783beb8 t efi_pxe_base_code_udp_read
8783bec0 t efi_pxe_base_code_set_ip_filter
8783bec8 t efi_pxe_base_code_arp
8783bed0 t efi_pxe_base_code_set_parameters
8783bed8 t efi_pxe_base_code_set_packets
8783bee0 t efi_network_timer_notify
8783bf44 t efi_net_nvdata
8783bf58 t efi_net_statistics
8783bf6c t efi_net_station_address
8783bf80 t efi_net_receive_filters
8783bf94 t efi_net_start
8783bfd0 t efi_net_get_status
8783c028 t efi_net_receive
8783c124 t efi_net_transmit
8783c1fc t efi_net_mcastiptomac
8783c26c t efi_net_shutdown
8783c2bc t efi_net_stop
8783c2f0 t efi_net_initialize
8783c358 t efi_net_reset
8783c3a4 t efi_pxe_base_code_set_station_ip
8783c3ac t efi_pxe_base_code_dhcp
8783c3b4 T efi_net_set_dhcp_ack
8783c3e8 T efi_net_register
8783c640 T efi_smbios_register
8783c684 t get_code
8783c6fe t read_string
8783c716 t read_console
8783c724 T console_read_unicode
8783c744 T utf8_get
8783c750 T utf8_put
8783c7e0 T utf8_utf16_strnlen
8783c812 T utf16_get
8783c86c T utf16_put
8783c8b8 T utf8_utf16_strncpy
8783c8f6 T utf16_strnlen
8783c91c T utf16_utf8_strnlen
8783c95e T utf16_utf8_strncpy
8783c99c T utf_to_lower
8783c9c8 T utf_to_upper
8783c9f4 T u16_strlen
8783ca08 T u16_strdup
8783ca30 T utf16_to_utf8
8783caf8 T crc16_ccitt
8783cb1c t smbios_write_type127
8783cb48 t smbios_write_type32
8783cb74 t smbios_string_table_len
8783cb90 t smbios_add_string
8783cbcc t smbios_write_type3
8783cc1c t smbios_write_type2
8783cc78 t smbios_write_type0
8783cd08 t smbios_write_type1
8783cd80 t smbios_write_type4
8783ce00 T write_smbios_table
8783ceac t default_log
8783ceb0 T write_sparse_image
8783d1ac T string_to_ip
8783d1f4 T string_to_enetaddr
8783d226 T compute_ip_checksum
8783d26e T ip_checksum_ok
8783d282 t merge
8783d2b8 T list_sort
8783d3a4 T zcalloc
8783d3ac T zcfree
8783d3b4 T inflate_fast
8783d768 T inflate_table
8783da7c T inflateReset
8783dabc T inflateInit2_
8783db54 T inflateEnd
8783db82 T adler32
8783ddb8 T inflate
8783eae4 T gzalloc
8783eaf2 T gzfree
8783eaf8 T gzip_parse_header
8783eb68 T zunzip
8783ec10 T gunzip
8783ec3c T fdt_ro_probe_
8783ec90 T fdt_header_size_
8783ecaa T fdt_header_size
8783ecb4 T fdt_check_header
8783ed4c T fdt_offset_ptr
8783ed80 T fdt_next_tag
8783ee40 T fdt_check_node_offset_
8783ee64 T fdt_check_prop_offset_
8783ee88 T fdt_next_node
8783eef6 T fdt_first_subnode
8783ef1c T fdt_next_subnode
8783ef46 T fdt_find_string_
8783ef76 T fdt_move
8783efa0 T fdt_node_end_offset_
8783efc4 T fdt_strerror
8783f000 t fdt_blocks_misordered_
8783f036 t fdt_rw_probe_
8783f070 t fdt_splice_
8783f0ba t fdt_splice_mem_rsv_
8783f0e8 t fdt_splice_struct_
8783f10e t fdt_packblocks_
8783f16a t fdt_add_property_
8783f248 T fdt_add_mem_rsv
8783f29e T fdt_del_mem_rsv
8783f2da T fdt_setprop_placeholder
8783f348 T fdt_setprop
8783f36e T fdt_delprop
8783f3ac T fdt_add_subnode_namelen
8783f444 T fdt_add_subnode
8783f462 T fdt_del_node
8783f494 T fdt_open_into
8783f578 t fdt_cells
8783f5a4 T fdt_address_cells
8783f5c0 T fdt_size_cells
8783f5d8 t fdt_mem_rsv
8783f5f4 t nextprop_
8783f626 t fdt_get_property_by_offset_
8783f658 T fdt_get_string
8783f6f4 T fdt_string
8783f6fa T fdt_get_mem_rsv
8783f738 T fdt_num_mem_rsv
8783f762 T fdt_get_name
8783f7bc T fdt_subnode_offset_namelen
8783f83e T fdt_subnode_offset
8783f85c T fdt_first_property_offset
8783f874 T fdt_next_property_offset
8783f88c t fdt_get_property_namelen_
8783f902 T fdt_get_property_namelen
8783f92c T fdt_get_property
8783f94e T fdt_getprop_namelen
8783f984 T fdt_getprop_by_offset
8783f9e0 T fdt_getprop
8783fa04 T fdt_get_phandle
8783fa44 T fdt_get_alias_namelen
8783fa70 T fdt_path_offset_namelen
8783fb04 T fdt_path_offset
8783fb1e T fdt_supernode_atdepth_offset
8783fb8a T fdt_node_depth
8783fba8 T fdt_parent_offset
8783fbc8 T fdt_node_offset_by_phandle
8783fc0a T fdt_stringlist_search
8783fc70 T fdtdec_get_int
8783fc8c t get_prop_check_min_len
8783fcb4 T fdtdec_get_is_enabled
8783fcdc T fdtdec_get_alias_seq
8783fd88 T fdtdec_get_alias_highest_id
8783fe00 T fdtdec_prepare_fdt
8783fe30 T fdtdec_lookup_phandle
8783fe50 T fdtdec_get_int_array
8783fe86 T fdtdec_get_int_array_count
8783febe T fdtdec_get_bool
8783fed2 T fdtdec_parse_phandle_with_args
8783ff9a T fdtdec_get_byte_array
8783ffc0 T fdtdec_locate_byte_array
8783ffd8 T fdtdec_get_config_int
87840000 T fdtdec_get_config_string
8784002c T fdtdec_get_number
87840046 T fdtdec_get_addr_size_fixed
878400b2 T fdtdec_get_addr_size_auto_parent
878400f8 T fdtdec_get_addr_size_auto_noparent
8784012c T fdtdec_get_addr_size
8784014a T fdtdec_get_addr
87840150 T fdt_get_resource
878401e4 T fdt_get_named_resource
87840210 W board_fdt_blob_setup
87840218 T fdtdec_setup
87840240 T qsort
878402d8 T strcmp_compar
878402e0 t cmpkey
878402ec t _hdelete.isra.0
8784031c t drop_var_from_set.part.0
8784034c t match_string
878403a8 t match_entry
87840424 T hcreate_r
8784047c T hdestroy_r
878404c0 T hmatch_r
87840520 T hsearch_r
878407d8 T hdelete_r
8784086c T hexport_r
878409f4 T himport_r
87840c60 T hwalk_r
87840c90 T display_options_get_banner_priv
87840cf8 T display_options_get_banner
87840d04 T display_options
87840d28 T print_size
87840e40 T print_buffer
87840f70 T crc32_wd
87840f74 W __div64_32
87841004 T div_s64_rem
87841090 T hang
878410a8 T kmalloc
878410d0 T skip_spaces
878410e8 T strim
8784111c t lmb_overlaps_region
87841148 t lmb_add_region
8784124e T lmb_dump_all
87841250 T lmb_add
87841254 T lmb_free
878412da T lmb_reserve
878412e0 T lmb_reserve_overlap
87841348 T __lmb_alloc_base
878413d0 T lmb_alloc_base
878413f0 T lmb_alloc
878413f6 T lmb_alloc_addr
87841436 T lmb_get_free_size
8784147e T lmb_init_and_reserve
878414b4 T lmb_init_and_reserve_range
878414e4 t emit
87841504 t store_char_in_data
87841528 t get_escape_char
8784157c t relocate
878415a8 t match
87841810 t loop_greedy
87841866 t loop_non_greedy
878418b8 t quantifier
87841914 t fixup_branch
8784193c t compile
87841b7c T slre_compile
87841c08 T slre_match
87841c64 T strncasecmp
87841ca8 T strcasecmp
87841cb0 T strcpy
87841cc0 T strncpy
87841cd8 T strcat
87841cf6 T strncat
87841d1e T strcmp
87841d34 T strncmp
87841d56 T strchr
87841d70 T strlen
87841d80 T strlcpy
87841dae T strrchr
87841dce T strnlen
87841de8 T strdup
87841e0a T strspn
87841e2a T strpbrk
87841e4c T strtok
87841e88 T strsep
87841ea4 T memmove
87841eca T memcmp
87841ee4 T strstr
87841f24 T memchr
87841f40 t tick_to_time
87841f8e W timer_get_us
87841fa8 T usec_to_tick
87842010 T udelay
87842030 T uuid_str_valid
8784207c T uuid_str_to_bin
878421a8 T uuid_bin_to_str
87842230 T gen_rand_uuid
8784228c T gen_rand_uuid_str
878422a8 T rand_r
878422bc T rand
878422c8 T srand
878422d4 t panic_finish
878422f4 T panic
87842308 T __assert_fail
87842318 t put_dec_trunc
878423b0 t put_dec
878424e0 t number
878426f0 t string16
87842788 t string
87842820 t vsnprintf_internal
87842d94 T vsnprintf
87842d98 T vscnprintf
87842dae T snprintf
87842dc8 T vsprintf
87842dd4 T sprintf
87842dee T printf
87842e22 T vprintf
87842e48 T simple_itoa
87842e80 T str2off
87842ea4 t _parse_integer_fixup_radix
87842f00 T simple_strtoul
87842f50 T strict_strtoul
87842f92 T simple_strtol
87842fac T ustrtoul
87842ff8 T simple_strtoull
8784306c T ustrtoull
878430c8 T trailing_strtoln
87843110 T trailing_strtol
87843118 T arp_init
87843150 T arp_raw_request
878431e4 T arp_request
87843238 T arp_timeout_check
87843290 T arp_receive
87843410 T arp_is_waiting
87843420 t dhcp_extended
8784357c t dhcp_process_options
87843738 t dhcp_packet_process_options
87843794 t dhcp_handler
87843a38 T bootp_reset
87843a64 T bootp_request
87843c4c t bootp_timeout_handler
87843ca4 T dhcp_request
87843ca8 t eth_get_uclass_priv
87843cc2 t eth_pre_remove
87843cdc t eth_write_hwaddr
87843d58 t on_ethaddr
87843da4 t eth_post_probe
87843ee4 t eth_post_bind
87843f10 T eth_set_current_to_next
87843f34 T eth_get_dev
87843f54 T eth_set_dev
87843f78 t eth_pre_unbind
87843f90 T eth_get_dev_by_name
8784401c T eth_get_ethaddr
8784402e T eth_halt_state_only
87844044 T eth_get_dev_index
8784405c T eth_init
878440f0 T eth_is_active
87844110 T eth_halt
87844134 T eth_send
87844166 T eth_rx
878441cc T eth_initialize
87844298 T eth_env_get_enetaddr_by_index
878442c4 T eth_env_set_enetaddr_by_index
878442f0 T eth_common_init
87844304 T eth_mac_skip
87844330 T eth_get_name
87844348 T eth_current_changed
878443a4 T eth_try_another
878443f8 T eth_set_current
87844450 t net_clear_handlers
87844474 t start_again_timeout_handler
87844480 t dummy_handler
87844484 t on_ipaddr
8784449c t on_gatewayip
878444b4 t on_netmask
878444cc t on_serverip
878444e4 t net_init_loop.part.0
878444fc T net_init
87844554 T net_start_again
87844640 T net_set_udp_handler
87844658 T net_get_arp_handler
87844664 T net_set_timeout_handler
878446a4 T net_get_async_tx_pkt_buf
878446c0 T net_process_received_packet
878448dc T net_eth_hdr_size
8784490c T net_set_ether
87844978 T net_update_ether
878449d0 T net_set_ip_header
87844a50 T net_set_udp_header
87844aa8 T net_send_ip_packet
87844b68 T net_send_udp_packet
87844b84 T copy_filename
87844bb4 T is_serverip_in_cmd
87844bcc t net_check_prereq
87844c74 T net_auto_load
87844cdc T net_loop
87844e90 T net_parse_bootfile
87844ee0 T ip_to_string
87844f08 T string_to_vlan
87844f30 t on_nvlan
87844f48 t on_vlan
87844f60 t rpc_lookup_reply
87844fc8 t nfs_mount_reply
87845028 t nfs_umountall_reply
87845080 t nfs_lookup_reply
87845138 t nfs_readlink_reply
878451f4 t basename
87845214 t nfs_read_reply
87845300 t rpc_req
878453c4 t nfs_read_req
87845468 t nfs_readlink_req
878454ec t nfs_mount_req
87845574 t nfs_umountall_req
878455c8 t nfs_lookup_req
878456d4 t nfs_send
878457a8 t nfs_handler
87845924 t nfs_timeout_handler
87845970 T nfs_start
87845ad8 t ping_timeout_handler
87845aec T ping_start
87845bb4 T ping_receive
87845c6c t tftp_send
87845da0 t tftp_handler
87846040 t tftp_timeout_handler
878460a4 T tftp_start
8784632c T __aeabi_uidiv
8784632c T __udivsi3
878463c8 T __aeabi_idiv
878463c8 T __divsi3
87846494 T __aeabi_uidivmod
878464ac T __aeabi_idivmod
878464c4 t Ldiv0
878464d4 T __aeabi_uldivmod
878464fc t L_div_64_64
8784650c t L_lsl_4
87846538 t L_lsl_1
87846564 t L_subtract
87846580 t L_update
878465a4 t L_exit
878465b8 t L_div_32_32
878465d0 t L_pow2
87846644 t L_div_by_0
8784665c T __div0
87846668 R efi_block_io_guid
87846678 r efi_file_handle_protocol
878466b8 R efi_file_info_guid
878466c8 R efi_file_system_info_guid
878466d8 R efi_global_variable_guid
878466e8 r efi_gop_guid
878466f8 R efi_guid_device_path
87846708 R efi_guid_device_path_to_text_protocol
87846718 R efi_guid_device_path_utilities_protocol
87846728 R efi_guid_driver_binding_protocol
87846738 R efi_guid_event_group_exit_boot_services
87846748 R efi_guid_event_group_memory_map_change
87846758 R efi_guid_event_group_reset_system
87846768 R efi_guid_fdt
87846778 R efi_guid_hii_config_routing_protocol
87846788 R efi_guid_hii_database_protocol
87846798 R efi_guid_hii_string_protocol
878467a8 R efi_guid_loaded_image
878467b8 R efi_guid_loaded_image_device_path
878467c8 R efi_guid_text_input_ex_protocol
878467d8 R efi_guid_text_input_protocol
878467e8 R efi_guid_text_output_protocol
878467f8 R efi_guid_unicode_collation_protocol2
87846808 r efi_net_guid
87846818 r efi_pxe_base_code_protocol_guid
87846828 r efi_rt_properties_table_guid
87846838 R efi_simple_file_system_protocol_guid
87846848 R efi_system_volume_label_id
87846858 R efi_u_boot_guid
87846868 r lcd_pads
87846870 r partition_basic_data_guid
87846880 r smbios_guid
87846890 r system_guid
878468a0 r uart1_pads
87846994 r CSWTCH.164
878469a0 r CSWTCH.32
878469c0 r CSWTCH.32
878469e0 r CSWTCH.45
878469f4 r asix_eth_id_table
87846b2c r asix_eth_ops
87846b4c r board_boot_modes
87846b6c r boot_os
87846bcc r bootm_args.9245
87846bd8 r ci_ep_init
87846ca0 r ci_udc_otg_ids
87846cb0 r color
87846cf0 r colors
87846db0 r commands
87846e18 r driver_ops
87846e24 r efi_blk_ops
87846e34 R efi_device_path_to_text
87846e3c R efi_device_path_utilities
87846e5c R efi_hii_config_routing
87846e74 R efi_hii_database
87846ea0 R efi_hii_string
87846eb4 R efi_unicode_collation_protocol2
87846ed0 r env_flags_varaccess_mask
87846ee0 r ext_csd_bus_width
87846f1c r fbase
87846f2c r fdt_errtable
87846f78 r fdt_member_table
87846fa0 r fecmxc_ids
87846ff0 r fecmxc_ops
87847010 r fixed_regulator_ids
87847020 r fixed_regulator_ops
87847050 r freqs.10613
87847084 r fsl_esdhc_ids
878470f4 r fsl_esdhc_ops
87847110 r fsl_qspi_ids
87847140 r fsl_qspi_ops
87847164 r gen_74x164_ids
87847174 r gen_74x164_ops
8784719c r generic_simple_bus_ids
878471b4 r gpio_function
878471c8 r gpio_mxc_ops
878471f0 r gpio_regulator_ids
87847200 r gpio_regulator_ops
87847230 r hub_id_table
87847260 r hwcaps_pp2cmd.11589
87847298 r hwcaps_read2cmd.11585
87847310 r if_type_uclass_id
87847344 r if_typename_str
87847378 r imx6_pinctrl_match
878473c0 r imx6_thermal_plat
878473cc r imx6sx_data
878473e0 r imx6ul_7d_data
878473f4 r imx7ulp_data
87847408 R imx_pinctrl_ops
87847458 r imx_thermal_ops
8784745c r init_sequence_f
87847524 r machines
87847534 r mass_storage_id_table
87847564 r mmc_blk_ops
87847574 r mmc_modes_by_pref
87847594 r mmc_versions.10993
878475b8 r mx6_ehci_ops
878475cc r mx6_fuse_descs
87847bbc r mx6_usb_ids
87847bcc r mxc_gpio_ids
87847bdc r mxc_i2c_ids
87847bf4 r mxc_i2c_ops
87847c0c r mxs_video_ids
87847c3c r names.10608
87847c70 R op_adv
87847d70 r op_table
87847dd8 r phy_bases
87847de0 r phy_interface_strings
87847e44 r root_info
87847e4c r sd_au_size.10868
87847e8c r sd_modes_by_pref
87847e9c r simple_panel_ids
87847ecc r simple_panel_ops
87847ed8 r smbios_write_funcs
87847ef4 R soc_boot_modes
87847f54 r soft_spi_ids
87847f64 r soft_spi_ops
87847f88 r spi_flash_std_ids
87847f98 r spi_flash_std_ops
87847fa8 R spi_nor_ids
87848328 r uimage_arch
8784846c r uimage_comp
878484c0 r uimage_os
87848568 r uimage_type
87848748 r usb_dr_modes
87848758 r usb_hub_ids
87848768 r usb_mass_storage_ids
87848778 r usb_storage_ops
87848788 r vybrid_data
8784879c r CSWTCH.17
878487be r CSWTCH.18
878487e0 r codepage
878488e0 r crc16_tab
87848ae0 r crc16_table
87848ce0 r dbase.9564
87848d20 r dext.9565
87848d60 r distfix
87848e72 r i2c_clk_div
87848f3a r lbase.9562
87848f78 r lenfix
87849778 r lext.9563
878497b6 r order.9658
878498a2 r CSWTCH.165
878498a5 r CSWTCH.18
878498a8 r CSWTCH.19
878498b9 r CSWTCH.66
878498cf r END
878498d3 r ROOT
878498e7 r __FUNCTION__.10017
878498fe r __FUNCTION__.9844
87849937 r __func__.10011
87849942 r __func__.10162
8784995e r __func__.10826
87849970 r __func__.11109
87849985 r __func__.11109
87849992 r __func__.11126
878499a4 r __func__.11129
878499b3 r __func__.11146
878499c1 r __func__.11160
878499ce r __func__.11169
878499db r __func__.11175
878499ec r __func__.11179
87849a04 r __func__.11181
87849a1f r __func__.11183
87849a37 r __func__.11187
87849a44 r __func__.11191
87849a58 r __func__.11195
87849a6c r __func__.11199
87849a78 r __func__.11212
87849a85 r __func__.11223
87849a97 r __func__.11477
87849aa5 r __func__.11674
87849abc r __func__.11776
87849ac8 r __func__.12004
87849ad4 r __func__.12053
87849ae4 r __func__.12108
87849af9 r __func__.12663
87849b05 r __func__.13331
87849b16 r __func__.13488
87849b27 r __func__.13633
87849b36 r __func__.9239
87849b41 r __func__.9448
87849b53 r __func__.9459
87849b66 r __func__.9471
87849b79 r __func__.9521
87849b85 r __func__.9539
87849b98 r __func__.9582
87849bb4 r __func__.9599
87849bc1 r __func__.9609
87849bd0 r __func__.9614
87849bda r __func__.9618
87849bf1 r __func__.9623
87849bfe r __func__.9643
87849c09 r __func__.9661
87849c13 r __func__.9673
87849c21 r __func__.9706
87849c34 r __func__.9715
87849c48 r __func__.9720
87849c60 r __func__.9809
87849c67 r __func__.9907
87849c73 r __func__.9917
87849c7e r __func__.9943
87849ca7 R _ctype
8784a50c r bank_lookup
8784b23b r col_lookup
8784b3aa R default_environment
8784c43a r digits.11246
8784c44a r dirletter.11431
8784fd13 r env_flags_varaccess_rep
8784fd18 r env_flags_vartype_rep
8784fe7d r erase_seq
87850691 r fastboot_name
87851338 r fsg_string_interface
87851dd9 R hex_asc
87851f9a r illegal
8785289c r manufacturer
87852f0a r multipliers
87853132 r names.9513
8785317d R net_bcast_ethaddr
87853268 R net_null_ethaddr
87853e9e r product
8785ab34 r tab_seq
8785adf3 r us_direction
8785b9ae r vendor_id.11282
8785b9b7 V version_string
8785ba67 r video_fontdata
8785d028 d base
8785d02c d reset_cause
8785d030 D imx_ccm
8785d034 d bootm_help_text
8785d3c0 d cmd_bootm_sub
8785d4bc d source_help_text
8785d50c d cmd_blkc_sub
8785d544 d cmd_bmp_sub
8785d57c d bootefi_help_text
8785d707 d bootz_help_text
8785d910 d test_commands
8785d980 d fdt_help_text
8785e027 d root.9693
8785e029 d tabs.9777
8785e04c d cmd_i2c_sub
8785e1f0 d i2c_dp_last_length
8785e1f4 d i2c_help_text
8785e5e4 d do_echo
8785e5e8 d dp_last_length
8785e5ec d cmd_mmc
8785e774 d curr_device
8785e778 d pinmux_subcmd
8785e7cc d usb_stor_curr_dev
8785e7d0 d fastboot_help_text
8785e87c d imgextract_help_text
8785e8d4 d disk_partitions
8785e8dc d cmd_env_sub
8785e9f4 d env_help_text
8785ec50 d env_id
8785ec54 d reserved_list
8785ecd8 d init_sequence_r
8785ed58 d of_busses
8785ed70 d usb_scan_list
8785ed78 D bmp_logo_bitmap
8786a7b0 d hist_cur
8786a7b4 d av_
8786abbc d sbrk_base
8786abc0 d trim_threshold
8786abc4 D image_load_addr
8786abc8 D stdio_names
8786abd4 d imx6_pinctrl_soc_info
8786abe4 d imx6_snvs_pinctrl_soc_info
8786abf4 d imx6ul_pinctrl_soc_info
8786ac04 d _stats
8786ac18 d block_cache
8786ac20 D fastboot_devinfo
8786ac24 D g_fastboot_stdio
8786ac70 D fastboot_common_var
8786aca8 d usdhc_imx7d_data
8786acac d usdhc_imx8qm_data
8786acb0 D console_normal_ops
8786acc4 d video_link_help_text
8786ad10 d genphy_driver
8786ad50 d phy_drivers
8786ad58 d lan8700_driver
8786ad98 d lan8710_driver
8786add8 d lan8740_driver
8786ae18 d lan8741_driver
8786ae58 d lan8742_driver
8786ae98 d lan911x_driver
8786aed8 d mxc_serial_drv
8786af08 d one_time_rx_line_always_low_workaround_needed
8786af0c d ci_ep_ops
8786af34 d ci_udc_ops
8786af68 d controller
8786b110 d ep0_desc
8786b11c d composite_driver
8786b140 d device_desc
8786b154 d g_dnl_composite_strings
8786b15c d g_dnl_driver
8786b180 d g_dnl_string_defs
8786b1a0 d g_dnl_string_tab
8786b1a8 d qw_sign_buf
8786b1af d fsg_fs_bulk_in_desc
8786b1b8 d fsg_fs_bulk_out_desc
8786b1c4 d fsg_fs_function
8786b1d4 d fsg_hs_bulk_in_desc
8786b1dd d fsg_hs_bulk_out_desc
8786b1e8 d fsg_hs_function
8786b1f8 d fsg_intf_desc
8786b204 d fsg_strings
8786b214 d fsg_strings_array
8786b21c d fsg_stringtab
8786b224 d fastboot_string_defs
8786b234 d fastboot_strings
8786b23c d fb_cid
8786b24c d fb_ext_prop
8786b268 d fb_ext_prop_data
8786b28f d fb_ext_prop_name
8786b2a4 d fb_fs_function
8786b2b0 d fb_hs_function
8786b2c0 d fb_os_desc
8786b2d4 d fb_os_desc_table
8786b2dc d fb_ss_bulk_comp_desc
8786b2e4 d fb_ss_function
8786b2fc d fs_ep_in
8786b305 d fs_ep_out
8786b30e d hs_ep_in
8786b317 d hs_ep_out
8786b320 d interface_desc
8786b329 d ss_ep_in
8786b332 d ss_ep_out
8786b33c d stringtab_fastboot
8786b344 d udc_list
8786b34c d descriptor
8786b388 D ehci_usb_ops
8786b3b4 D env_htab
8786b3c4 d first_call
8786b3c8 d first_call
8786b3cc d fstypes
8786b498 D ext4fs_indir1_blkno
8786b49c D ext4fs_indir2_blkno
8786b4a0 D ext4fs_indir3_blkno
8786b4a4 d prev_bg_bitmap_index.10085
8786b4a8 d prev_inode_bitmap_index.10109
8786b4ac d prev_bg_bmap_idx.9768
8786b4b0 d prev_bg_bmap_idx.9783
8786b4b4 d prev_bg_bmap_idx.9805
8786b4b8 d prev_bg_bmap_idx.9840
8786b4bc d first_node
8786b4c0 d efi_boot_services
8786b588 D efi_event_queue
8786b590 D efi_obj_list
8786b598 D efi_register_notify_events
8786b5a0 d efi_tpl
8786b5a4 d entry_count
8786b5a8 d timers_enabled
8786b5ac d cin_notify_functions
8786b5b4 D efi_con_in
8786b5c0 d efi_con_in_ex
8786b5d8 d efi_con_mode
8786b5f0 D efi_con_out
8786b618 d efi_cout_modes
8786b63c d efi_keyboard_layout_list
8786b644 d efi_package_lists
8786b64c D efi_mem
8786b654 d lastoff.12107
8786b658 d efi_obj_list_initialized
8786b65c d capitalization_table
8786c52c d y
8786c530 d first_call.9585
8786c534 D net_native_vlan
8786c536 D net_our_vlan
8786c538 d nfs_offset
8786c53c d supported_nfs_versions
8786c53e d tftp_block_size
8786c540 d tftp_block_size_option
8786c544 D tftp_timeout_count_max
8786c548 d timeout_count_max
8786c54c d timeout_ms
8786c55c D _u_boot_list_2_cmd_2_base
8786c55c d start.9167
8786c55c d start.9171
8786c55c d start.9304
8786c55c d start.9308
8786c55c d start.9363
8786c55c d start.9366
8786c578 D _u_boot_list_2_cmd_2_bdinfo
8786c594 D _u_boot_list_2_cmd_2_blkcache
8786c5b0 D _u_boot_list_2_cmd_2_bmode
8786c5cc D _u_boot_list_2_cmd_2_bmp
8786c5e8 D _u_boot_list_2_cmd_2_boot
8786c604 D _u_boot_list_2_cmd_2_bootd
8786c620 D _u_boot_list_2_cmd_2_bootefi
8786c63c D _u_boot_list_2_cmd_2_bootelf
8786c658 D _u_boot_list_2_cmd_2_bootm
8786c674 D _u_boot_list_2_cmd_2_bootp
8786c690 D _u_boot_list_2_cmd_2_bootvx
8786c6ac D _u_boot_list_2_cmd_2_bootz
8786c6c8 D _u_boot_list_2_cmd_2_clocks
8786c6e4 D _u_boot_list_2_cmd_2_cmp
8786c700 D _u_boot_list_2_cmd_2_coninfo
8786c71c D _u_boot_list_2_cmd_2_cp
8786c738 D _u_boot_list_2_cmd_2_crc32
8786c754 D _u_boot_list_2_cmd_2_dcache
8786c770 D _u_boot_list_2_cmd_2_dhcp
8786c78c D _u_boot_list_2_cmd_2_dm
8786c7a8 D _u_boot_list_2_cmd_2_echo
8786c7c4 D _u_boot_list_2_cmd_2_editenv
8786c7e0 D _u_boot_list_2_cmd_2_env
8786c7fc D _u_boot_list_2_cmd_2_erase
8786c818 D _u_boot_list_2_cmd_2_exit
8786c834 D _u_boot_list_2_cmd_2_ext2load
8786c850 D _u_boot_list_2_cmd_2_ext2ls
8786c86c D _u_boot_list_2_cmd_2_ext4load
8786c888 D _u_boot_list_2_cmd_2_ext4ls
8786c8a4 D _u_boot_list_2_cmd_2_ext4size
8786c8c0 D _u_boot_list_2_cmd_2_ext4write
8786c8dc D _u_boot_list_2_cmd_2_false
8786c8f8 D _u_boot_list_2_cmd_2_fastboot
8786c914 D _u_boot_list_2_cmd_2_fatinfo
8786c930 D _u_boot_list_2_cmd_2_fatload
8786c94c D _u_boot_list_2_cmd_2_fatls
8786c968 D _u_boot_list_2_cmd_2_fatmkdir
8786c984 D _u_boot_list_2_cmd_2_fatrm
8786c9a0 D _u_boot_list_2_cmd_2_fatsize
8786c9bc D _u_boot_list_2_cmd_2_fatwrite
8786c9d8 D _u_boot_list_2_cmd_2_fdt
8786c9f4 D _u_boot_list_2_cmd_2_flinfo
8786ca10 D _u_boot_list_2_cmd_2_fstype
8786ca2c D _u_boot_list_2_cmd_2_fuse
8786ca48 D _u_boot_list_2_cmd_2_go
8786ca64 D _u_boot_list_2_cmd_2_gpio
8786ca80 D _u_boot_list_2_cmd_2_gpt
8786ca9c D _u_boot_list_2_cmd_2_help
8786cab8 D _u_boot_list_2_cmd_2_i2c
8786cad4 D _u_boot_list_2_cmd_2_icache
8786caf0 D _u_boot_list_2_cmd_2_iminfo
8786cb0c D _u_boot_list_2_cmd_2_imxtract
8786cb28 D _u_boot_list_2_cmd_2_itest
8786cb44 D _u_boot_list_2_cmd_2_lcdputs
8786cb60 D _u_boot_list_2_cmd_2_ln
8786cb7c D _u_boot_list_2_cmd_2_load
8786cb98 D _u_boot_list_2_cmd_2_loadb
8786cbb4 D _u_boot_list_2_cmd_2_loads
8786cbd0 D _u_boot_list_2_cmd_2_loadx
8786cbec D _u_boot_list_2_cmd_2_loady
8786cc08 D _u_boot_list_2_cmd_2_loop
8786cc24 D _u_boot_list_2_cmd_2_ls
8786cc40 D _u_boot_list_2_cmd_2_md
8786cc5c D _u_boot_list_2_cmd_2_mm
8786cc78 D _u_boot_list_2_cmd_2_mmc
8786cc94 D _u_boot_list_2_cmd_2_mmcinfo
8786ccb0 D _u_boot_list_2_cmd_2_mtest
8786cccc D _u_boot_list_2_cmd_2_mw
8786cce8 D _u_boot_list_2_cmd_2_nfs
8786cd04 D _u_boot_list_2_cmd_2_nm
8786cd20 D _u_boot_list_2_cmd_2_ping
8786cd3c D _u_boot_list_2_cmd_2_pinmux
8786cd58 D _u_boot_list_2_cmd_2_printenv
8786cd74 D _u_boot_list_2_cmd_2_protect
8786cd90 D _u_boot_list_2_cmd_2_question_mark
8786cdac D _u_boot_list_2_cmd_2_random
8786cdc8 D _u_boot_list_2_cmd_2_read
8786cde4 D _u_boot_list_2_cmd_2_reset
8786ce00 D _u_boot_list_2_cmd_2_run
8786ce1c D _u_boot_list_2_cmd_2_save
8786ce38 D _u_boot_list_2_cmd_2_saveenv
8786ce54 D _u_boot_list_2_cmd_2_setcurs
8786ce70 D _u_boot_list_2_cmd_2_setenv
8786ce8c D _u_boot_list_2_cmd_2_setexpr
8786cea8 D _u_boot_list_2_cmd_2_sf
8786cec4 D _u_boot_list_2_cmd_2_showvar
8786cee0 D _u_boot_list_2_cmd_2_size
8786cefc D _u_boot_list_2_cmd_2_sleep
8786cf18 D _u_boot_list_2_cmd_2_source
8786cf34 D _u_boot_list_2_cmd_2_test
8786cf50 D _u_boot_list_2_cmd_2_tftpboot
8786cf6c D _u_boot_list_2_cmd_2_true
8786cf88 D _u_boot_list_2_cmd_2_ums
8786cfa4 D _u_boot_list_2_cmd_2_usb
8786cfc0 D _u_boot_list_2_cmd_2_usbboot
8786cfdc D _u_boot_list_2_cmd_2_version
8786cff8 D _u_boot_list_2_cmd_2_videolink
8786d014 D _u_boot_list_2_driver_2_74x164
8786d014 d end.9174
8786d014 d end.9311
8786d014 d end.9369
8786d014 d start.10054
8786d014 d start.10058
8786d014 d start.11805
8786d014 d start.9765
8786d014 d start.9769
8786d014 d start.9852
8786d014 d start.9856
8786d05c D _u_boot_list_2_driver_2_asix_eth
8786d0a4 D _u_boot_list_2_driver_2_ci_udc_otg
8786d0ec D _u_boot_list_2_driver_2_efi_blk
8786d134 D _u_boot_list_2_driver_2_efi_block
8786d17c D _u_boot_list_2_driver_2_eth_phy_generic_drv
8786d1c4 D _u_boot_list_2_driver_2_fecmxc_gem
8786d20c D _u_boot_list_2_driver_2_fixed_regulator
8786d254 D _u_boot_list_2_driver_2_fsl_esdhc
8786d29c D _u_boot_list_2_driver_2_fsl_qspi
8786d2e4 D _u_boot_list_2_driver_2_gpio_mxc
8786d32c D _u_boot_list_2_driver_2_gpio_regulator
8786d374 D _u_boot_list_2_driver_2_i2c_generic_chip_drv
8786d3bc D _u_boot_list_2_driver_2_i2c_mxc
8786d404 D _u_boot_list_2_driver_2_imx6_pinctrl
8786d44c D _u_boot_list_2_driver_2_imx_thermal
8786d494 D _u_boot_list_2_driver_2_mmc_blk
8786d4dc D _u_boot_list_2_driver_2_mxs_video
8786d524 D _u_boot_list_2_driver_2_pinconfig_generic
8786d56c D _u_boot_list_2_driver_2_root_driver
8786d5b4 D _u_boot_list_2_driver_2_simple_bus_drv
8786d5fc D _u_boot_list_2_driver_2_simple_panel
8786d644 D _u_boot_list_2_driver_2_soft_spi
8786d68c D _u_boot_list_2_driver_2_spi_flash_std
8786d6d4 D _u_boot_list_2_driver_2_spi_generic_drv
8786d71c D _u_boot_list_2_driver_2_usb_dev_generic_drv
8786d764 D _u_boot_list_2_driver_2_usb_generic_hub
8786d7ac D _u_boot_list_2_driver_2_usb_mass_storage
8786d7f4 D _u_boot_list_2_driver_2_usb_mx6
8786d83c D _u_boot_list_2_driver_2_usb_storage_blk
8786d884 D _u_boot_list_2_driver_2_vidconsole_normal
8786d8cc D _u_boot_list_2_driver_info_2_imx6_thermal
8786d8cc d end.10061
8786d8cc d end.11807
8786d8cc d end.9772
8786d8cc d end.9859
8786d8cc d start.9804
8786d8cc d start.9808
8786d8d4 D _u_boot_list_2_env_clbk_2_baudrate
8786d8d4 d end.9811
8786d8d4 d start.9310
8786d8d4 d start.9317
8786d8dc D _u_boot_list_2_env_clbk_2_callbacks
8786d8e4 D _u_boot_list_2_env_clbk_2_console
8786d8ec D _u_boot_list_2_env_clbk_2_ethaddr
8786d8f4 D _u_boot_list_2_env_clbk_2_flags
8786d8fc D _u_boot_list_2_env_clbk_2_gatewayip
8786d904 D _u_boot_list_2_env_clbk_2_ipaddr
8786d90c D _u_boot_list_2_env_clbk_2_loadaddr
8786d914 D _u_boot_list_2_env_clbk_2_netmask
8786d91c D _u_boot_list_2_env_clbk_2_nvlan
8786d924 D _u_boot_list_2_env_clbk_2_serialno
8786d92c D _u_boot_list_2_env_clbk_2_serverip
8786d934 D _u_boot_list_2_env_clbk_2_vlan
8786d93c D _u_boot_list_2_env_driver_2_mmc
8786d93c d end.9313
8786d93c d start.9310
8786d93c d start.9318
8786d954 D _u_boot_list_2_g_dnl_bind_callbacks_2___usb_function_name_usb_dnl_fastboot
8786d954 d end.9313
8786d954 d start.13558
8786d95c D _u_boot_list_2_g_dnl_bind_callbacks_2___usb_function_name_usb_dnl_ums
8786d964 D _u_boot_list_2_part_driver_2_a_efi
8786d964 d start.9258
8786d964 d start.9262
8786d964 d start.9331
8786d964 d start.9335
8786d97c D _u_boot_list_2_part_driver_2_dos
8786d994 D _u_boot_list_2_uclass_2_backlight
8786d994 d end.9265
8786d994 d end.9338
8786d994 d start.9784
8786d994 d start.9788
8786d9e0 D _u_boot_list_2_uclass_2_blk
8786da2c D _u_boot_list_2_uclass_2_efi
8786da78 D _u_boot_list_2_uclass_2_eth
8786dac4 D _u_boot_list_2_uclass_2_eth_phy_generic
8786db10 D _u_boot_list_2_uclass_2_gpio
8786db5c D _u_boot_list_2_uclass_2_i2c
8786dba8 D _u_boot_list_2_uclass_2_i2c_generic
8786dbf4 D _u_boot_list_2_uclass_2_mmc
8786dc40 D _u_boot_list_2_uclass_2_nop
8786dc8c D _u_boot_list_2_uclass_2_panel
8786dcd8 D _u_boot_list_2_uclass_2_pinconfig
8786dd24 D _u_boot_list_2_uclass_2_pinctrl
8786dd70 D _u_boot_list_2_uclass_2_regulator
8786ddbc D _u_boot_list_2_uclass_2_root
8786de08 D _u_boot_list_2_uclass_2_simple_bus
8786de54 D _u_boot_list_2_uclass_2_spi
8786dea0 D _u_boot_list_2_uclass_2_spi_generic
8786deec D _u_boot_list_2_uclass_2_spi_nor
8786df38 D _u_boot_list_2_uclass_2_thermal
8786df84 D _u_boot_list_2_uclass_2_usb
8786dfd0 D _u_boot_list_2_uclass_2_usb_dev_generic
8786e01c D _u_boot_list_2_uclass_2_usb_gadget_generic
8786e068 D _u_boot_list_2_uclass_2_usb_hub
8786e0b4 D _u_boot_list_2_uclass_2_usb_mass_storage
8786e100 D _u_boot_list_2_uclass_2_vidconsole
8786e14c D _u_boot_list_2_uclass_2_video
8786e198 D _u_boot_list_2_usb_driver_entry_2_asix_eth
8786e198 d end.9791
8786e198 d start.11080
8786e198 d start.11083
8786e1a0 D _u_boot_list_2_usb_driver_entry_2_usb_generic_hub
8786e1a8 D _u_boot_list_2_usb_driver_entry_2_usb_mass_storage
8786e1b0 D __efi_runtime_rel_start
8786e1b0 d end.11086
8786e250 ? __bss_base
8786e250 ? __bss_start
8786e250 R __efi_runtime_rel_stop
8786e250 R __image_copy_end
8786e250 R __rel_dyn_start
8786e250 b params
8786e254 b modes
8786e25c b bootefi_device_path
8786e260 b bootefi_image_path
8786e264 b data.9666
8786e664 B working_fdt
8786e668 b i2c_cur_bus
8786e66c b i2c_dp_last_addr
8786e670 b i2c_dp_last_alen
8786e674 b i2c_dp_last_chip
8786e678 b i2c_mm_last_addr
8786e67c b i2c_mm_last_alen
8786e680 b i2c_mm_last_chip
8786e684 b a_b
8786e69c b bin_start_address
8786e6a0 b his_eol
8786e6a1 b his_pad_char
8786e6a4 b his_pad_count
8786e6a8 b his_quote
8786e6ac b k_data_escape
8786e6b0 b k_data_escape_saved
8786e6b4 b os_data_addr
8786e6b8 b os_data_addr_saved
8786e6bc b os_data_char
8786e6c0 b os_data_init
8786e6c4 b os_data_state
8786e6c8 b os_data_state_saved
8786e6cc b send_parms
8786e6e0 b send_ptr
8786e6e4 b base_address
8786e6e8 b dp_last_addr
8786e6ec b dp_last_size
8786e6f0 b mm_last_addr
8786e6f4 b mm_last_size
8786e6f8 b currdev
8786e6fc b flash
8786e700 b ums
8786e704 b ums_count
8786e708 b buf.9769
8786e730 b do_repeat
8786e734 b flag_repeat
8786e738 b ifs
8786e73c b last_return_code
8786e740 b map
8786e840 b the_command.9569
8786ec44 b top_vars
8786ec48 b stored_bootdelay
8786ec4c B monitor_flash_len
8786ec50 B images
8786ed80 b current_mii
8786ed84 b mii_devs
8786ed8c B usb_started
8786ed90 b running.11003
8786ed94 b CBWTag
8786edc0 b usb_ccb
8786eec0 b usb_max_devs
8786eec4 B console_buffer
8786f2c8 b hist_add_idx
8786f2cc b hist_lines
878742e0 b hist_list
87874330 b hist_max
87874334 b hist_num
87874338 b initted.9370
8787433c B cd_count
87874348 B console_devices
87874354 b ctrlc_disabled
87874358 b ctrlc_was_pressed
8787435c b tstcdev
87874360 b current_mallinfo
87874388 b max_sbrked_mem
8787438c b max_total_mem
87874390 B mem_malloc_brk
87874394 B mem_malloc_end
87874398 B mem_malloc_start
8787439c b top_pad
878743a0 b andr_tmp_str
878745a4 b devs
878745f0 B stdio_devices
878745fc b env_complete_buf
878747fc b tmp_buf
87874c00 b xyz
87875034 b name.9386
87875059 b boot_addr_start.9244
87875070 B fastboot_buf_addr
87875074 B fastboot_buf_size
87875078 B fastboot_progress_callback
8787507c B metrics
87875098 b fastboot_bytes_expected
8787509c b fastboot_bytes_received
878750a0 b g_a_cmd_buff
878750e0 b boot_dev_part.12549
87875100 b serial
87875120 B g_pcount
87875124 B g_ptable
87875d24 b initialized.11114
87875d28 B curr_video_link
87875d2c B temp_stack
87875d44 B video_links
87875d8c B video_links_num
87875d90 B video_off
87875d94 b serial_current
87875d98 b serial_devices
87875d9c b wr_sfaddr.10973
87875da0 b epnum
87875da4 b composite
87875da8 b g_dnl_detach_request
87875da9 b g_dnl_serial
87875eac b controller_index
87875eb0 b state.11188
87875eb4 b the_fsg_common
87875eb8 b ums
87875ebc b ums_count
87875ec0 b unknown.11444
87875ed0 b fastboot_func
87875ed4 b dev_array
87875ee4 b asynch_allowed
87875ee8 b flags_list
87875eec b callback_list
87875ef0 b env_mmc_orig_hwpart
87875ef4 b fs_dev_desc
87875ef8 b fs_dev_part
87875efc b fs_partition
87875f74 b fs_type
87875f78 B ext_fs
87875fc0 B ext4fs_file
87875fc4 B ext4fs_indir1_block
87875fc8 B ext4fs_indir1_size
87875fcc B ext4fs_indir2_block
87875fd0 B ext4fs_indir2_size
87875fd4 B ext4fs_indir3_block
87875fd8 B ext4fs_indir3_size
87875fdc B ext4fs_root
87875fe0 B g_parent_inode
87875fe4 b symlinknest
87875fe8 b part_info
87875fec B part_offset
87875ff0 B dirty_block_ptr
87876180 B gd_index
87876184 B gindex
87876188 B journal_ptr
87876318 B jrnl_blk_idx
8787631c b prev_node
87876320 b revk_blk_list
87876324 b cur_dev
87876328 b cur_part_info
878763c0 b tmpbuf_cluster
8787ba48 R __rel_dyn_end
8787ba48 R _end
8787ba48 R _image_binary_end
878863c0 b total_sector
878863c4 b rs
878863c8 b app_gd
878863cc b current_image
878863d0 b efi_gd
878863d8 b mono.11978
878863e0 b ret.11907
878863e4 b console_timer_event
878863e8 b key_available
878863ec b next_key
878863f8 B efi_memory_map_key
878863fc B efi_root
87886400 b efi_variables_list
87886404 b watchdog_timer_event
87886408 b dhcp_ack
8788640c b network_timer_event
87886410 b new_rx_packet
87886414 b new_tx_packet
87886418 b transmit_buffer
8788641c b wait_for_packet
87886420 B errno
87886424 B ___strtok
87886428 b local.11507
87886440 B arp_tx_packet
87886444 b arp_tx_packet_buf
87886a84 B arp_wait_packet_ethaddr
87886a88 B arp_wait_timer_start
87886a8c B arp_wait_try
87886a90 B arp_wait_tx_packet_size
87886a94 B net_arp_wait_packet_ip
87886a98 b net_arp_wait_reply_ip
87886a9c B bootp_ids
87886aac B bootp_num_ids
87886ab0 B bootp_start
87886ab4 B bootp_timeout
87886ab8 B bootp_try
87886abc b dhcp_leasetime
87886ac0 b dhcp_option_overload
87886ac4 b dhcp_server_ip
87886ac8 b dhcp_state
87886acc B net_hostname
87886aec B net_nis_domain
87886b0c B net_root_path
87886b4c b time_taken_max
87886b50 b eth_errno
87886b54 b act.10486
87886b58 b env_changed_id.10487
87886b5c b first_failed.10481
87886b60 b arp_packet_handler
87886b64 B net_boot_file_expected_size_in_blocks
87886b68 B net_boot_file_name
87886f68 B net_boot_file_name_explicit
87886f6c B net_boot_file_size
87886f70 b net_dev_exists
87886f74 B net_dns_server
87886f78 B net_ethaddr
87886f80 B net_gateway
87886f84 B net_ip
87886f88 b net_ip_id
87886f8c B net_netmask
87886f90 b net_pkt_buf
87888dd0 B net_restart_wrap
87888dd4 b net_restarted
87888dd8 B net_rx_packet
87888ddc B net_rx_packet_len
87888de0 B net_rx_packets
87888df0 B net_server_ethaddr
87888df8 B net_server_ip
87888dfc B net_state
87888e00 b net_try_count
87888e04 B net_tx_packet
87888e08 B push_packet
87888e0c b time_delta
87888e10 b time_handler
87888e14 b time_start
87888e18 b time_start
87888e1c b udp_packet_handler
87888e20 b dirfh
87888e40 b filefh
87888e80 b filefh3_length
87888e84 b fs_mounted
87888e88 b nfs_download_state
87888e8c b nfs_filename
87888e90 b nfs_len
87888e94 b nfs_our_port
87888e98 b nfs_path
87888e9c b nfs_path_buff
8788969c b nfs_server_ip
878896a0 b nfs_server_mount_port
878896a4 b nfs_server_port
878896a8 b nfs_state
878896ac b nfs_timeout_count
878896b0 b rpc_id
878896b4 B net_ping_ip
878896b8 b ping_seq_number
878896ba b default_filename
878896c8 b tftp_block_wrap
878896cc b tftp_block_wrap_offset
878896d0 b tftp_cur_block
878896d4 b tftp_filename
87889754 b tftp_load_addr
87889758 b tftp_load_size
8788975c b tftp_our_port
87889760 b tftp_prev_block
87889764 b tftp_remote_ip
87889768 b tftp_remote_port
8788976c b tftp_state
87889770 b timeout_count
87889774 ? __bss_end
87889774 B __bss_limit
