Archive member included to satisfy reference by file (symbol)

arch/arm/lib/lib.a(lib1funcs.o)
                              arch/arm/mach-imx/built-in.o (__aeabi_uidiv)
arch/arm/lib/lib.a(uldivmod.o)
                              lib/built-in.o (__aeabi_uldivmod)
arch/arm/lib/lib.a(div0.o)    arch/arm/lib/lib.a(lib1funcs.o) (__div0)

Discarded input sections

 .data          0x0000000000000000        0x0 arch/arm/cpu/armv7/start.o
 .bss           0x0000000000000000        0x0 arch/arm/cpu/armv7/start.o
 .text.v7_arch_cp15_set_l2aux_ctrl
                0x0000000000000000        0x6 arch/arm/cpu/armv7/built-in.o
 .text.v7_arch_cp15_set_acr
                0x0000000000000000        0x6 arch/arm/cpu/armv7/built-in.o
 .text.sdelay   0x0000000000000000        0x6 arch/arm/cpu/armv7/built-in.o
 .text.wait_on_value
                0x0000000000000000       0x1e arch/arm/cpu/armv7/built-in.o
 .text.s_init   0x0000000000000000        0x4 arch/arm/cpu/armv7/built-in.o
 .data          0x0000000000000000        0x0 arch/arm/cpu/armv7/built-in.o
 .bss           0x0000000000000000        0x0 arch/arm/cpu/armv7/built-in.o
 .text.armv7_boot_nonsec_default
                0x0000000000000000        0x4 arch/arm/lib/built-in.o
 .text.reset_misc
                0x0000000000000000        0x2 arch/arm/lib/built-in.o
 .text.enable_caches
                0x0000000000000000        0xc arch/arm/lib/built-in.o
 .text.invalidate_dcache_range
                0x0000000000000000        0x2 arch/arm/lib/built-in.o
 .text.flush_dcache_range
                0x0000000000000000        0x2 arch/arm/lib/built-in.o
 .text.flush_dcache_all
                0x0000000000000000        0xa arch/arm/lib/built-in.o
 .text.invalidate_l2_cache
                0x0000000000000000        0xc arch/arm/lib/built-in.o
 .text.arm_init_before_mmu
                0x0000000000000000        0x2 arch/arm/lib/built-in.o
 .text.mmu_page_table_flush
                0x0000000000000000        0x2 arch/arm/lib/built-in.o
 .text.fdt_psci
                0x0000000000000000        0x4 arch/arm/lib/built-in.o
 .rodata.enable_caches.str1.1
                0x0000000000000000       0x1d arch/arm/lib/built-in.o
 .data          0x0000000000000000        0x0 arch/arm/lib/built-in.o
 .__secure_end  0x0000000000000000        0x0 arch/arm/lib/built-in.o
 .__secure_stack_end
                0x0000000000000000        0x0 arch/arm/lib/built-in.o
 .__secure_stack_start
                0x0000000000000000        0x0 arch/arm/lib/built-in.o
 .__secure_start
                0x0000000000000000        0x0 arch/arm/lib/built-in.o
 .bss           0x0000000000000000        0x0 arch/arm/lib/built-in.o
 .text          0x0000000000000000        0x0 arch/arm/mach-imx/built-in.o
 .text.imx_iomux_set_gpr_register
                0x0000000000000000       0x3c arch/arm/mach-imx/built-in.o
 .text.cpu_eth_init
                0x0000000000000000        0x4 arch/arm/mach-imx/built-in.o
 .text.cpu_mmc_init
                0x0000000000000000        0x4 arch/arm/mach-imx/built-in.o
 .text.set_chipselect_size
                0x0000000000000000       0x64 arch/arm/mach-imx/built-in.o
 .text.force_idle_bus
                0x0000000000000000      0x14c arch/arm/mach-imx/built-in.o
 .text.setup_i2c
                0x0000000000000000       0x74 arch/arm/mach-imx/built-in.o
 .text.set_dt_val
                0x0000000000000000       0x22 arch/arm/mach-imx/built-in.o
 .text.imx_sec_init
                0x0000000000000000        0x4 arch/arm/mach-imx/built-in.o
 .text.add_dt_path_subnode
                0x0000000000000000       0x22 arch/arm/mach-imx/built-in.o
 .text.add_res_mem_dt_node
                0x0000000000000000      0x134 arch/arm/mach-imx/built-in.o
 .text.imx6_src_get_boot_mode
                0x0000000000000000       0x24 arch/arm/mach-imx/built-in.o
 .text.usec2ticks
                0x0000000000000000       0x48 arch/arm/mach-imx/built-in.o
 .text.get_nr_cpus
                0x0000000000000000       0x10 arch/arm/mach-imx/built-in.o
 .text.gpr_init
                0x0000000000000000       0xb4 arch/arm/mach-imx/built-in.o
 .text.enable_uart_clk
                0x0000000000000000       0x4c arch/arm/mach-imx/built-in.o
 .text.enable_usdhc_clk
                0x0000000000000000       0x38 arch/arm/mach-imx/built-in.o
 .text.enable_spi_clk
                0x0000000000000000       0x2c arch/arm/mach-imx/built-in.o
 .text.enable_lvds_bridge
                0x0000000000000000      0x1ac arch/arm/mach-imx/built-in.o
 .text.enable_ipu_clock
                0x0000000000000000       0x40 arch/arm/mach-imx/built-in.o
 .text.disable_ipu_clock
                0x0000000000000000       0x40 arch/arm/mach-imx/built-in.o
 .text.mx6_ecspi_fused
                0x0000000000000000       0x48 arch/arm/mach-imx/built-in.o
 .text.mx6_uart_fused
                0x0000000000000000       0x6c arch/arm/mach-imx/built-in.o
 .rodata.set_chipselect_size.str1.1
                0x0000000000000000       0x1e arch/arm/mach-imx/built-in.o
[...]
Memory Configuration

Name             Origin             Length             Attributes
*default*        0x0000000000000000 0xffffffffffffffff

Linker script and memory map

Address of section .text set to 0x87800000
                0x0000000000000000                . = 0x0
                0x0000000000000000                . = ALIGN (0x4)

.text           0x0000000087800000      0x3a8
 *(.__image_copy_start)
 .__image_copy_start
                0x0000000087800000        0x0 arch/arm/lib/built-in.o
                0x0000000087800000                __image_copy_start
 *(.vectors)
 .vectors       0x0000000087800000      0x2e8 arch/arm/lib/built-in.o
                0x0000000087800000                _start
                0x0000000087800020                _undefined_instruction
                0x0000000087800024                _software_interrupt
                0x0000000087800028                _prefetch_abort
                0x000000008780002c                _data_abort
                0x0000000087800030                _not_used
                0x0000000087800034                _irq
                0x0000000087800038                _fiq
                0x0000000087800040                IRQ_STACK_START_IN
 arch/arm/cpu/armv7/start.o(.text*)
 .text          0x00000000878002e8       0xc0 arch/arm/cpu/armv7/start.o
                0x00000000878002e8                reset
                0x00000000878002ec                save_boot_params_ret
                0x0000000087800328                c_runtime_cpu_setup
                0x0000000087800338                save_boot_params
                0x000000008780033c                cpu_init_cp15
                0x000000008780039c                cpu_init_crit

.glue_7         0x00000000878003a8        0x0
 .glue_7        0x00000000878003a8        0x0 linker stubs

.glue_7t        0x00000000878003a8        0x0
 .glue_7t       0x00000000878003a8        0x0 linker stubs

.vfp11_veneer   0x00000000878003a8        0x0
 .vfp11_veneer  0x00000000878003a8        0x0 linker stubs

.v4_bx          0x00000000878003a8        0x0
 .v4_bx         0x00000000878003a8        0x0 linker stubs

.iplt           0x00000000878003a8        0x0
 .iplt          0x00000000878003a8        0x0 arch/arm/cpu/armv7/start.o

.__efi_runtime_start
                0x00000000878003a8        0x0
 *(.__efi_runtime_start)
 .__efi_runtime_start
                0x00000000878003a8        0x0 arch/arm/lib/built-in.o

.efi_runtime    0x00000000878003a8      0x7e8
 *(.text.efi_runtime*)
 .text.efi_runtime
                0x00000000878003a8      0x1a8 lib/built-in.o
                0x00000000878003a8                efi_reset_system
                0x00000000878003aa                efi_get_time
                0x00000000878003b4                efi_set_time
                0x00000000878003d4                efi_update_capsule
                0x00000000878003dc                efi_query_capsule_caps
                0x0000000087800480                efi_update_table_header_crc32
                0x00000000878004ac                efi_query_variable_info
                0x00000000878004b4                crc32_no_comp
                0x0000000087800544                crc32
 .text.efi_runtime_detach
                0x0000000087800550       0x24 lib/built-in.o
                0x0000000087800550                efi_runtime_detach
 .text.efi_runtime_relocate
                0x0000000087800574       0xf8 lib/built-in.o
                0x0000000087800574                efi_runtime_relocate
 *(.rodata.efi_runtime*)
 .rodata.efi_runtime_relocate.str1.1
                0x000000008780066c       0x4e lib/built-in.o
 *(.data.efi_runtime*)
 *fill*         0x00000000878006ba        0x6 
 .data.efi_runtime
                0x00000000878006c0      0x4c8 lib/built-in.o
                0x00000000878006c0                efi_events
                0x00000000878006c8                systab
                0x0000000087800738                efi_runtime_services
 .data.efi_runtime_mmio
                0x0000000087800b88        0x8 lib/built-in.o
                0x0000000087800b88                efi_runtime_mmio

.__efi_runtime_stop
                0x0000000087800b90        0x0
 *(.__efi_runtime_stop)
 .__efi_runtime_stop
                0x0000000087800b90        0x0 arch/arm/lib/built-in.o

.text_rest      0x0000000087800ba0    0x45b4a
 *(.text*)
 .text          0x0000000087800ba0      0x168 arch/arm/cpu/armv7/built-in.o
                0x0000000087800ba0                __v7_flush_dcache_all
                0x0000000087800c3c                v7_flush_dcache_all
                0x0000000087800c4c                __v7_invalidate_dcache_all
                0x0000000087800ce8                v7_invalidate_dcache_all
                0x0000000087800cf8                allow_unaligned
 .text.invalidate_icache_all
                0x0000000087800d08       0x14 arch/arm/cpu/armv7/built-in.o
                0x0000000087800d08                invalidate_icache_all
 .text.v7_outer_cache_enable
                0x0000000087800d1c        0x2 arch/arm/cpu/armv7/built-in.o
                0x0000000087800d1c                v7_outer_cache_enable
 .text.v7_outer_cache_disable
                0x0000000087800d1e        0x2 arch/arm/cpu/armv7/built-in.o
                0x0000000087800d1e                v7_outer_cache_disable
 .text.v7_outer_cache_flush_all
                0x0000000087800d20        0x2 arch/arm/cpu/armv7/built-in.o
                0x0000000087800d20                v7_outer_cache_flush_all
 .text.flush_dcache_all
                0x0000000087800d22        0xe arch/arm/cpu/armv7/built-in.o
                0x0000000087800d22                flush_dcache_all
 .text.v7_outer_cache_inval_all
                0x0000000087800d30        0x2 arch/arm/cpu/armv7/built-in.o
                0x0000000087800d30                v7_outer_cache_inval_all
 .text.invalidate_dcache_all
                0x0000000087800d32        0xe arch/arm/cpu/armv7/built-in.o
                0x0000000087800d32                invalidate_dcache_all
 .text.arm_init_before_mmu
                0x0000000087800d40       0x22 arch/arm/cpu/armv7/built-in.o
                0x0000000087800d40                arm_init_before_mmu
 .text.v7_outer_cache_flush_range
                0x0000000087800d62        0x2 arch/arm/cpu/armv7/built-in.o
                0x0000000087800d62                v7_outer_cache_flush_range
 .text.flush_dcache_range
                0x0000000087800d64       0x38 arch/arm/cpu/armv7/built-in.o
                0x0000000087800d64                flush_dcache_range
 .text.mmu_page_table_flush
                0x0000000087800d9c       0x1e arch/arm/cpu/armv7/built-in.o
                0x0000000087800d9c                mmu_page_table_flush
 .text.v7_outer_cache_inval_range
                0x0000000087800dba        0x2 arch/arm/cpu/armv7/built-in.o
                0x0000000087800dba                v7_outer_cache_inval_range
 .text.invalidate_dcache_range
                0x0000000087800dbc       0x42 arch/arm/cpu/armv7/built-in.o
                0x0000000087800dbc                invalidate_dcache_range
 .text.cpu_cache_initialization
                0x0000000087800dfe        0x2 arch/arm/cpu/armv7/built-in.o
                0x0000000087800dfe                cpu_cache_initialization
 .text.cleanup_before_linux_select
                0x0000000087800e00       0x3e arch/arm/cpu/armv7/built-in.o
                0x0000000087800e00                cleanup_before_linux_select
 .text.cleanup_before_linux
                0x0000000087800e3e        0x6 arch/arm/cpu/armv7/built-in.o
                0x0000000087800e3e                cleanup_before_linux
 .text.lowlevel_init
                0x0000000087800e44       0x24 arch/arm/cpu/armv7/built-in.o
                0x0000000087800e44                lowlevel_init
 *fill*         0x0000000087800e68       0x18 
 .text          0x0000000087800e80      0x424 arch/arm/lib/built-in.o
                0x0000000087800e80                _main
                0x0000000087800f20                memset
                0x0000000087800fc0                memcpy
 .text.setjmp   0x00000000878012a4       0x10 arch/arm/lib/built-in.o
                0x00000000878012a4                setjmp
 .text.longjmp  0x00000000878012b4       0x1c arch/arm/lib/built-in.o
                0x00000000878012b4                longjmp
 .text.relocate_vectors
                0x00000000878012d0       0x70 arch/arm/lib/built-in.o
                0x00000000878012d0                relocate_vectors
                0x00000000878012dc                relocate_code
 .text.arch_fixup_fdt
                0x0000000087801340       0x24 arch/arm/lib/built-in.o
                0x0000000087801340                arch_fixup_fdt
 .text.setup_initrd_tag.isra.0
                0x0000000087801364       0x2c arch/arm/lib/built-in.o
 .text.arch_lmb_reserve
                0x0000000087801390       0x34 arch/arm/lib/built-in.o
                0x0000000087801390                arch_lmb_reserve
 .text.board_quiesce_devices
                0x00000000878013c4        0x2 arch/arm/lib/built-in.o
                0x00000000878013c4                board_quiesce_devices
 *fill*         0x00000000878013c6        0x2 
 .text.boot_jump_linux
                0x00000000878013c8       0x90 arch/arm/lib/built-in.o
 .text.setup_board_tags
                0x0000000087801458        0x2 arch/arm/lib/built-in.o
                0x0000000087801458                setup_board_tags
 .text.board_prep_linux
                0x000000008780145a        0x2 arch/arm/lib/built-in.o
                0x000000008780145a                board_prep_linux
 .text.boot_prep_linux
                0x000000008780145c      0x158 arch/arm/lib/built-in.o
 .text.do_bootm_linux
                0x00000000878015b4       0x44 arch/arm/lib/built-in.o
                0x00000000878015b4                do_bootm_linux
 .text.boot_prep_vxworks
                0x00000000878015f8       0x30 arch/arm/lib/built-in.o
                0x00000000878015f8                boot_prep_vxworks
 .text.boot_jump_vxworks
                0x0000000087801628        0x6 arch/arm/lib/built-in.o
                0x0000000087801628                boot_jump_vxworks
 *fill*         0x000000008780162e        0x2 
 .text.bootz_setup
                0x0000000087801630       0x90 arch/arm/lib/built-in.o
                0x0000000087801630                bootz_setup
 .text.arch_reserve_stacks
                0x00000000878016c0       0x16 arch/arm/lib/built-in.o
                0x00000000878016c0                arch_reserve_stacks
 *fill*         0x00000000878016d6        0x2 
 .text.interrupt_init
                0x00000000878016d8       0x14 arch/arm/lib/built-in.o
                0x00000000878016d8                interrupt_init
 .text.enable_interrupts
                0x00000000878016ec        0x2 arch/arm/lib/built-in.o
                0x00000000878016ec                enable_interrupts
 .text.disable_interrupts
                0x00000000878016ee        0x4 arch/arm/lib/built-in.o
                0x00000000878016ee                disable_interrupts
 *fill*         0x00000000878016f2        0x2 
 .text.bad_mode
                0x00000000878016f4        0xc arch/arm/lib/built-in.o
                0x00000000878016f4                bad_mode
 .text.show_regs
                0x0000000087801700      0x184 arch/arm/lib/built-in.o
                0x0000000087801700                show_regs
 .text.do_undefined_instruction
                0x0000000087801884       0x28 arch/arm/lib/built-in.o
                0x0000000087801884                do_undefined_instruction
 .text.do_software_interrupt
                0x00000000878018ac       0x28 arch/arm/lib/built-in.o
                0x00000000878018ac                do_software_interrupt
 .text.do_prefetch_abort
                0x00000000878018d4       0x28 arch/arm/lib/built-in.o
                0x00000000878018d4                do_prefetch_abort
 .text.do_data_abort
                0x00000000878018fc       0x28 arch/arm/lib/built-in.o
                0x00000000878018fc                do_data_abort
 .text.do_not_used
                0x0000000087801924       0x28 arch/arm/lib/built-in.o
                0x0000000087801924                do_not_used
 .text.do_fiq   0x000000008780194c       0x28 arch/arm/lib/built-in.o
                0x000000008780194c                do_fiq
 .text.do_irq   0x0000000087801974       0x28 arch/arm/lib/built-in.o
                0x0000000087801974                do_irq
 .text.do_reset
                0x000000008780199c       0x28 arch/arm/lib/built-in.o
                0x000000008780199c                do_reset
 .text.flush_cache
                0x00000000878019c4        0x6 arch/arm/lib/built-in.o
                0x00000000878019c4                flush_cache
 *fill*         0x00000000878019ca        0x2 
 .text.check_cache_range
                0x00000000878019cc       0x20 arch/arm/lib/built-in.o
                0x00000000878019cc                check_cache_range
 .text.cache_disable
                0x00000000878019ec       0x3c arch/arm/lib/built-in.o
 .text.arm_init_domains
                0x0000000087801a28        0x2 arch/arm/lib/built-in.o
                0x0000000087801a28                arm_init_domains
 .text.set_section_dcache
                0x0000000087801a2a       0x12 arch/arm/lib/built-in.o
                0x0000000087801a2a                set_section_dcache
 .text.mmu_set_region_dcache_behaviour
                0x0000000087801a3c       0x40 arch/arm/lib/built-in.o
                0x0000000087801a3c                mmu_set_region_dcache_behaviour
 .text.dram_bank_mmu_setup
                0x0000000087801a7c       0x28 arch/arm/lib/built-in.o
                0x0000000087801a7c                dram_bank_mmu_setup
 .text.icache_enable
                0x0000000087801aa4       0x12 arch/arm/lib/built-in.o
                0x0000000087801aa4                icache_enable
 .text.icache_disable
                0x0000000087801ab6        0x8 arch/arm/lib/built-in.o
                0x0000000087801ab6                icache_disable
 .text.icache_status
                0x0000000087801abe        0xa arch/arm/lib/built-in.o
                0x0000000087801abe                icache_status
 .text.dcache_enable
                0x0000000087801ac8       0x6e arch/arm/lib/built-in.o
                0x0000000087801ac8                dcache_enable
 .text.dcache_disable
                0x0000000087801b36        0x6 arch/arm/lib/built-in.o
                0x0000000087801b36                dcache_disable
 .text.dcache_status
                0x0000000087801b3c        0xa arch/arm/lib/built-in.o
                0x0000000087801b3c                dcache_status
 *fill*         0x0000000087801b46        0x2 
 .text.imx_iomux_v3_setup_pad
                0x0000000087801b48       0xd8 arch/arm/mach-imx/built-in.o
                0x0000000087801b48                imx_iomux_v3_setup_pad
 .text.imx_iomux_v3_setup_multiple_pads
                0x0000000087801c20       0x1a arch/arm/mach-imx/built-in.o
                0x0000000087801c20                imx_iomux_v3_setup_multiple_pads
 *fill*         0x0000000087801c3a        0x2 
 .text.get_imx_reset_cause
                0x0000000087801c3c       0x20 arch/arm/mach-imx/built-in.o
                0x0000000087801c3c                get_imx_reset_cause
 .text.get_reset_cause
                0x0000000087801c5c       0xa0 arch/arm/mach-imx/built-in.o
 .text.get_reboot_reason
                0x0000000087801cfc       0x28 arch/arm/mach-imx/built-in.o
                0x0000000087801cfc                get_reboot_reason
 .text.get_imx_type
                0x0000000087801d24      0x268 arch/arm/mach-imx/built-in.o
                0x0000000087801d24                get_imx_type
 .text.print_cpuinfo
                0x0000000087801f8c       0xf8 arch/arm/mach-imx/built-in.o
                0x0000000087801f8c                print_cpuinfo
 .text.get_ahb_clk
                0x0000000087802084       0x1c arch/arm/mach-imx/built-in.o
                0x0000000087802084                get_ahb_clk
 .text.arch_preboot_os
                0x00000000878020a0        0x2 arch/arm/mach-imx/built-in.o
                0x00000000878020a0                arch_preboot_os
 .text.get_clocks
                0x00000000878020a2       0x12 arch/arm/mach-imx/built-in.o
                0x00000000878020a2                get_clocks
 .text.imx_ddr_size
                0x00000000878020b4       0x54 arch/arm/mach-imx/built-in.o
                0x00000000878020b4                imx_ddr_size
 .text.mxs_wait_mask_set
                0x0000000087802108       0x28 arch/arm/mach-imx/built-in.o
                0x0000000087802108                mxs_wait_mask_set
 .text.mxs_wait_mask_clr
                0x0000000087802130       0x26 arch/arm/mach-imx/built-in.o
                0x0000000087802130                mxs_wait_mask_clr
 *fill*         0x0000000087802156        0x2 
 .text.mxs_reset_block
                0x0000000087802158       0x6c arch/arm/mach-imx/built-in.o
                0x0000000087802158                mxs_reset_block
 .text.board_lmb_reserve
                0x00000000878021c4       0x2a arch/arm/mach-imx/built-in.o
                0x00000000878021c4                board_lmb_reserve
 *fill*         0x00000000878021ee        0x2 
 .text.configure_tzc380
                0x00000000878021f0       0x24 arch/arm/mach-imx/built-in.o
                0x00000000878021f0                configure_tzc380
 .text.enable_caches
                0x0000000087802214       0x50 arch/arm/mach-imx/built-in.o
                0x0000000087802214                enable_caches
 .text.init_aips
                0x0000000087802264       0xd4 arch/arm/mach-imx/built-in.o
                0x0000000087802264                init_aips
 .text.imx_wdog_disable_powerdown
                0x0000000087802338       0x98 arch/arm/mach-imx/built-in.o
                0x0000000087802338                imx_wdog_disable_powerdown
 .text.init_src
                0x00000000878023d0       0x18 arch/arm/mach-imx/built-in.o
                0x00000000878023d0                init_src
 .text.boot_mode_apply
                0x00000000878023e8       0x28 arch/arm/mach-imx/built-in.o
                0x00000000878023e8                boot_mode_apply
 .text.imx_get_mac_from_fuse
                0x0000000087802410       0xe4 arch/arm/mach-imx/built-in.o
                0x0000000087802410                imx_get_mac_from_fuse
 .text.timer_init
                0x00000000878024f4       0x3c arch/arm/mach-imx/built-in.o
                0x00000000878024f4                timer_init
 .text.get_ticks
                0x0000000087802530       0x12 arch/arm/mach-imx/built-in.o
                0x0000000087802530                get_ticks
 .text.get_timer
                0x0000000087802542       0x46 arch/arm/mach-imx/built-in.o
                0x0000000087802542                get_timer
 .text.__udelay
                0x0000000087802588       0x8c arch/arm/mach-imx/built-in.o
                0x0000000087802588                __udelay
 .text.get_tbclk
                0x0000000087802614        0x6 arch/arm/mach-imx/built-in.o
                0x0000000087802614                get_tbclk
 *fill*         0x000000008780261a        0x2 
 .text.create_usage
                0x000000008780261c       0x60 arch/arm/mach-imx/built-in.o
 .text.do_boot_mode
                0x000000008780267c       0x88 arch/arm/mach-imx/built-in.o
 .text.add_board_boot_modes
                0x0000000087802704       0x3c arch/arm/mach-imx/built-in.o
                0x0000000087802704                add_board_boot_modes
 .text.get_cpu_rev
                0x0000000087802740       0x9c arch/arm/mach-imx/built-in.o
                0x0000000087802740                get_cpu_rev
 .text.get_cpu_speed_grade_hz
                0x00000000878027dc       0xf4 arch/arm/mach-imx/built-in.o
                0x00000000878027dc                get_cpu_speed_grade_hz
 .text.get_cpu_temp_grade
                0x00000000878028d0       0x48 arch/arm/mach-imx/built-in.o
                0x00000000878028d0                get_cpu_temp_grade
 .text.get_board_rev
                0x0000000087802918       0x26 arch/arm/mach-imx/built-in.o
                0x0000000087802918                get_board_rev
 *fill*         0x000000008780293e        0x2 
 .text.set_ldo_voltage
                0x0000000087802940       0xa4 arch/arm/mach-imx/built-in.o
                0x0000000087802940                set_ldo_voltage
 .text.is_usb_boot
                0x00000000878029e4        0x8 arch/arm/mach-imx/built-in.o
                0x00000000878029e4                is_usb_boot
 .text.mmc_get_boot_dev
                0x00000000878029ec       0x28 arch/arm/mach-imx/built-in.o
 .text.arch_cpu_init
                0x0000000087802a14      0x374 arch/arm/mach-imx/built-in.o
                0x0000000087802a14                arch_cpu_init
 .text.board_mmc_get_env_dev
                0x0000000087802d88        0x2 arch/arm/mach-imx/built-in.o
                0x0000000087802d88                board_mmc_get_env_dev
 *fill*         0x0000000087802d8a        0x2 
 .text.mmc_get_env_dev
                0x0000000087802d8c       0x24 arch/arm/mach-imx/built-in.o
                0x0000000087802d8c                mmc_get_env_dev
 .text.board_mmc_get_env_part
                0x0000000087802db0        0x4 arch/arm/mach-imx/built-in.o
                0x0000000087802db0                board_mmc_get_env_part
 .text.mmc_get_env_part
                0x0000000087802db4       0x16 arch/arm/mach-imx/built-in.o
                0x0000000087802db4                mmc_get_env_part
 .text.board_postclk_init
                0x0000000087802dca       0x1c arch/arm/mach-imx/built-in.o
                0x0000000087802dca                board_postclk_init
 *fill*         0x0000000087802de6        0x2 
 .text.get_board_serial
                0x0000000087802de8       0x14 arch/arm/mach-imx/built-in.o
                0x0000000087802de8                get_board_serial
 .text.get_boot_device
                0x0000000087802dfc       0x4c arch/arm/mach-imx/built-in.o
                0x0000000087802dfc                get_boot_device
 .text.set_wdog_reset
                0x0000000087802e48       0x1a arch/arm/mach-imx/built-in.o
                0x0000000087802e48                set_wdog_reset
 .text.reset_misc
                0x0000000087802e62        0x2 arch/arm/mach-imx/built-in.o
                0x0000000087802e62                reset_misc
 .text.s_init   0x0000000087802e64       0xc4 arch/arm/mach-imx/built-in.o
                0x0000000087802e64                s_init
 .text.get_ipg_clk
                0x0000000087802f28       0x1c arch/arm/mach-imx/built-in.o
 .text.enable_pll_video.constprop.0
                0x0000000087802f44       0xc4 arch/arm/mach-imx/built-in.o
 .text.get_uart_clk
                0x0000000087803008       0xa8 arch/arm/mach-imx/built-in.o
 .text.mxc_get_pll_pfd
                0x00000000878030b0       0x88 arch/arm/mach-imx/built-in.o
 .text.get_usdhc_clk
                0x0000000087803138       0x98 arch/arm/mach-imx/built-in.o
 .text.enable_ocotp_clk
                0x00000000878031d0       0x1c arch/arm/mach-imx/built-in.o
                0x00000000878031d0                enable_ocotp_clk
 .text.enable_usboh3_clk
                0x00000000878031ec       0x20 arch/arm/mach-imx/built-in.o
                0x00000000878031ec                enable_usboh3_clk
 .text.enable_enet_clk
                0x000000008780320c       0x54 arch/arm/mach-imx/built-in.o
                0x000000008780320c                enable_enet_clk
 .text.enable_i2c_clk
                0x0000000087803260       0x94 arch/arm/mach-imx/built-in.o
                0x0000000087803260                enable_i2c_clk
 .text.get_periph_clk
                0x00000000878032f4       0x88 arch/arm/mach-imx/built-in.o
                0x00000000878032f4                get_periph_clk
 .text.get_axi_clk
                0x000000008780337c       0x34 arch/arm/mach-imx/built-in.o
 .text.enable_lcdif_clock
                0x00000000878033b0      0x21c arch/arm/mach-imx/built-in.o
                0x00000000878033b0                enable_lcdif_clock
 .text.mxs_set_lcdclk
                0x00000000878035cc      0x2b0 arch/arm/mach-imx/built-in.o
                0x00000000878035cc                mxs_set_lcdclk
 .text.enable_qspi_clk
                0x000000008780387c       0x78 arch/arm/mach-imx/built-in.o
                0x000000008780387c                enable_qspi_clk
 .text.enable_fec_anatop_clock
                0x00000000878038f4       0xb8 arch/arm/mach-imx/built-in.o
                0x00000000878038f4                enable_fec_anatop_clock
 .text.imx_get_uartclk
                0x00000000878039ac        0x4 arch/arm/mach-imx/built-in.o
                0x00000000878039ac                imx_get_uartclk
 .text.enable_thermal_clk
                0x00000000878039b0       0x44 arch/arm/mach-imx/built-in.o
                0x00000000878039b0                enable_thermal_clk
 .text.mxc_get_clock
                0x00000000878039f4      0x36c arch/arm/mach-imx/built-in.o
                0x00000000878039f4                mxc_get_clock
 .text.imx_get_fecclk
                0x0000000087803d60        0x6 arch/arm/mach-imx/built-in.o
                0x0000000087803d60                imx_get_fecclk
 *fill*         0x0000000087803d66        0x2 
 .text.do_mx6_showclocks
                0x0000000087803d68      0x1c0 arch/arm/mach-imx/built-in.o
                0x0000000087803d68                do_mx6_showclocks
 .text.check_module_fused
                0x0000000087803f28       0x44 arch/arm/mach-imx/built-in.o
                0x0000000087803f28                check_module_fused
 .text.ft_system_setup
                0x0000000087803f6c       0xb4 arch/arm/mach-imx/built-in.o
                0x0000000087803f6c                ft_system_setup
 .text.mx6_esdhc_fused
                0x0000000087804020       0x3c arch/arm/mach-imx/built-in.o
                0x0000000087804020                mx6_esdhc_fused
 .text.mx6_usb_fused
                0x000000008780405c       0x10 arch/arm/mach-imx/built-in.o
                0x000000008780405c                mx6_usb_fused
 .text.mx6_qspi_fused
                0x000000008780406c        0x4 arch/arm/mach-imx/built-in.o
                0x000000008780406c                mx6_qspi_fused
 .text.mx6_i2c_fused
                0x0000000087804070       0x3c arch/arm/mach-imx/built-in.o
                0x0000000087804070                mx6_i2c_fused
 .text.mx6_enet_fused
                0x00000000878040ac       0x20 arch/arm/mach-imx/built-in.o
                0x00000000878040ac                mx6_enet_fused
 .text.mmc_map_to_kernel_blk
                0x00000000878040cc        0x2 board/freescale/common/built-in.o
                0x00000000878040cc                mmc_map_to_kernel_blk
 *fill*         0x00000000878040ce        0x2 
 .text.board_late_mmc_env_init
                0x00000000878040d0       0x6c board/freescale/common/built-in.o
                0x00000000878040d0                board_late_mmc_env_init
 .text.dram_init
                0x000000008780413c        0xe board/freescale/mx6ullevk/built-in.o
                0x000000008780413c                dram_init
 .text.board_phy_config
                0x000000008780414a       0x2e board/freescale/mx6ullevk/built-in.o
                0x000000008780414a                board_phy_config
 .text.board_early_init_f
                0x0000000087804178       0x14 board/freescale/mx6ullevk/built-in.o
                0x0000000087804178                board_early_init_f
 .text.board_init
                0x000000008780418c       0x64 board/freescale/mx6ullevk/built-in.o
                0x000000008780418c                board_init
 .text.board_late_init
                0x00000000878041f0      0x114 board/freescale/mx6ullevk/built-in.o
                0x00000000878041f0                board_late_init
 .text.checkboard
                0x0000000087804304       0x24 board/freescale/mx6ullevk/built-in.o
                0x0000000087804304                checkboard
 .text.do_go_exec
                0x0000000087804328        0x8 cmd/built-in.o
                0x0000000087804328                do_go_exec
 .text.do_go    0x0000000087804330       0x4c cmd/built-in.o
 .text.do_bootm
                0x000000008780437c       0xa0 cmd/built-in.o
                0x000000008780437c                do_bootm
 .text.do_bootd
                0x000000008780441c       0x18 cmd/built-in.o
                0x000000008780441c                do_bootd
 .text.image_info
                0x0000000087804434       0xa4 cmd/built-in.o
 .text.do_iminfo
                0x00000000878044d8       0x3c cmd/built-in.o
 .text.bootm_maybe_autostart
                0x0000000087804514       0x4c cmd/built-in.o
                0x0000000087804514                bootm_maybe_autostart
 .text.do_help  0x0000000087804560       0x2c cmd/built-in.o
 .text.do_version
                0x000000008780458c       0x30 cmd/built-in.o
 .text.blk_common_cmd
                0x00000000878045bc      0x200 cmd/built-in.o
                0x00000000878045bc                blk_common_cmd
 .text.image_source_script
                0x00000000878047bc       0x90 cmd/built-in.o
                0x00000000878047bc                image_source_script
 .text.do_source
                0x000000008780484c       0x34 cmd/built-in.o
 .text.print_num
                0x0000000087804880       0x10 cmd/built-in.o
 .text.do_bdinfo
                0x0000000087804890       0xd4 cmd/built-in.o
 .text.do_blkcache
                0x0000000087804964       0x3c cmd/built-in.o
 .text.blkc_configure
                0x00000000878049a0       0x40 cmd/built-in.o
 .text.blkc_show
                0x00000000878049e0       0x28 cmd/built-in.o
 .text.do_bmp   0x0000000087804a08       0x38 cmd/built-in.o
 .text.do_bmp_info
                0x0000000087804a40       0xac cmd/built-in.o
 .text.bmp_display
                0x0000000087804aec       0x58 cmd/built-in.o
                0x0000000087804aec                bmp_display
 .text.do_bmp_display
                0x0000000087804b44       0x98 cmd/built-in.o
 .text.efi_reserve_memory
                0x0000000087804bdc       0x58 cmd/built-in.o
 .text.do_bootefi_exec
                0x0000000087804c34      0x13c cmd/built-in.o
 .text.efi_install_fdt
                0x0000000087804d70      0x238 cmd/built-in.o
                0x0000000087804d70                efi_install_fdt
 .text.efi_run_image
                0x0000000087804fa8       0x98 cmd/built-in.o
                0x0000000087804fa8                efi_run_image
 .text.do_bootefi
                0x0000000087805040       0xb0 cmd/built-in.o
 .text.efi_set_bootdev
                0x00000000878050f0       0x68 cmd/built-in.o
                0x00000000878050f0                efi_set_bootdev
 .text.do_bootz
                0x0000000087805158       0x9c cmd/built-in.o
                0x0000000087805158                do_bootz
 .text.parse_argv
                0x00000000878051f4       0x3c cmd/built-in.o
 .text.do_icache
                0x0000000087805230       0x5c cmd/built-in.o
 .text.do_dcache
                0x000000008780528c       0x5c cmd/built-in.o
 .text.do_coninfo
                0x00000000878052e8       0x94 cmd/built-in.o
 .text.do_dm_dump_devres
                0x000000008780537c        0x4 cmd/built-in.o
 .text.do_dm    0x0000000087805380       0x44 cmd/built-in.o
 .text.do_dm_dump_drivers
                0x00000000878053c4        0xa cmd/built-in.o
 .text.do_dm_dump_uclass
                0x00000000878053ce        0xa cmd/built-in.o
 .text.do_dm_dump_all
                0x00000000878053d8        0xa cmd/built-in.o
 *fill*         0x00000000878053e2        0x2 
 .text.do_echo  0x00000000878053e4       0x80 cmd/built-in.o
 .text.load_elf_image_phdr
                0x0000000087805464       0xca cmd/built-in.o
 *fill*         0x000000008780552e        0x2 
 .text.valid_elf_image
                0x0000000087805530       0x30 cmd/built-in.o
                0x0000000087805530                valid_elf_image
 .text.do_bootelf
                0x0000000087805560      0x1b4 cmd/built-in.o
                0x0000000087805560                do_bootelf
 .text.do_bootvx
                0x0000000087805714      0x230 cmd/built-in.o
                0x0000000087805714                do_bootvx
 .text.do_exit  0x0000000087805944       0x20 cmd/built-in.o
 .text.do_ext4_size
                0x0000000087805964        0xe cmd/built-in.o
                0x0000000087805964                do_ext4_size
 .text.do_ext4_load
                0x0000000087805972        0xe cmd/built-in.o
                0x0000000087805972                do_ext4_load
 .text.do_ext4_ls
                0x0000000087805980        0xe cmd/built-in.o
                0x0000000087805980                do_ext4_ls
 .text.do_ext4_write
                0x000000008780598e        0xe cmd/built-in.o
                0x000000008780598e                do_ext4_write
 .text.do_ext2load
                0x000000008780599c        0xe cmd/built-in.o
                0x000000008780599c                do_ext2load
 .text.do_ext2ls
                0x00000000878059aa        0xe cmd/built-in.o
 .text.do_fat_size
                0x00000000878059b8        0xe cmd/built-in.o
                0x00000000878059b8                do_fat_size
 .text.do_fat_fsload
                0x00000000878059c6        0xe cmd/built-in.o
                0x00000000878059c6                do_fat_fsload
 .text.do_fat_ls
                0x00000000878059d4        0xe cmd/built-in.o
 *fill*         0x00000000878059e2        0x2 
 .text.do_fat_fsinfo
                0x00000000878059e4       0x54 cmd/built-in.o
 .text.do_fat_fswrite
                0x0000000087805a38       0xd4 cmd/built-in.o
 .text.do_fat_rm
                0x0000000087805b0c        0xe cmd/built-in.o
 .text.do_fat_mkdir
                0x0000000087805b1a        0xe cmd/built-in.o
 .text.fdt_valid
                0x0000000087805b28       0x74 cmd/built-in.o
 .text.is_printable_string
                0x0000000087805b9c       0x4c cmd/built-in.o
 .text.print_data
                0x0000000087805be8      0x104 cmd/built-in.o
 .text.set_working_fdt_addr
                0x0000000087805cec       0x14 cmd/built-in.o
                0x0000000087805cec                set_working_fdt_addr
 .text.do_fdt   0x0000000087805d00      0xa58 cmd/built-in.o
 .text.do_flinfo
                0x0000000087806758        0x4 cmd/built-in.o
 .text.do_protect
                0x000000008780675c        0xc cmd/built-in.o
 .text.do_flerase
                0x0000000087806768        0x4 cmd/built-in.o
 .text.do_size_wrapper
                0x000000008780676c        0xe cmd/built-in.o
 .text.do_load_wrapper
                0x000000008780677a        0xe cmd/built-in.o
 .text.do_save_wrapper
                0x0000000087806788        0xe cmd/built-in.o
 .text.do_ls_wrapper
                0x0000000087806796        0xe cmd/built-in.o
 .text.do_ln_wrapper
                0x00000000878067a4        0xe cmd/built-in.o
 .text.do_fstype_wrapper
                0x00000000878067b2        0x4 cmd/built-in.o
 .text.strtou32
                0x00000000878067b6       0x2c cmd/built-in.o
 *fill*         0x00000000878067e2        0x2 
 .text.do_fuse  0x00000000878067e4      0x238 cmd/built-in.o
 .text.gpio_get_description
                0x0000000087806a1c       0x84 cmd/built-in.o
 .text.do_gpio  0x0000000087806aa0      0x244 cmd/built-in.o
 .text.do_i2c   0x0000000087806ce4       0x3c cmd/built-in.o
 .text.i2c_get_cur_bus
                0x0000000087806d20       0x24 cmd/built-in.o
 .text.do_i2c_bus_speed
                0x0000000087806d44       0x64 cmd/built-in.o
 .text.do_i2c_reset
                0x0000000087806da8       0x24 cmd/built-in.o
 .text.i2c_get_cur_bus_chip
                0x0000000087806dcc       0x1e cmd/built-in.o
 *fill*         0x0000000087806dea        0x2 
 .text.do_i2c_probe
                0x0000000087806dec       0x74 cmd/built-in.o
 .text.do_i2c_bus_num
                0x0000000087806e60       0x70 cmd/built-in.o
 .text.show_bus
                0x0000000087806ed0       0x64 cmd/built-in.o
 .text.do_i2c_olen
                0x0000000087806f34       0x74 cmd/built-in.o
 .text.do_i2c_flags
                0x0000000087806fa8       0x78 cmd/built-in.o
 .text.do_i2c_show_bus
                0x0000000087807020       0x6c cmd/built-in.o
 .text.get_alen.constprop.0
                0x000000008780708c       0x1e cmd/built-in.o
 *fill*         0x00000000878070aa        0x2 
 .text.do_i2c_crc
                0x00000000878070ac       0xe0 cmd/built-in.o
 .text.mod_i2c_mem.isra.0.part.0
                0x000000008780718c      0x158 cmd/built-in.o
 .text.do_i2c_nm
                0x00000000878072e4       0x12 cmd/built-in.o
 *fill*         0x00000000878072f6        0x2 
 .text.do_i2c_md
                0x00000000878072f8      0x16c cmd/built-in.o
 .text.do_i2c_read
                0x0000000087807464       0x90 cmd/built-in.o
 .text.do_i2c_mw
                0x00000000878074f4       0xbc cmd/built-in.o
 .text.do_i2c_write
                0x00000000878075b0      0x104 cmd/built-in.o
 .text.do_i2c_loop
                0x00000000878076b4       0xc0 cmd/built-in.o
 .text.do_i2c_mm
                0x0000000087807774       0x12 cmd/built-in.o
 .text.evalexp  0x0000000087807786       0x4c cmd/built-in.o
 .text.evalstr  0x00000000878077d2       0x3c cmd/built-in.o
 *fill*         0x000000008780780e        0x2 
 .text.binary_test
                0x0000000087807810       0xf4 cmd/built-in.o
 .text.do_itest
                0x0000000087807904       0x4c cmd/built-in.o
 .text.bin_data_init
                0x0000000087807950       0x1c cmd/built-in.o
 .text.k_data_save
                0x000000008780796c       0x34 cmd/built-in.o
 .text.k_data_restore
                0x00000000878079a0       0x34 cmd/built-in.o
 .text.getcxmodem
                0x00000000878079d4       0x16 cmd/built-in.o
 *fill*         0x00000000878079ea        0x2 
 .text.load_serial_ymodem
                0x00000000878079ec       0x90 cmd/built-in.o
 .text.bin_data_char
                0x0000000087807a7c       0x1c cmd/built-in.o
 .text.chk1.constprop.0
                0x0000000087807a98       0x20 cmd/built-in.o
 .text.s1_sendpacket.constprop.0
                0x0000000087807ab8       0x34 cmd/built-in.o
 .text.load_serial
                0x0000000087807aec      0x124 cmd/built-in.o
 .text.do_load_serial
                0x0000000087807c10       0x8c cmd/built-in.o
 .text.do_load_serial_bin
                0x0000000087807c9c      0x528 cmd/built-in.o
 .text.do_mem_md
                0x00000000878081c4       0xa0 cmd/built-in.o
 .text.do_mem_base
                0x0000000087808264       0x28 cmd/built-in.o
 .text.do_mem_crc
                0x000000008780828c       0x2c cmd/built-in.o
 .text.do_mem_mtest
                0x00000000878082b8      0x160 cmd/built-in.o
 .text.do_mem_mw
                0x0000000087808418       0x78 cmd/built-in.o
 .text.do_mem_loop
                0x0000000087808490       0x82 cmd/built-in.o
 *fill*         0x0000000087808512        0x2 
 .text.do_mem_cmp
                0x0000000087808514       0xe8 cmd/built-in.o
 .text.mod_mem.isra.0.part.0
                0x00000000878085fc       0xec cmd/built-in.o
 .text.do_mem_mm
                0x00000000878086e8       0x12 cmd/built-in.o
 *fill*         0x00000000878086fa        0x2 
 .text.do_mem_cp
                0x00000000878086fc       0x70 cmd/built-in.o
 .text.do_random
                0x000000008780876c       0xa0 cmd/built-in.o
 .text.do_mem_nm
                0x000000008780880c       0x12 cmd/built-in.o
 *fill*         0x000000008780881e        0x2 
 .text.do_sleep
                0x0000000087808820       0x84 cmd/built-in.o
 .text.do_mmcops
                0x00000000878088a4       0x84 cmd/built-in.o
 .text.init_mmc_device
                0x0000000087808928       0x48 cmd/built-in.o
 .text.do_mmc_rst_func
                0x0000000087808970       0x5c cmd/built-in.o
 .text.do_mmc_rescan
                0x00000000878089cc       0x18 cmd/built-in.o
 .text.do_mmc_partconf
                0x00000000878089e4       0xa4 cmd/built-in.o
 .text.do_mmc_bootbus
                0x0000000087808a88       0x70 cmd/built-in.o
 .text.do_mmc_hwpartition
                0x0000000087808af8      0x3a0 cmd/built-in.o
 .text.do_mmc_list
                0x0000000087808e98        0xc cmd/built-in.o
 .text.do_mmc_dev
                0x0000000087808ea4       0xc4 cmd/built-in.o
 .text.do_mmcinfo
                0x0000000087808f68      0x2bc cmd/built-in.o
 .text.do_mmc_setdsr
                0x0000000087809224       0x70 cmd/built-in.o
 .text.do_mmc_boot_resize
                0x0000000087809294       0x80 cmd/built-in.o
 .text.do_mmc_part
                0x0000000087809314       0x38 cmd/built-in.o
 .text.do_mmc_erase
                0x000000008780934c       0x9c cmd/built-in.o
 .text.do_mmc_write
                0x00000000878093e8       0xb0 cmd/built-in.o
 .text.do_mmc_read
                0x0000000087809498       0x9c cmd/built-in.o
 .text.mtd_arg_off
                0x0000000087809534       0x50 cmd/built-in.o
                0x0000000087809534                mtd_arg_off
 .text.mtd_arg_off_size
                0x0000000087809584       0xc4 cmd/built-in.o
                0x0000000087809584                mtd_arg_off_size
 .text.netboot_common
                0x0000000087809648      0x1d0 cmd/built-in.o
 .text.do_bootp
                0x0000000087809818        0x8 cmd/built-in.o
 .text.do_dhcp  0x0000000087809820        0x8 cmd/built-in.o
 .text.do_nfs   0x0000000087809828        0x8 cmd/built-in.o
 .text.do_tftpb
                0x0000000087809830       0x26 cmd/built-in.o
                0x0000000087809830                do_tftpb
 *fill*         0x0000000087809856        0x2 
 .text.do_ping  0x0000000087809858       0x48 cmd/built-in.o
 .text.do_pinmux
                0x00000000878098a0       0x40 cmd/built-in.o
 .text.do_list  0x00000000878098e0       0x68 cmd/built-in.o
 .text.show_pinmux
                0x0000000087809948       0x90 cmd/built-in.o
 .text.do_status
                0x00000000878099d8       0x98 cmd/built-in.o
 .text.do_dev   0x0000000087809a70       0x54 cmd/built-in.o
 .text.do_raw_read
                0x0000000087809ac4       0xd4 cmd/built-in.o
                0x0000000087809ac4                do_raw_read
 .text.bytes_per_second
                0x0000000087809b98       0x34 cmd/built-in.o
 .text.do_spi_flash
                0x0000000087809bcc      0x59c cmd/built-in.o
 .text.substitute
                0x000000008780a168       0x98 cmd/built-in.o
 .text.get_arg  0x000000008780a200       0x34 cmd/built-in.o
 .text.regex_sub.part.0
                0x000000008780a234      0x1f8 cmd/built-in.o
 .text.do_setexpr
                0x000000008780a42c       0xf0 cmd/built-in.o
 .text.do_false
                0x000000008780a51c        0x4 cmd/built-in.o
 .text.do_true  0x000000008780a520        0x4 cmd/built-in.o
 .text.do_test  0x000000008780a524      0x200 cmd/built-in.o
 .text.usb_get_class_desc
                0x000000008780a724       0x74 cmd/built-in.o
 .text.usb_display_class_sub
                0x000000008780a798       0xf8 cmd/built-in.o
 .text.usb_display_desc
                0x000000008780a890       0xf8 cmd/built-in.o
 .text.usb_show_tree_graph
                0x000000008780a988      0x178 cmd/built-in.o
 .text.usb_show_subtree
                0x000000008780ab00       0x1c cmd/built-in.o
 .text.usb_for_each_root_dev
                0x000000008780ab1c       0x3c cmd/built-in.o
 .text.usb_display_string
                0x000000008780ab58       0x2c cmd/built-in.o
 .text.usb_display_config
                0x000000008780ab84      0x1ac cmd/built-in.o
 .text.usb_show_info
                0x000000008780ad30       0x4a cmd/built-in.o
 .text.usb_find_device
                0x000000008780ad7a       0x64 cmd/built-in.o
 *fill*         0x000000008780adde        0x2 
 .text.do_usbboot
                0x000000008780ade0        0xc cmd/built-in.o
 .text.do_usb_start
                0x000000008780adec       0x20 cmd/built-in.o
 .text.usb_show_tree
                0x000000008780ae0c        0xc cmd/built-in.o
                0x000000008780ae0c                usb_show_tree
 .text.do_usb   0x000000008780ae18      0x294 cmd/built-in.o
 .text.common_diskboot
                0x000000008780b0ac      0x174 cmd/built-in.o
                0x000000008780b0ac                common_diskboot
 .text.do_fastboot
                0x000000008780b220      0x148 cmd/built-in.o
 .text.ums_fini
                0x000000008780b368       0x34 cmd/built-in.o
 .text.ums_write_sector
                0x000000008780b39c        0xe cmd/built-in.o
 .text.ums_read_sector
                0x000000008780b3aa        0xe cmd/built-in.o
 .text.do_usb_mass_storage
                0x000000008780b3b8      0x238 cmd/built-in.o
 .text.do_imgextract
                0x000000008780b5f0      0x1b4 cmd/built-in.o
 .text.del_gpt_info
                0x000000008780b7a4       0x28 cmd/built-in.o
 .text.extract_val
                0x000000008780b7cc       0x58 cmd/built-in.o
 .text.calc_parts_list_len
                0x000000008780b824       0x54 cmd/built-in.o
 .text.extract_env
                0x000000008780b878       0xa0 cmd/built-in.o
 .text.get_gpt_info
                0x000000008780b918       0xc4 cmd/built-in.o
 .text.create_gpt_partitions_list.isra.0
                0x000000008780b9dc       0xd0 cmd/built-in.o
 .text.set_gpt_info.isra.0
                0x000000008780baac      0x30c cmd/built-in.o
 .text.print_gpt_info
                0x000000008780bdb8       0xb4 cmd/built-in.o
 .text.do_gpt   0x000000008780be6c      0x484 cmd/built-in.o
 .text.do_env_delete
                0x000000008780c2f0       0x6c cmd/built-in.o
 .text.do_env_save
                0x000000008780c35c        0xe cmd/built-in.o
 *fill*         0x000000008780c36a        0x2 
 .text.do_env   0x000000008780c36c       0x3c cmd/built-in.o
 .text.env_print
                0x000000008780c3a8       0x78 cmd/built-in.o
 .text.do_env_print
                0x000000008780c420       0x78 cmd/built-in.o
 .text.do_env_import
                0x000000008780c498      0x1a0 cmd/built-in.o
 .text.do_env_default
                0x000000008780c638       0x5c cmd/built-in.o
 .text.do_env_exists
                0x000000008780c694       0x40 cmd/built-in.o
 .text._do_env_set.isra.0
                0x000000008780c6d4      0x120 cmd/built-in.o
 .text.do_env_set
                0x000000008780c7f4       0x14 cmd/built-in.o
 .text.env_get_id
                0x000000008780c808        0xc cmd/built-in.o
                0x000000008780c808                env_get_id
 .text.env_set  0x000000008780c814       0x3c cmd/built-in.o
                0x000000008780c814                env_set
 .text.env_set_ulong
                0x000000008780c850       0x16 cmd/built-in.o
                0x000000008780c850                env_set_ulong
 *fill*         0x000000008780c866        0x2 
 .text.env_set_hex
                0x000000008780c868       0x20 cmd/built-in.o
                0x000000008780c868                env_set_hex
 .text.do_env_export
                0x000000008780c888      0x158 cmd/built-in.o
 .text.env_match
                0x000000008780c9e0       0x48 cmd/built-in.o
                0x000000008780c9e0                env_match
 .text.env_get_f
                0x000000008780ca28       0x84 cmd/built-in.o
                0x000000008780ca28                env_get_f
 .text.env_get  0x000000008780caac       0x50 cmd/built-in.o
                0x000000008780caac                env_get
 .text.env_get_hex
                0x000000008780cafc       0x20 cmd/built-in.o
                0x000000008780cafc                env_get_hex
 .text.eth_env_get_enetaddr
                0x000000008780cb1c       0x34 cmd/built-in.o
                0x000000008780cb1c                eth_env_get_enetaddr
 .text.eth_env_set_enetaddr
                0x000000008780cb50       0x30 cmd/built-in.o
                0x000000008780cb50                eth_env_set_enetaddr
 .text.env_get_ulong
                0x000000008780cb80       0x1c cmd/built-in.o
                0x000000008780cb80                env_get_ulong
 .text.do_env_edit.part.0
                0x000000008780cb9c       0x70 cmd/built-in.o
 .text.do_env_edit
                0x000000008780cc0c       0x1c cmd/built-in.o
 .text.board_init_f_alloc_reserve
                0x000000008780cc28        0xc common/built-in.o
                0x000000008780cc28                board_init_f_alloc_reserve
 .text.board_init_f_init_reserve
                0x000000008780cc34       0x14 common/built-in.o
                0x000000008780cc34                board_init_f_init_reserve
 .text.show_boot_progress
                0x000000008780cc48        0x4 common/built-in.o
                0x000000008780cc48                show_boot_progress
 .text.main_loop
                0x000000008780cc4c       0x34 common/built-in.o
                0x000000008780cc4c                main_loop
 .text.mdelay   0x000000008780cc80        0xa common/built-in.o
 .text.dummy    0x000000008780cc8a        0x2 common/built-in.o
 .text.get_version
                0x000000008780cc8c        0x4 common/built-in.o
                0x000000008780cc8c                get_version
 .text.jumptable_init
                0x000000008780cc90      0x160 common/built-in.o
                0x000000008780cc90                jumptable_init
 .text.hash_command
                0x000000008780cdf0       0x74 common/built-in.o
                0x000000008780cdf0                hash_command
 .text.b_reset  0x000000008780ce64        0xe common/built-in.o
 .text.static_get
                0x000000008780ce72       0x12 common/built-in.o
 .text.static_peek
                0x000000008780ce84        0x6 common/built-in.o
 *fill*         0x000000008780ce8a        0x2 
 .text.mapset   0x000000008780ce8c       0x14 common/built-in.o
 .text.syntax_err
                0x000000008780cea0        0xc common/built-in.o
 .text.free_pipe_list
                0x000000008780ceac       0x90 common/built-in.o
 .text.xmalloc  0x000000008780cf3c       0x18 common/built-in.o
 .text.new_pipe
                0x000000008780cf54       0x16 common/built-in.o
 *fill*         0x000000008780cf6a        0x2 
 .text.xrealloc
                0x000000008780cf6c       0x18 common/built-in.o
 .text.done_command
                0x000000008780cf84       0x42 common/built-in.o
 .text.done_pipe
                0x000000008780cfc6       0x2c common/built-in.o
 *fill*         0x000000008780cff2        0x2 
 .text.done_word
                0x000000008780cff4      0x1c0 common/built-in.o
 .text.is_assignment
                0x000000008780d1b4       0x30 common/built-in.o
 .text.file_get
                0x000000008780d1e4      0x138 common/built-in.o
 .text.do_showvar
                0x000000008780d31c       0xa0 common/built-in.o
 .text.b_addchr
                0x000000008780d3bc       0x42 common/built-in.o
 *fill*         0x000000008780d3fe        0x2 
 .text.b_addqchr
                0x000000008780d400       0x30 common/built-in.o
 .text.file_peek
                0x000000008780d430        0x6 common/built-in.o
 *fill*         0x000000008780d436        0x2 
 .text.get_local_var
                0x000000008780d438       0x58 common/built-in.o
                0x000000008780d438                get_local_var
 .text.set_local_var
                0x000000008780d490      0x108 common/built-in.o
                0x000000008780d490                set_local_var
 .text.insert_var_value_sub
                0x000000008780d598      0x1bc common/built-in.o
 .text.parse_string_outer
                0x000000008780d754       0x90 common/built-in.o
                0x000000008780d754                parse_string_outer
 .text.run_list_real
                0x000000008780d7e4      0x4e0 common/built-in.o
 .text.parse_stream_outer
                0x000000008780dcc4      0x424 common/built-in.o
 .text.parse_file_outer
                0x000000008780e0e8       0x2c common/built-in.o
                0x000000008780e0e8                parse_file_outer
 .text.u_boot_hush_start
                0x000000008780e114       0x30 common/built-in.o
                0x000000008780e114                u_boot_hush_start
 .text.bootdelay_process
                0x000000008780e144      0x10c common/built-in.o
                0x000000008780e144                bootdelay_process
 .text.autoboot_command
                0x000000008780e250       0xa4 common/built-in.o
                0x000000008780e250                autoboot_command
 .text.log_init
                0x000000008780e2f4        0x8 common/built-in.o
 .text.display_text_info
                0x000000008780e2fc        0x4 common/built-in.o
 .text.setup_mon_len
                0x000000008780e300       0x18 common/built-in.o
 .text.reserve_round_4k
                0x000000008780e318       0x14 common/built-in.o
 .text.reserve_mmu
                0x000000008780e32c       0x2e common/built-in.o
                0x000000008780e32c                reserve_mmu
 .text.reserve_uboot
                0x000000008780e35a       0x30 common/built-in.o
 .text.reserve_malloc
                0x000000008780e38a       0x14 common/built-in.o
 .text.reserve_global_data
                0x000000008780e39e       0x16 common/built-in.o
 .text.reserve_fdt
                0x000000008780e3b4       0x3a common/built-in.o
 .text.dram_init_banksize
                0x000000008780e3ee       0x1a common/built-in.o
                0x000000008780e3ee                dram_init_banksize
 .text.setup_reloc
                0x000000008780e408       0x26 common/built-in.o
 .text.reloc_fdt
                0x000000008780e42e       0x2c common/built-in.o
 .text.reserve_board
                0x000000008780e45a       0x28 common/built-in.o
 .text.reserve_video
                0x000000008780e482       0x1c common/built-in.o
 *fill*         0x000000008780e49e        0x2 
 .text.announce_dram_init
                0x000000008780e4a0       0x10 common/built-in.o
 .text.init_baud_rate
                0x000000008780e4b0       0x1c common/built-in.o
 .text.initf_dm
                0x000000008780e4cc        0x6 common/built-in.o
 .text.initf_bootstage
                0x000000008780e4d2        0xc common/built-in.o
 .text.clear_bss
                0x000000008780e4de        0x4 common/built-in.o
                0x000000008780e4de                clear_bss
 .text.setup_spl_handoff
                0x000000008780e4e2        0x4 common/built-in.o
 .text.mach_cpu_init
                0x000000008780e4e6        0x4 common/built-in.o
                0x000000008780e4e6                mach_cpu_init
 .text.reserve_trace
                0x000000008780e4ea        0x4 common/built-in.o
 .text.setup_machine
                0x000000008780e4ee        0x4 common/built-in.o
 .text.reserve_bootstage
                0x000000008780e4f2        0x4 common/built-in.o
 .text.reserve_bloblist
                0x000000008780e4f6        0x4 common/built-in.o
 .text.display_new_sp
                0x000000008780e4fa        0x4 common/built-in.o
 .text.reloc_bootstage
                0x000000008780e4fe        0x4 common/built-in.o
 .text.reloc_bloblist
                0x000000008780e502        0x4 common/built-in.o
 .text.initf_console_record
                0x000000008780e506        0x4 common/built-in.o
 .text.reserve_arch
                0x000000008780e50a        0x4 common/built-in.o
                0x000000008780e50a                reserve_arch
 .text.arch_cpu_init_dm
                0x000000008780e50e        0x4 common/built-in.o
                0x000000008780e50e                arch_cpu_init_dm
 .text.checkcpu
                0x000000008780e512        0x4 common/built-in.o
                0x000000008780e512                checkcpu
 .text.coloured_LED_init
                0x000000008780e516        0x2 common/built-in.o
                0x000000008780e516                coloured_LED_init
 .text.red_led_on
                0x000000008780e518        0x2 common/built-in.o
                0x000000008780e518                red_led_on
 .text.board_add_ram_info
                0x000000008780e51a        0x2 common/built-in.o
                0x000000008780e51a                board_add_ram_info
 .text.show_dram_config
                0x000000008780e51c       0x28 common/built-in.o
 .text.board_get_usable_ram_top
                0x000000008780e544       0x10 common/built-in.o
                0x000000008780e544                board_get_usable_ram_top
 .text.setup_dest_addr
                0x000000008780e554       0x30 common/built-in.o
 .text.reserve_stacks
                0x000000008780e584       0x1a common/built-in.o
 *fill*         0x000000008780e59e        0x2 
 .text.board_init_f
                0x000000008780e5a0       0x48 common/built-in.o
                0x000000008780e5a0                board_init_f
 .text.initr_trace
                0x000000008780e5e8        0x4 common/built-in.o
 .text.initr_reloc
                0x000000008780e5ec       0x14 common/built-in.o
 .text.run_main_loop
                0x000000008780e600        0x8 common/built-in.o
 .text.initr_check_fastboot
                0x000000008780e608        0xa common/built-in.o
 *fill*         0x000000008780e612        0x2 
 .text.initr_net
                0x000000008780e614       0x14 common/built-in.o
 .text.initr_fastboot_setup
                0x000000008780e628        0xa common/built-in.o
 *fill*         0x000000008780e632        0x2 
 .text.initr_ethaddr
                0x000000008780e634       0x18 common/built-in.o
 .text.initr_enable_interrupts
                0x000000008780e64c        0xa common/built-in.o
 .text.initr_jumptable
                0x000000008780e656        0xa common/built-in.o
 .text.initr_env
                0x000000008780e660       0x48 common/built-in.o
 .text.initr_mmc
                0x000000008780e6a8       0x18 common/built-in.o
 .text.initr_serial
                0x000000008780e6c0        0xa common/built-in.o
 .text.initr_dm
                0x000000008780e6ca       0x12 common/built-in.o
 .text.initr_bootstage
                0x000000008780e6dc        0xc common/built-in.o
 .text.initr_malloc
                0x000000008780e6e8       0x1c common/built-in.o
 .text.initr_reloc_global_data
                0x000000008780e704       0x38 common/built-in.o
 .text.initr_caches
                0x000000008780e73c        0xa common/built-in.o
 .text.initr_binman
                0x000000008780e746        0x4 common/built-in.o
 .text.initr_barrier
                0x000000008780e74a        0x4 common/built-in.o
 .text.initr_console_record
                0x000000008780e74e        0x4 common/built-in.o
 .text.initr_dm_devices
                0x000000008780e752        0x4 common/built-in.o
 .text.power_init_board
                0x000000008780e756        0x4 common/built-in.o
                0x000000008780e756                power_init_board
 .text.initr_announce
                0x000000008780e75a        0x4 common/built-in.o
 .text.cpu_secondary_init_r
                0x000000008780e75e        0x2 common/built-in.o
                0x000000008780e75e                cpu_secondary_init_r
 .text.initr_secondary_cpu
                0x000000008780e760        0xa common/built-in.o
 *fill*         0x000000008780e76a        0x2 
 .text.board_init_r
                0x000000008780e76c       0x48 common/built-in.o
                0x000000008780e76c                board_init_r
 .text.show_board_info
                0x000000008780e7b4       0x2c common/built-in.o
                0x000000008780e7b4                show_board_info
 .text.bootm_find_images
                0x000000008780e7e0       0x6c common/built-in.o
                0x000000008780e7e0                bootm_find_images
 .text.bootm_disable_interrupts
                0x000000008780e84c       0x10 common/built-in.o
                0x000000008780e84c                bootm_disable_interrupts
 .text.do_bootm_states
                0x000000008780e85c      0x57c common/built-in.o
                0x000000008780e85c                do_bootm_states
 .text.switch_to_non_secure_mode
                0x000000008780edd8        0x2 common/built-in.o
                0x000000008780edd8                switch_to_non_secure_mode
 *fill*         0x000000008780edda        0x2 
 .text.do_bootm_vxworks
                0x000000008780eddc      0x14c common/built-in.o
                0x000000008780eddc                do_bootm_vxworks
 .text.copy_args
                0x000000008780ef28       0x34 common/built-in.o
 .text.do_bootm_rtems
                0x000000008780ef5c       0x2c common/built-in.o
 .text.do_bootm_plan9
                0x000000008780ef88       0x68 common/built-in.o
 .text.do_bootm_standalone
                0x000000008780eff0       0x3c common/built-in.o
 .text.do_bootm_qnxelf
                0x000000008780f02c       0x4c common/built-in.o
 .text.do_bootm_netbsd
                0x000000008780f078       0xa8 common/built-in.o
 .text.board_preboot_os
                0x000000008780f120        0x2 common/built-in.o
                0x000000008780f120                board_preboot_os
 .text.boot_selected_os
                0x000000008780f122       0x3e common/built-in.o
                0x000000008780f122                boot_selected_os
 .text.bootm_os_get_boot_func
                0x000000008780f160        0xc common/built-in.o
                0x000000008780f160                bootm_os_get_boot_func
 .text.of_bus_default_map
                0x000000008780f16c       0x7a common/built-in.o
 .text.fdt_pack_reg
                0x000000008780f1e6       0x92 common/built-in.o
 .text.of_bus_default_translate
                0x000000008780f278       0x66 common/built-in.o
 *fill*         0x000000008780f2de        0x2 
 .text.fdt_support_default_count_cells
                0x000000008780f2e0       0x34 common/built-in.o
                0x000000008780f2e0                fdt_support_default_count_cells
 .text.__of_translate_address
                0x000000008780f314      0x178 common/built-in.o
 .text.fdt_find_and_setprop
                0x000000008780f48c       0x48 common/built-in.o
                0x000000008780f48c                fdt_find_and_setprop
 .text.fdt_find_or_add_subnode
                0x000000008780f4d4       0x40 common/built-in.o
                0x000000008780f4d4                fdt_find_or_add_subnode
 .text.fdt_root
                0x000000008780f514       0x60 common/built-in.o
                0x000000008780f514                fdt_root
 .text.fdt_initrd
                0x000000008780f574      0x114 common/built-in.o
                0x000000008780f574                fdt_initrd
 .text.fdt_chosen
                0x000000008780f688       0x6c common/built-in.o
                0x000000008780f688                fdt_chosen
 .text.do_fixup_by_path
                0x000000008780f6f4       0x34 common/built-in.o
                0x000000008780f6f4                do_fixup_by_path
 .text.fdt_fixup_memory_banks
                0x000000008780f728       0xe8 common/built-in.o
                0x000000008780f728                fdt_fixup_memory_banks
 .text.fdt_fixup_memory
                0x000000008780f810       0x16 common/built-in.o
                0x000000008780f810                fdt_fixup_memory
 *fill*         0x000000008780f826        0x2 
 .text.fdt_fixup_ethernet
                0x000000008780f828      0x108 common/built-in.o
                0x000000008780f828                fdt_fixup_ethernet
 .text.fdt_shrink_to_minimum
                0x000000008780f930       0x8e common/built-in.o
                0x000000008780f930                fdt_shrink_to_minimum
 .text.fdt_increase_size
                0x000000008780f9be       0x10 common/built-in.o
                0x000000008780f9be                fdt_increase_size
 *fill*         0x000000008780f9ce        0x2 
 .text.fdt_translate_address
                0x000000008780f9d0        0xc common/built-in.o
                0x000000008780f9d0                fdt_translate_address
 .text.miiphy_get_dev_by_name
                0x000000008780f9dc       0x34 common/built-in.o
                0x000000008780f9dc                miiphy_get_dev_by_name
 .text.miiphy_init
                0x000000008780fa10       0x18 common/built-in.o
                0x000000008780fa10                miiphy_init
 .text.mdio_alloc
                0x000000008780fa28       0x1c common/built-in.o
                0x000000008780fa28                mdio_alloc
 .text.mdio_free
                0x000000008780fa44        0x4 common/built-in.o
                0x000000008780fa44                mdio_free
 .text.mdio_register
                0x000000008780fa48       0x4c common/built-in.o
                0x000000008780fa48                mdio_register
 .text.mdio_unregister
                0x000000008780fa94       0x24 common/built-in.o
                0x000000008780fa94                mdio_unregister
 .text.usb_set_maxpacket_ep
                0x000000008780fab8       0x56 common/built-in.o
 .text.usb_int_msg
                0x000000008780fb0e        0xe common/built-in.o
                0x000000008780fb0e                usb_int_msg
 .text.usb_control_msg
                0x000000008780fb1c       0x6c common/built-in.o
                0x000000008780fb1c                usb_control_msg
 .text.usb_get_descriptor
                0x000000008780fb88       0x36 common/built-in.o
 *fill*         0x000000008780fbbe        0x2 
 .text.get_descriptor_len
                0x000000008780fbc0       0x60 common/built-in.o
 .text.usb_setup_descriptor
                0x000000008780fc20       0x84 common/built-in.o
 .text.usb_get_string
                0x000000008780fca4       0x50 common/built-in.o
 .text.usb_string_sub
                0x000000008780fcf4       0x90 common/built-in.o
 .text.usb_bulk_msg
                0x000000008780fd84       0x4a common/built-in.o
                0x000000008780fd84                usb_bulk_msg
 .text.usb_maxpacket
                0x000000008780fdce       0x14 common/built-in.o
                0x000000008780fdce                usb_maxpacket
 .text.usb_clear_halt
                0x000000008780fde2       0x60 common/built-in.o
                0x000000008780fde2                usb_clear_halt
 *fill*         0x000000008780fe42        0x2 
 .text.usb_get_configuration_len
                0x000000008780fe44       0x50 common/built-in.o
                0x000000008780fe44                usb_get_configuration_len
 .text.usb_get_configuration_no
                0x000000008780fe94       0x1c common/built-in.o
                0x000000008780fe94                usb_get_configuration_no
 .text.usb_set_interface
                0x000000008780feb0       0x74 common/built-in.o
                0x000000008780feb0                usb_set_interface
 .text.usb_string
                0x000000008780ff24       0x9c common/built-in.o
                0x000000008780ff24                usb_string
 .text.usb_select_config
                0x000000008780ffc0      0x318 common/built-in.o
                0x000000008780ffc0                usb_select_config
 .text.usb_setup_device
                0x00000000878102d8       0xa4 common/built-in.o
                0x00000000878102d8                usb_setup_device
 .text.board_usb_init
                0x000000008781037c        0x4 common/built-in.o
                0x000000008781037c                board_usb_init
 .text.board_usb_cleanup
                0x0000000087810380        0x4 common/built-in.o
                0x0000000087810380                board_usb_cleanup
 .text.usb_device_has_child_on_port
                0x0000000087810384        0x4 common/built-in.o
                0x0000000087810384                usb_device_has_child_on_port
 .text.usb_find_usb2_hub_address_port
                0x0000000087810388       0x4c common/built-in.o
                0x0000000087810388                usb_find_usb2_hub_address_port
 .text.usb_set_port_feature
                0x00000000878103d4       0x2e common/built-in.o
 .text.usb_clear_port_feature
                0x0000000087810402       0x2e common/built-in.o
 .text.usb_get_hub_descriptor
                0x0000000087810430       0x42 common/built-in.o
 .text.usb_hub_reset_devices
                0x0000000087810472        0x2 common/built-in.o
                0x0000000087810472                usb_hub_reset_devices
 .text.usb_hub_is_root_hub
                0x0000000087810474       0x10 common/built-in.o
                0x0000000087810474                usb_hub_is_root_hub
 .text.usb_get_port_status
                0x0000000087810484       0x70 common/built-in.o
                0x0000000087810484                usb_get_port_status
 .text.usb_hub_port_connect_change
                0x00000000878104f4       0xf8 common/built-in.o
                0x00000000878104f4                usb_hub_port_connect_change
 .text.usb_hub_configure
                0x00000000878105ec      0x3ec common/built-in.o
 .text.usb_hub_scan
                0x00000000878109d8        0xe common/built-in.o
                0x00000000878109d8                usb_hub_scan
 .text.usb_hub_post_probe
                0x00000000878109e6        0x4 common/built-in.o
 .text.usb_stor_irq
                0x00000000878109ea       0x10 common/built-in.o
 *fill*         0x00000000878109fa        0x2 
 .text.usb_stor_BBB_reset
                0x00000000878109fc       0x94 common/built-in.o
 .text.usb_stor_CB_reset
                0x0000000087810a90       0x88 common/built-in.o
 .text.usb_stor_BBB_clear_endpt_stall.isra.0
                0x0000000087810b18       0x2c common/built-in.o
 .text.usb_stor_BBB_transport
                0x0000000087810b44      0x1b0 common/built-in.o
 .text.usb_stor_CB_comdat
                0x0000000087810cf4      0x158 common/built-in.o
 .text.usb_stor_CBI_get_status.isra.0
                0x0000000087810e4c       0x84 common/built-in.o
 .text.usb_stor_CB_transport
                0x0000000087810ed0      0x15c common/built-in.o
 .text.usb_request_sense.constprop.0
                0x000000008781102c       0x4c common/built-in.o
 .text.usb_stor_read
                0x0000000087811078       0xfc common/built-in.o
 .text.usb_stor_write
                0x0000000087811174       0xfc common/built-in.o
 .text.usb_stor_info
                0x0000000087811270       0x48 common/built-in.o
                0x0000000087811270                usb_stor_info
 .text.usb_stor_reset
                0x00000000878112b8        0xc common/built-in.o
                0x00000000878112b8                usb_stor_reset
 .text.usb_stor_scan
                0x00000000878112c4       0x30 common/built-in.o
                0x00000000878112c4                usb_stor_scan
 .text.usb_storage_probe
                0x00000000878112f4      0x178 common/built-in.o
                0x00000000878112f4                usb_storage_probe
 .text.usb_stor_get_info
                0x000000008781146c      0x224 common/built-in.o
                0x000000008781146c                usb_stor_get_info
 .text.usb_mass_storage_probe
                0x0000000087811690      0x100 common/built-in.o
 .text.iomux_doenv
                0x0000000087811790      0x128 common/built-in.o
                0x0000000087811790                iomux_doenv
 .text.splash_screen_prepare
                0x00000000878118b8       0x40 common/built-in.o
                0x00000000878118b8                splash_screen_prepare
 .text.splash_get_pos
                0x00000000878118f8       0x54 common/built-in.o
                0x00000000878118f8                splash_get_pos
 .text.splash_display_banner
                0x000000008781194c       0x3a common/built-in.o
                0x000000008781194c                splash_display_banner
 *fill*         0x0000000087811986        0x2 
 .text.splash_display
                0x0000000087811988       0x54 common/built-in.o
                0x0000000087811988                splash_display
 .text.delete_char.part.0
                0x00000000878119dc       0x84 common/built-in.o
 .text.cread_add_char
                0x0000000087811a60       0x80 common/built-in.o
 .text.cli_readline_into_buffer
                0x0000000087811ae0      0x658 common/built-in.o
                0x0000000087811ae0                cli_readline_into_buffer
 .text.cli_readline
                0x0000000087812138       0x10 common/built-in.o
                0x0000000087812138                cli_readline
 .text.console_tstc
                0x0000000087812148       0x60 common/built-in.o
 .text.console_putc
                0x00000000878121a8       0x38 common/built-in.o
 .text.console_puts
                0x00000000878121e0       0x38 common/built-in.o
 .text.on_console
                0x0000000087812218       0x70 common/built-in.o
 .text.serial_printf
                0x0000000087812288       0x32 common/built-in.o
                0x0000000087812288                serial_printf
 .text.puts     0x00000000878122ba       0x22 common/built-in.o
                0x00000000878122ba                puts
 .text.putc     0x00000000878122dc       0x22 common/built-in.o
                0x00000000878122dc                putc
 *fill*         0x00000000878122fe        0x2 
 .text.console_getc.isra.0
                0x0000000087812300       0x18 common/built-in.o
 .text.tstc     0x0000000087812318       0x1a common/built-in.o
                0x0000000087812318                tstc
 *fill*         0x0000000087812332        0x2 
 .text.getc     0x0000000087812334       0x34 common/built-in.o
                0x0000000087812334                getc
 .text.fputs    0x0000000087812368        0xa common/built-in.o
                0x0000000087812368                fputs
 *fill*         0x0000000087812372        0x2 
 .text.ctrlc    0x0000000087812374       0x34 common/built-in.o
                0x0000000087812374                ctrlc
 .text.confirm_yesno
                0x00000000878123a8       0x84 common/built-in.o
                0x00000000878123a8                confirm_yesno
 .text.disable_ctrlc
                0x000000008781242c       0x10 common/built-in.o
                0x000000008781242c                disable_ctrlc
 .text.had_ctrlc
                0x000000008781243c        0xc common/built-in.o
                0x000000008781243c                had_ctrlc
 .text.clear_ctrlc
                0x0000000087812448        0xc common/built-in.o
                0x0000000087812448                clear_ctrlc
 .text.search_device
                0x0000000087812454       0x16 common/built-in.o
                0x0000000087812454                search_device
 *fill*         0x000000008781246a        0x2 
 .text.console_assign
                0x000000008781246c       0x84 common/built-in.o
                0x000000008781246c                console_assign
 .text.console_init_f
                0x00000000878124f0        0xa common/built-in.o
                0x00000000878124f0                console_init_f
 *fill*         0x00000000878124fa        0x2 
 .text.stdio_print_current_devices
                0x00000000878124fc       0x78 common/built-in.o
                0x00000000878124fc                stdio_print_current_devices
 .text.console_init_r
                0x0000000087812574      0x10c common/built-in.o
                0x0000000087812574                console_init_r
 .text.sbrk     0x0000000087812680       0x40 common/built-in.o
                0x0000000087812680                sbrk
 .text.mem_malloc_init
                0x00000000878126c0       0x28 common/built-in.o
                0x00000000878126c0                mem_malloc_init
 .text.malloc_trim
                0x00000000878126e8       0x84 common/built-in.o
                0x00000000878126e8                malloc_trim
 .text.free     0x000000008781276c      0x168 common/built-in.o
                0x000000008781276c                free
 .text.malloc   0x00000000878128d4      0x428 common/built-in.o
                0x00000000878128d4                malloc
 .text.calloc   0x0000000087812cfc       0x9c common/built-in.o
                0x0000000087812cfc                calloc
 .text.realloc  0x0000000087812d98      0x2d0 common/built-in.o
                0x0000000087812d98                realloc
 .text.memalign
                0x0000000087813068      0x116 common/built-in.o
                0x0000000087813068                memalign
 .text.initf_malloc
                0x000000008781317e       0x14 common/built-in.o
                0x000000008781317e                initf_malloc
 .text.alloc_simple
                0x0000000087813192       0x3a common/built-in.o
 .text.malloc_simple
                0x00000000878131cc        0x6 common/built-in.o
                0x00000000878131cc                malloc_simple
 .text.memalign_simple
                0x00000000878131d2        0xa common/built-in.o
                0x00000000878131d2                memalign_simple
 .text.on_loadaddr
                0x00000000878131dc       0x1c common/built-in.o
 .text.image_check_hcrc
                0x00000000878131f8       0x2a common/built-in.o
                0x00000000878131f8                image_check_hcrc
 .text.image_check_dcrc
                0x0000000087813222       0x22 common/built-in.o
                0x0000000087813222                image_check_dcrc
 .text.image_multi_count
                0x0000000087813244       0x12 common/built-in.o
                0x0000000087813244                image_multi_count
 .text.image_multi_getimg
                0x0000000087813256       0x4a common/built-in.o
                0x0000000087813256                image_multi_getimg
 .text.env_get_bootm_low
                0x00000000878132a0       0x20 common/built-in.o
                0x00000000878132a0                env_get_bootm_low
 .text.env_get_bootm_size
                0x00000000878132c0       0x44 common/built-in.o
                0x00000000878132c0                env_get_bootm_size
 .text.env_get_bootm_mapsize
                0x0000000087813304       0x20 common/built-in.o
                0x0000000087813304                env_get_bootm_mapsize
 .text.memmove_wd
                0x0000000087813324        0xa common/built-in.o
                0x0000000087813324                memmove_wd
 *fill*         0x000000008781332e        0x2 
 .text.genimg_print_size
                0x0000000087813330       0x24 common/built-in.o
                0x0000000087813330                genimg_print_size
 .text.get_table_entry
                0x0000000087813354       0x12 common/built-in.o
                0x0000000087813354                get_table_entry
 .text.get_table_entry_name
                0x0000000087813366       0x12 common/built-in.o
                0x0000000087813366                get_table_entry_name
 .text.genimg_get_os_name
                0x0000000087813378       0x14 common/built-in.o
                0x0000000087813378                genimg_get_os_name
 .text.genimg_get_arch_name
                0x000000008781338c       0x14 common/built-in.o
                0x000000008781338c                genimg_get_arch_name
 .text.genimg_get_type_name
                0x00000000878133a0       0x14 common/built-in.o
                0x00000000878133a0                genimg_get_type_name
 .text.image_decomp
                0x00000000878133b4       0x9c common/built-in.o
                0x00000000878133b4                image_decomp
 .text.genimg_get_comp_name
                0x0000000087813450       0x14 common/built-in.o
                0x0000000087813450                genimg_get_comp_name
 .text.image_print_contents
                0x0000000087813464      0x114 common/built-in.o
                0x0000000087813464                image_print_contents
 .text.genimg_get_kernel_addr_fit
                0x0000000087813578       0x14 common/built-in.o
                0x0000000087813578                genimg_get_kernel_addr_fit
 .text.genimg_get_format
                0x000000008781358c       0x30 common/built-in.o
                0x000000008781358c                genimg_get_format
 .text.genimg_has_config
                0x00000000878135bc        0x4 common/built-in.o
                0x00000000878135bc                genimg_has_config
 .text.boot_get_ramdisk
                0x00000000878135c0      0x1e8 common/built-in.o
                0x00000000878135c0                boot_get_ramdisk
 .text.boot_ramdisk_high
                0x00000000878137a8       0xbc common/built-in.o
                0x00000000878137a8                boot_ramdisk_high
 .text.boot_get_setup
                0x0000000087813864        0x6 common/built-in.o
                0x0000000087813864                boot_get_setup
 .text.image_setup_linux
                0x000000008781386a       0x36 common/built-in.o
                0x000000008781386a                image_setup_linux
 .text.append_kernel_cmdline
                0x00000000878138a0      0x264 common/built-in.o
 .text.android_image_get_kernel
                0x0000000087813b04      0x1d8 common/built-in.o
                0x0000000087813b04                android_image_get_kernel
 .text.android_image_check_header
                0x0000000087813cdc       0x10 common/built-in.o
                0x0000000087813cdc                android_image_check_header
 .text.android_image_get_end
                0x0000000087813cec       0xe8 common/built-in.o
                0x0000000087813cec                android_image_get_end
 .text.android_image_get_kload
                0x0000000087813dd4       0x40 common/built-in.o
                0x0000000087813dd4                android_image_get_kload
 .text.android_image_get_kcomp
                0x0000000087813e14       0x40 common/built-in.o
                0x0000000087813e14                android_image_get_kcomp
 .text.android_image_get_ramdisk
                0x0000000087813e54       0xc4 common/built-in.o
                0x0000000087813e54                android_image_get_ramdisk
 .text.android_image_get_second
                0x0000000087813f18       0xe8 common/built-in.o
                0x0000000087813f18                android_image_get_second
 .text.android_print_contents
                0x0000000087814000      0x310 common/built-in.o
                0x0000000087814000                android_print_contents
 .text.fdt_error
                0x0000000087814310       0x24 common/built-in.o
 .text.boot_fdt_add_mem_rsv_regions
                0x0000000087814334       0xfc common/built-in.o
                0x0000000087814334                boot_fdt_add_mem_rsv_regions
 .text.boot_relocate_fdt
                0x0000000087814430      0x10c common/built-in.o
                0x0000000087814430                boot_relocate_fdt
 .text.boot_get_fdt
                0x000000008781453c      0x204 common/built-in.o
                0x000000008781453c                boot_get_fdt
 .text.ft_verify_fdt
                0x0000000087814740        0x4 common/built-in.o
                0x0000000087814740                ft_verify_fdt
 .text.image_setup_libfdt
                0x0000000087814744       0xd0 common/built-in.o
                0x0000000087814744                image_setup_libfdt
 .text.get_effective_memsize
                0x0000000087814814        0x6 common/built-in.o
                0x0000000087814814                get_effective_memsize
 .text.nulldev_putc
                0x000000008781481a        0x2 common/built-in.o
 .text.nulldev_puts
                0x000000008781481c        0x2 common/built-in.o
 .text.nulldev_input
                0x000000008781481e        0x4 common/built-in.o
 .text.stdio_serial_tstc
                0x0000000087814822        0x4 common/built-in.o
 .text.stdio_serial_getc
                0x0000000087814826        0x4 common/built-in.o
 .text.stdio_serial_puts
                0x000000008781482a        0x6 common/built-in.o
 .text.stdio_serial_putc
                0x0000000087814830        0x6 common/built-in.o
 *fill*         0x0000000087814836        0x2 
 .text.stdio_get_list
                0x0000000087814838        0x8 common/built-in.o
                0x0000000087814838                stdio_get_list
 .text.stdio_get_by_name
                0x0000000087814840       0xa4 common/built-in.o
                0x0000000087814840                stdio_get_by_name
 .text.stdio_clone
                0x00000000878148e4       0x22 common/built-in.o
                0x00000000878148e4                stdio_clone
 *fill*         0x0000000087814906        0x2 
 .text.stdio_register_dev
                0x0000000087814908       0x34 common/built-in.o
                0x0000000087814908                stdio_register_dev
 .text.stdio_register
                0x000000008781493c        0x6 common/built-in.o
                0x000000008781493c                stdio_register
 *fill*         0x0000000087814942        0x2 
 .text.stdio_deregister_dev
                0x0000000087814944       0xa8 common/built-in.o
                0x0000000087814944                stdio_deregister_dev
 .text.stdio_deregister
                0x00000000878149ec       0x1a common/built-in.o
                0x00000000878149ec                stdio_deregister
 *fill*         0x0000000087814a06        0x2 
 .text.stdio_init_tables
                0x0000000087814a08       0x14 common/built-in.o
                0x0000000087814a08                stdio_init_tables
 .text.stdio_add_devices
                0x0000000087814a1c       0x90 common/built-in.o
                0x0000000087814a1c                stdio_add_devices
 .text.run_command
                0x0000000087814aac        0xe common/built-in.o
                0x0000000087814aac                run_command
 .text.run_command_list
                0x0000000087814aba       0x46 common/built-in.o
                0x0000000087814aba                run_command_list
 .text.do_run   0x0000000087814b00       0x4c common/built-in.o
                0x0000000087814b00                do_run
 .text.cli_process_fdt
                0x0000000087814b4c       0x30 common/built-in.o
                0x0000000087814b4c                cli_process_fdt
 .text.cli_secure_boot_cmd
                0x0000000087814b7c       0x4c common/built-in.o
                0x0000000087814b7c                cli_secure_boot_cmd
 .text.cli_loop
                0x0000000087814bc8        0xe common/built-in.o
                0x0000000087814bc8                cli_loop
 .text.cli_init
                0x0000000087814bd6        0x4 common/built-in.o
                0x0000000087814bd6                cli_init
 .text.find_cmd_tbl
                0x0000000087814bda       0x64 common/built-in.o
                0x0000000087814bda                find_cmd_tbl
 *fill*         0x0000000087814c3e        0x2 
 .text.find_cmd
                0x0000000087814c40       0x1c common/built-in.o
                0x0000000087814c40                find_cmd
 .text.cmd_usage
                0x0000000087814c5c       0x3c common/built-in.o
                0x0000000087814c5c                cmd_usage
 .text._do_help
                0x0000000087814c98      0x108 common/built-in.o
                0x0000000087814c98                _do_help
 .text.var_complete
                0x0000000087814da0       0x50 common/built-in.o
                0x0000000087814da0                var_complete
 .text.complete_subcmdv
                0x0000000087814df0      0x10c common/built-in.o
                0x0000000087814df0                complete_subcmdv
 .text.cmd_auto_complete
                0x0000000087814efc      0x280 common/built-in.o
                0x0000000087814efc                cmd_auto_complete
 .text.cmd_get_data_size
                0x000000008781517c       0x34 common/built-in.o
                0x000000008781517c                cmd_get_data_size
 .text.cmd_always_repeatable
                0x00000000878151b0       0x10 common/built-in.o
                0x00000000878151b0                cmd_always_repeatable
 .text.cmd_never_repeatable
                0x00000000878151c0       0x10 common/built-in.o
                0x00000000878151c0                cmd_never_repeatable
 .text.cmd_process
                0x00000000878151d0       0xd8 common/built-in.o
                0x00000000878151d0                cmd_process
 .text.cmd_process_error
                0x00000000878152a8       0x1c common/built-in.o
                0x00000000878152a8                cmd_process_error
 .text.hex1_bin
                0x00000000878152c4       0x2c common/built-in.o
 .text.hex2_bin
                0x00000000878152f0       0x24 common/built-in.o
 .text.srec_decode
                0x0000000087815314      0x190 common/built-in.o
                0x0000000087815314                srec_decode
 .text.CYGACC_COMM_IF_GETC_TIMEOUT.isra.0
                0x00000000878154a4       0x2e common/built-in.o
 .text.xyzModem_flush
                0x00000000878154d2       0x14 common/built-in.o
 *fill*         0x00000000878154e6        0x2 
 .text.xyzModem_get_hdr
                0x00000000878154e8      0x168 common/built-in.o
 .text.xyzModem_stream_open
                0x0000000087815650      0x16c common/built-in.o
                0x0000000087815650                xyzModem_stream_open
 .text.xyzModem_stream_read
                0x00000000878157bc      0x1a8 common/built-in.o
                0x00000000878157bc                xyzModem_stream_read
 .text.xyzModem_stream_close
                0x0000000087815964       0x40 common/built-in.o
                0x0000000087815964                xyzModem_stream_close
 .text.xyzModem_stream_terminate
                0x00000000878159a4       0x68 common/built-in.o
                0x00000000878159a4                xyzModem_stream_terminate
 .text.xyzModem_error
                0x0000000087815a0c       0x18 common/built-in.o
                0x0000000087815a0c                xyzModem_error
 .text.part_driver_lookup_type
                0x0000000087815a24       0x44 disk/built-in.o
 .text.blk_get_dev
                0x0000000087815a68       0x18 disk/built-in.o
                0x0000000087815a68                blk_get_dev
 .text.dev_print
                0x0000000087815a80      0x184 disk/built-in.o
                0x0000000087815a80                dev_print
 .text.part_init
                0x0000000087815c04       0x38 disk/built-in.o
                0x0000000087815c04                part_init
 .text.part_print
                0x0000000087815c3c       0xb8 disk/built-in.o
                0x0000000087815c3c                part_print
 .text.part_get_info
                0x0000000087815cf4       0x36 disk/built-in.o
                0x0000000087815cf4                part_get_info
 *fill*         0x0000000087815d2a        0x2 
 .text.part_get_info_whole_disk
                0x0000000087815d2c       0x38 disk/built-in.o
                0x0000000087815d2c                part_get_info_whole_disk
 .text.blk_get_device_by_str
                0x0000000087815d64       0xbc disk/built-in.o
                0x0000000087815d64                blk_get_device_by_str
 .text.blk_get_device_part_str
                0x0000000087815e20      0x23c disk/built-in.o
                0x0000000087815e20                blk_get_device_part_str
 .text.part_set_generic_name
                0x000000008781605c       0x38 disk/built-in.o
                0x000000008781605c                part_set_generic_name
 .text.test_block_type
                0x0000000087816094       0x78 disk/built-in.o
 .text.print_partition_extended
                0x000000008781610c      0x1a4 disk/built-in.o
 .text.part_print_dos
                0x00000000878162b0       0x20 disk/built-in.o
                0x00000000878162b0                part_print_dos
 .text.part_test_dos
                0x00000000878162d0       0x58 disk/built-in.o
 .text.part_get_info_extended
                0x0000000087816328      0x1d8 disk/built-in.o
 .text.part_get_info_dos
                0x0000000087816500       0x1a disk/built-in.o
                0x0000000087816500                part_get_info_dos
 *fill*         0x000000008781651a        0x2 
 .text.print_efiname
                0x000000008781651c       0x3c disk/built-in.o
 .text.part_test_efi
                0x0000000087816558       0x78 disk/built-in.o
 .text.validate_gpt_header
                0x00000000878165d0      0x1a0 disk/built-in.o
 .text.is_gpt_valid
                0x0000000087816770      0x270 disk/built-in.o
 .text.is_pte_valid
                0x00000000878169e0       0x38 disk/built-in.o
 .text.find_valid_gpt
                0x0000000087816a18       0x48 disk/built-in.o
 .text.part_print_efi
                0x0000000087816a60      0x1b0 disk/built-in.o
                0x0000000087816a60                part_print_efi
 .text.part_get_info_efi
                0x0000000087816c10      0x134 disk/built-in.o
                0x0000000087816c10                part_get_info_efi
 .text.get_disk_guid
                0x0000000087816d44       0x62 disk/built-in.o
                0x0000000087816d44                get_disk_guid
 *fill*         0x0000000087816da6        0x2 
 .text.write_gpt_table
                0x0000000087816da8      0x374 disk/built-in.o
                0x0000000087816da8                write_gpt_table
 .text.gpt_fill_pte
                0x000000008781711c      0x25c disk/built-in.o
                0x000000008781711c                gpt_fill_pte
 .text.gpt_fill_header
                0x0000000087817378      0x1a8 disk/built-in.o
                0x0000000087817378                gpt_fill_header
 .text.gpt_restore
                0x0000000087817520       0xc8 disk/built-in.o
                0x0000000087817520                gpt_restore
 .text.gpt_verify_headers
                0x00000000878175e8       0x58 disk/built-in.o
                0x00000000878175e8                gpt_verify_headers
 .text.gpt_verify_partitions
                0x0000000087817640      0x178 disk/built-in.o
                0x0000000087817640                gpt_verify_partitions
 .text.is_valid_gpt_buf
                0x00000000878177b8       0xa4 disk/built-in.o
                0x00000000878177b8                is_valid_gpt_buf
 .text.write_backup_gpt_partitions
                0x000000008781785c      0x248 disk/built-in.o
                0x000000008781785c                write_backup_gpt_partitions
 .text.device_bind_common.isra.0
                0x0000000087817aa4      0x20c drivers/built-in.o
 .text.alloc_priv
                0x0000000087817cb0       0x38 drivers/built-in.o
 .text.device_bind_with_driver_data
                0x0000000087817ce8       0x16 drivers/built-in.o
                0x0000000087817ce8                device_bind_with_driver_data
 .text.device_bind