Archive member included to satisfy reference by file (symbol)

arch/arm/lib/lib.a(lib1funcs.o)
                              arch/arm/mach-imx/built-in.o (__aeabi_uidiv)
arch/arm/lib/lib.a(uldivmod.o)
                              lib/built-in.o (__aeabi_uldivmod)
arch/arm/lib/lib.a(div0.o)    arch/arm/lib/lib.a(lib1funcs.o) (__div0)

Discarded input sections

 .data          0x0000000000000000        0x0 arch/arm/cpu/armv7/start.o
 .bss           0x0000000000000000        0x0 arch/arm/cpu/armv7/start.o
 .text.v7_arch_cp15_set_l2aux_ctrl
                0x0000000000000000        0x6 arch/arm/cpu/armv7/built-in.o
 .text.v7_arch_cp15_set_acr
                0x0000000000000000        0x6 arch/arm/cpu/armv7/built-in.o
 .text.sdelay   0x0000000000000000        0x6 arch/arm/cpu/armv7/built-in.o
 .text.wait_on_value
                0x0000000000000000       0x1e arch/arm/cpu/armv7/built-in.o
 .text.s_init   0x0000000000000000        0x4 arch/arm/cpu/armv7/built-in.o
 .data          0x0000000000000000        0x0 arch/arm/cpu/armv7/built-in.o
 .bss           0x0000000000000000        0x0 arch/arm/cpu/armv7/built-in.o
 .text.armv7_boot_nonsec_default
                0x0000000000000000        0x4 arch/arm/lib/built-in.o
 .text.reset_misc
                0x0000000000000000        0x2 arch/arm/lib/built-in.o
 .text.enable_caches
                0x0000000000000000        0xc arch/arm/lib/built-in.o
 .text.invalidate_dcache_range
                0x0000000000000000        0x2 arch/arm/lib/built-in.o
 .text.flush_dcache_range
                0x0000000000000000        0x2 arch/arm/lib/built-in.o
 .text.flush_dcache_all
                0x0000000000000000        0xa arch/arm/lib/built-in.o
 .text.invalidate_l2_cache
                0x0000000000000000        0xc arch/arm/lib/built-in.o
 .text.arm_init_before_mmu
                0x0000000000000000        0x2 arch/arm/lib/built-in.o
 .text.mmu_page_table_flush
                0x0000000000000000        0x2 arch/arm/lib/built-in.o
 .text.fdt_psci
                0x0000000000000000        0x4 arch/arm/lib/built-in.o
 .rodata.enable_caches.str1.1
                0x0000000000000000       0x1d arch/arm/lib/built-in.o
 .data          0x0000000000000000        0x0 arch/arm/lib/built-in.o
 .__secure_end  0x0000000000000000        0x0 arch/arm/lib/built-in.o
 .__secure_stack_end
                0x0000000000000000        0x0 arch/arm/lib/built-in.o
 .__secure_stack_start
                0x0000000000000000        0x0 arch/arm/lib/built-in.o
 .__secure_start
                0x0000000000000000        0x0 arch/arm/lib/built-in.o
 .bss           0x0000000000000000        0x0 arch/arm/lib/built-in.o
 .text          0x0000000000000000        0x0 arch/arm/mach-imx/built-in.o
 .text.imx_iomux_set_gpr_register
                0x0000000000000000       0x3c arch/arm/mach-imx/built-in.o
 .text.cpu_eth_init
                0x0000000000000000        0x4 arch/arm/mach-imx/built-in.o
 .text.cpu_mmc_init
                0x0000000000000000        0x4 arch/arm/mach-imx/built-in.o
 .text.set_chipselect_size
                0x0000000000000000       0x64 arch/arm/mach-imx/built-in.o
 .text.force_idle_bus
                0x0000000000000000      0x14c arch/arm/mach-imx/built-in.o
 .text.setup_i2c
                0x0000000000000000       0x74 arch/arm/mach-imx/built-in.o
 .text.set_dt_val
                0x0000000000000000       0x22 arch/arm/mach-imx/built-in.o
 .text.imx_sec_init
                0x0000000000000000        0x4 arch/arm/mach-imx/built-in.o
 .text.add_dt_path_subnode
                0x0000000000000000       0x22 arch/arm/mach-imx/built-in.o
 .text.add_res_mem_dt_node
                0x0000000000000000      0x134 arch/arm/mach-imx/built-in.o
 .text.imx6_src_get_boot_mode
                0x0000000000000000       0x24 arch/arm/mach-imx/built-in.o
 .text.usec2ticks
                0x0000000000000000       0x48 arch/arm/mach-imx/built-in.o
 .text.get_nr_cpus
                0x0000000000000000       0x10 arch/arm/mach-imx/built-in.o
 .text.gpr_init
                0x0000000000000000       0xb4 arch/arm/mach-imx/built-in.o
 .text.enable_uart_clk
                0x0000000000000000       0x4c arch/arm/mach-imx/built-in.o
 .text.enable_usdhc_clk
                0x0000000000000000       0x38 arch/arm/mach-imx/built-in.o
 .text.enable_spi_clk
                0x0000000000000000       0x2c arch/arm/mach-imx/built-in.o
 .text.enable_lvds_bridge
                0x0000000000000000      0x1ac arch/arm/mach-imx/built-in.o
 .text.enable_ipu_clock
                0x0000000000000000       0x40 arch/arm/mach-imx/built-in.o
 .text.disable_ipu_clock
                0x0000000000000000       0x40 arch/arm/mach-imx/built-in.o
 .text.mx6_ecspi_fused
                0x0000000000000000       0x48 arch/arm/mach-imx/built-in.o
 .text.mx6_uart_fused
                0x0000000000000000       0x6c arch/arm/mach-imx/built-in.o
 .rodata.set_chipselect_size.str1.1
                0x0000000000000000       0x1e arch/arm/mach-imx/built-in.o
[...]
Memory Configuration

Name             Origin             Length             Attributes
*default*        0x0000000000000000 0xffffffffffffffff

Linker script and memory map

Address of section .text set to 0x87800000
                0x0000000000000000                . = 0x0
                0x0000000000000000                . = ALIGN (0x4)

.text           0x0000000087800000      0x3a8
 *(.__image_copy_start)
 .__image_copy_start
                0x0000000087800000        0x0 arch/arm/lib/built-in.o
                0x0000000087800000                __image_copy_start
 *(.vectors)
 .vectors       0x0000000087800000      0x2e8 arch/arm/lib/built-in.o
                0x0000000087800000                _start
                0x0000000087800020                _undefined_instruction
                0x0000000087800024                _software_interrupt
                0x0000000087800028                _prefetch_abort
                0x000000008780002c                _data_abort
                0x0000000087800030                _not_used
                0x0000000087800034                _irq
                0x0000000087800038                _fiq
                0x0000000087800040                IRQ_STACK_START_IN
 arch/arm/cpu/armv7/start.o(.text*)
 .text          0x00000000878002e8       0xc0 arch/arm/cpu/armv7/start.o
                0x00000000878002e8                reset
                0x00000000878002ec                save_boot_params_ret
                0x0000000087800328                c_runtime_cpu_setup
                0x0000000087800338                save_boot_params
                0x000000008780033c                cpu_init_cp15
                0x000000008780039c                cpu_init_crit

.glue_7         0x00000000878003a8        0x0
 .glue_7        0x00000000878003a8        0x0 linker stubs

.glue_7t        0x00000000878003a8        0x0
 .glue_7t       0x00000000878003a8        0x0 linker stubs

.vfp11_veneer   0x00000000878003a8        0x0
 .vfp11_veneer  0x00000000878003a8        0x0 linker stubs

.v4_bx          0x00000000878003a8        0x0
 .v4_bx         0x00000000878003a8        0x0 linker stubs

.iplt           0x00000000878003a8        0x0
 .iplt          0x00000000878003a8        0x0 arch/arm/cpu/armv7/start.o

.__efi_runtime_start
                0x00000000878003a8        0x0
 *(.__efi_runtime_start)
 .__efi_runtime_start
                0x00000000878003a8        0x0 arch/arm/lib/built-in.o

.efi_runtime    0x00000000878003a8      0x7e8
 *(.text.efi_runtime*)
 .text.efi_runtime
                0x00000000878003a8      0x1a8 lib/built-in.o
                0x00000000878003a8                efi_reset_system
                0x00000000878003aa                efi_get_time
                0x00000000878003b4                efi_set_time
                0x00000000878003d4                efi_update_capsule
                0x00000000878003dc                efi_query_capsule_caps
                0x0000000087800480                efi_update_table_header_crc32
                0x00000000878004ac                efi_query_variable_info
                0x00000000878004b4                crc32_no_comp
                0x0000000087800544                crc32
 .text.efi_runtime_detach
                0x0000000087800550       0x24 lib/built-in.o
                0x0000000087800550                efi_runtime_detach
 .text.efi_runtime_relocate
                0x0000000087800574       0xf8 lib/built-in.o
                0x0000000087800574                efi_runtime_relocate
 *(.rodata.efi_runtime*)
 .rodata.efi_runtime_relocate.str1.1
                0x000000008780066c       0x4e lib/built-in.o
 *(.data.efi_runtime*)
 *fill*         0x00000000878006ba        0x6 
 .data.efi_runtime
                0x00000000878006c0      0x4c8 lib/built-in.o
                0x00000000878006c0                efi_events
                0x00000000878006c8                systab
                0x0000000087800738                efi_runtime_services
 .data.efi_runtime_mmio
                0x0000000087800b88        0x8 lib/built-in.o
                0x0000000087800b88                efi_runtime_mmio

.__efi_runtime_stop
                0x0000000087800b90        0x0
 *(.__efi_runtime_stop)
 .__efi_runtime_stop
                0x0000000087800b90        0x0 arch/arm/lib/built-in.o

.text_rest      0x0000000087800ba0    0x4692a
 *(.text*)
 .text          0x0000000087800ba0      0x168 arch/arm/cpu/armv7/built-in.o
                0x0000000087800ba0                __v7_flush_dcache_all
                0x0000000087800c3c                v7_flush_dcache_all
                0x0000000087800c4c                __v7_invalidate_dcache_all
                0x0000000087800ce8                v7_invalidate_dcache_all
                0x0000000087800cf8                allow_unaligned
 .text.invalidate_icache_all
                0x0000000087800d08       0x14 arch/arm/cpu/armv7/built-in.o
                0x0000000087800d08                invalidate_icache_all
 .text.v7_outer_cache_enable
                0x0000000087800d1c        0x2 arch/arm/cpu/armv7/built-in.o
                0x0000000087800d1c                v7_outer_cache_enable
 .text.v7_outer_cache_disable
                0x0000000087800d1e        0x2 arch/arm/cpu/armv7/built-in.o
                0x0000000087800d1e                v7_outer_cache_disable
 .text.v7_outer_cache_flush_all
                0x0000000087800d20        0x2 arch/arm/cpu/armv7/built-in.o
                0x0000000087800d20                v7_outer_cache_flush_all
 .text.flush_dcache_all
                0x0000000087800d22        0xe arch/arm/cpu/armv7/built-in.o
                0x0000000087800d22                flush_dcache_all
 .text.v7_outer_cache_inval_all
                0x0000000087800d30        0x2 arch/arm/cpu/armv7/built-in.o
                0x0000000087800d30                v7_outer_cache_inval_all
 .text.invalidate_dcache_all
                0x0000000087800d32        0xe arch/arm/cpu/armv7/built-in.o
                0x0000000087800d32                invalidate_dcache_all
 .text.arm_init_before_mmu
                0x0000000087800d40       0x22 arch/arm/cpu/armv7/built-in.o
                0x0000000087800d40                arm_init_before_mmu
 .text.v7_outer_cache_flush_range
                0x0000000087800d62        0x2 arch/arm/cpu/armv7/built-in.o
                0x0000000087800d62                v7_outer_cache_flush_range
 .text.flush_dcache_range
                0x0000000087800d64       0x38 arch/arm/cpu/armv7/built-in.o
                0x0000000087800d64                flush_dcache_range
 .text.mmu_page_table_flush
                0x0000000087800d9c       0x1e arch/arm/cpu/armv7/built-in.o
                0x0000000087800d9c                mmu_page_table_flush
 .text.v7_outer_cache_inval_range
                0x0000000087800dba        0x2 arch/arm/cpu/armv7/built-in.o
                0x0000000087800dba                v7_outer_cache_inval_range
 .text.invalidate_dcache_range
                0x0000000087800dbc       0x42 arch/arm/cpu/armv7/built-in.o
                0x0000000087800dbc                invalidate_dcache_range
 .text.cpu_cache_initialization
                0x0000000087800dfe        0x2 arch/arm/cpu/armv7/built-in.o
                0x0000000087800dfe                cpu_cache_initialization
 .text.cleanup_before_linux_select
                0x0000000087800e00       0x3e arch/arm/cpu/armv7/built-in.o
                0x0000000087800e00                cleanup_before_linux_select
 .text.cleanup_before_linux
                0x0000000087800e3e        0x6 arch/arm/cpu/armv7/built-in.o
                0x0000000087800e3e                cleanup_before_linux
 .text.lowlevel_init
                0x0000000087800e44       0x24 arch/arm/cpu/armv7/built-in.o
                0x0000000087800e44                lowlevel_init
 *fill*         0x0000000087800e68       0x18 
 .text          0x0000000087800e80      0x424 arch/arm/lib/built-in.o
                0x0000000087800e80                _main
                0x0000000087800f20                memset
                0x0000000087800fc0                memcpy
 .text.setjmp   0x00000000878012a4       0x10 arch/arm/lib/built-in.o
                0x00000000878012a4                setjmp
 .text.longjmp  0x00000000878012b4       0x1c arch/arm/lib/built-in.o
                0x00000000878012b4                longjmp
 .text.relocate_vectors
                0x00000000878012d0       0x70 arch/arm/lib/built-in.o
                0x00000000878012d0                relocate_vectors
                0x00000000878012dc                relocate_code
 .text.arch_fixup_fdt
                0x0000000087801340       0x24 arch/arm/lib/built-in.o
                0x0000000087801340                arch_fixup_fdt
 .text.setup_initrd_tag.isra.0
                0x0000000087801364       0x2c arch/arm/lib/built-in.o
 .text.arch_lmb_reserve
                0x0000000087801390       0x34 arch/arm/lib/built-in.o
                0x0000000087801390                arch_lmb_reserve
 .text.board_quiesce_devices
                0x00000000878013c4        0x2 arch/arm/lib/built-in.o
                0x00000000878013c4                board_quiesce_devices
 *fill*         0x00000000878013c6        0x2 
 .text.boot_jump_linux
                0x00000000878013c8       0x90 arch/arm/lib/built-in.o
 .text.setup_board_tags
                0x0000000087801458        0x2 arch/arm/lib/built-in.o
                0x0000000087801458                setup_board_tags
 .text.board_prep_linux
                0x000000008780145a        0x2 arch/arm/lib/built-in.o
                0x000000008780145a                board_prep_linux
 .text.boot_prep_linux
                0x000000008780145c      0x158 arch/arm/lib/built-in.o
 .text.do_bootm_linux
                0x00000000878015b4       0x44 arch/arm/lib/built-in.o
                0x00000000878015b4                do_bootm_linux
 .text.boot_prep_vxworks
                0x00000000878015f8       0x30 arch/arm/lib/built-in.o
                0x00000000878015f8                boot_prep_vxworks
 .text.boot_jump_vxworks
                0x0000000087801628        0x6 arch/arm/lib/built-in.o
                0x0000000087801628                boot_jump_vxworks
 *fill*         0x000000008780162e        0x2 
 .text.bootz_setup
                0x0000000087801630       0x90 arch/arm/lib/built-in.o
                0x0000000087801630                bootz_setup
 .text.arch_reserve_stacks
                0x00000000878016c0       0x16 arch/arm/lib/built-in.o
                0x00000000878016c0                arch_reserve_stacks
 *fill*         0x00000000878016d6        0x2 
 .text.interrupt_init
                0x00000000878016d8       0x14 arch/arm/lib/built-in.o
                0x00000000878016d8                interrupt_init
 .text.enable_interrupts
                0x00000000878016ec        0x2 arch/arm/lib/built-in.o
                0x00000000878016ec                enable_interrupts
 .text.disable_interrupts
                0x00000000878016ee        0x4 arch/arm/lib/built-in.o
                0x00000000878016ee                disable_interrupts
 *fill*         0x00000000878016f2        0x2 
 .text.bad_mode
                0x00000000878016f4        0xc arch/arm/lib/built-in.o
                0x00000000878016f4                bad_mode
 .text.show_regs
                0x0000000087801700      0x184 arch/arm/lib/built-in.o
                0x0000000087801700                show_regs
 .text.do_undefined_instruction
                0x0000000087801884       0x28 arch/arm/lib/built-in.o
                0x0000000087801884                do_undefined_instruction
 .text.do_software_interrupt
                0x00000000878018ac       0x28 arch/arm/lib/built-in.o
                0x00000000878018ac                do_software_interrupt
 .text.do_prefetch_abort
                0x00000000878018d4       0x28 arch/arm/lib/built-in.o
                0x00000000878018d4                do_prefetch_abort
 .text.do_data_abort
                0x00000000878018fc       0x28 arch/arm/lib/built-in.o
                0x00000000878018fc                do_data_abort
 .text.do_not_used
                0x0000000087801924       0x28 arch/arm/lib/built-in.o
                0x0000000087801924                do_not_used
 .text.do_fiq   0x000000008780194c       0x28 arch/arm/lib/built-in.o
                0x000000008780194c                do_fiq
 .text.do_irq   0x0000000087801974       0x28 arch/arm/lib/built-in.o
                0x0000000087801974                do_irq
 .text.do_reset
                0x000000008780199c       0x28 arch/arm/lib/built-in.o
                0x000000008780199c                do_reset
 .text.flush_cache
                0x00000000878019c4        0x6 arch/arm/lib/built-in.o
                0x00000000878019c4                flush_cache
 *fill*         0x00000000878019ca        0x2 
 .text.check_cache_range
                0x00000000878019cc       0x20 arch/arm/lib/built-in.o
                0x00000000878019cc                check_cache_range
 .text.cache_disable
                0x00000000878019ec       0x3c arch/arm/lib/built-in.o
 .text.arm_init_domains
                0x0000000087801a28        0x2 arch/arm/lib/built-in.o
                0x0000000087801a28                arm_init_domains
 .text.set_section_dcache
                0x0000000087801a2a       0x12 arch/arm/lib/built-in.o
                0x0000000087801a2a                set_section_dcache
 .text.mmu_set_region_dcache_behaviour
                0x0000000087801a3c       0x40 arch/arm/lib/built-in.o
                0x0000000087801a3c                mmu_set_region_dcache_behaviour
 .text.dram_bank_mmu_setup
                0x0000000087801a7c       0x28 arch/arm/lib/built-in.o
                0x0000000087801a7c                dram_bank_mmu_setup
 .text.icache_enable
                0x0000000087801aa4       0x12 arch/arm/lib/built-in.o
                0x0000000087801aa4                icache_enable
 .text.icache_disable
                0x0000000087801ab6        0x8 arch/arm/lib/built-in.o
                0x0000000087801ab6                icache_disable
 .text.icache_status
                0x0000000087801abe        0xa arch/arm/lib/built-in.o
                0x0000000087801abe                icache_status
 .text.dcache_enable
                0x0000000087801ac8       0x6e arch/arm/lib/built-in.o
                0x0000000087801ac8                dcache_enable
 .text.dcache_disable
                0x0000000087801b36        0x6 arch/arm/lib/built-in.o
                0x0000000087801b36                dcache_disable
 .text.dcache_status
                0x0000000087801b3c        0xa arch/arm/lib/built-in.o
                0x0000000087801b3c                dcache_status
 *fill*         0x0000000087801b46        0x2 
 .text.imx_iomux_v3_setup_pad
                0x0000000087801b48       0xd8 arch/arm/mach-imx/built-in.o
                0x0000000087801b48                imx_iomux_v3_setup_pad
 .text.imx_iomux_v3_setup_multiple_pads
                0x0000000087801c20       0x1a arch/arm/mach-imx/built-in.o
                0x0000000087801c20                imx_iomux_v3_setup_multiple_pads
 *fill*         0x0000000087801c3a        0x2 
 .text.get_imx_reset_cause
                0x0000000087801c3c       0x20 arch/arm/mach-imx/built-in.o
                0x0000000087801c3c                get_imx_reset_cause
 .text.get_reset_cause
                0x0000000087801c5c       0xa0 arch/arm/mach-imx/built-in.o
 .text.get_reboot_reason
                0x0000000087801cfc       0x28 arch/arm/mach-imx/built-in.o
                0x0000000087801cfc                get_reboot_reason
 .text.get_imx_type
                0x0000000087801d24      0x268 arch/arm/mach-imx/built-in.o
                0x0000000087801d24                get_imx_type
 .text.print_cpuinfo
                0x0000000087801f8c       0xf8 arch/arm/mach-imx/built-in.o
                0x0000000087801f8c                print_cpuinfo
 .text.get_ahb_clk
                0x0000000087802084       0x1c arch/arm/mach-imx/built-in.o
                0x0000000087802084                get_ahb_clk
 .text.arch_preboot_os
                0x00000000878020a0        0x2 arch/arm/mach-imx/built-in.o
                0x00000000878020a0                arch_preboot_os
 .text.get_clocks
                0x00000000878020a2       0x12 arch/arm/mach-imx/built-in.o
                0x00000000878020a2                get_clocks
 .text.imx_ddr_size
                0x00000000878020b4       0x54 arch/arm/mach-imx/built-in.o
                0x00000000878020b4                imx_ddr_size
 .text.mxs_wait_mask_set
                0x0000000087802108       0x28 arch/arm/mach-imx/built-in.o
                0x0000000087802108                mxs_wait_mask_set
 .text.mxs_wait_mask_clr
                0x0000000087802130       0x26 arch/arm/mach-imx/built-in.o
                0x0000000087802130                mxs_wait_mask_clr
 *fill*         0x0000000087802156        0x2 
 .text.mxs_reset_block
                0x0000000087802158       0x6c arch/arm/mach-imx/built-in.o
                0x0000000087802158                mxs_reset_block
 .text.board_lmb_reserve
                0x00000000878021c4       0x2a arch/arm/mach-imx/built-in.o
                0x00000000878021c4                board_lmb_reserve
 *fill*         0x00000000878021ee        0x2 
 .text.configure_tzc380
                0x00000000878021f0       0x24 arch/arm/mach-imx/built-in.o
                0x00000000878021f0                configure_tzc380
 .text.enable_caches
                0x0000000087802214       0x50 arch/arm/mach-imx/built-in.o
                0x0000000087802214                enable_caches
 .text.init_aips
                0x0000000087802264       0xd4 arch/arm/mach-imx/built-in.o
                0x0000000087802264                init_aips
 .text.imx_wdog_disable_powerdown
                0x0000000087802338       0x98 arch/arm/mach-imx/built-in.o
                0x0000000087802338                imx_wdog_disable_powerdown
 .text.init_src
                0x00000000878023d0       0x18 arch/arm/mach-imx/built-in.o
                0x00000000878023d0                init_src
 .text.boot_mode_apply
                0x00000000878023e8       0x28 arch/arm/mach-imx/built-in.o
                0x00000000878023e8                boot_mode_apply
 .text.imx_get_mac_from_fuse
                0x0000000087802410       0xe4 arch/arm/mach-imx/built-in.o
                0x0000000087802410                imx_get_mac_from_fuse
 .text.timer_init
                0x00000000878024f4       0x3c arch/arm/mach-imx/built-in.o
                0x00000000878024f4                timer_init
 .text.get_ticks
                0x0000000087802530       0x12 arch/arm/mach-imx/built-in.o
                0x0000000087802530                get_ticks
 .text.get_timer
                0x0000000087802542       0x46 arch/arm/mach-imx/built-in.o
                0x0000000087802542                get_timer
 .text.__udelay
                0x0000000087802588       0x8c arch/arm/mach-imx/built-in.o
                0x0000000087802588                __udelay
 .text.get_tbclk
                0x0000000087802614        0x6 arch/arm/mach-imx/built-in.o
                0x0000000087802614                get_tbclk
 *fill*         0x000000008780261a        0x2 
 .text.create_usage
                0x000000008780261c       0x60 arch/arm/mach-imx/built-in.o
 .text.do_boot_mode
                0x000000008780267c       0x88 arch/arm/mach-imx/built-in.o
 .text.add_board_boot_modes
                0x0000000087802704       0x3c arch/arm/mach-imx/built-in.o
                0x0000000087802704                add_board_boot_modes
 .text.get_cpu_rev
                0x0000000087802740       0x9c arch/arm/mach-imx/built-in.o
                0x0000000087802740                get_cpu_rev
 .text.get_cpu_speed_grade_hz
                0x00000000878027dc       0xf4 arch/arm/mach-imx/built-in.o
                0x00000000878027dc                get_cpu_speed_grade_hz
 .text.get_cpu_temp_grade
                0x00000000878028d0       0x48 arch/arm/mach-imx/built-in.o
                0x00000000878028d0                get_cpu_temp_grade
 .text.get_board_rev
                0x0000000087802918       0x26 arch/arm/mach-imx/built-in.o
                0x0000000087802918                get_board_rev
 *fill*         0x000000008780293e        0x2 
 .text.set_ldo_voltage
                0x0000000087802940       0xa4 arch/arm/mach-imx/built-in.o
                0x0000000087802940                set_ldo_voltage
 .text.is_usb_boot
                0x00000000878029e4        0x8 arch/arm/mach-imx/built-in.o
                0x00000000878029e4                is_usb_boot
 .text.mmc_get_boot_dev
                0x00000000878029ec       0x28 arch/arm/mach-imx/built-in.o
 .text.arch_cpu_init
                0x0000000087802a14      0x374 arch/arm/mach-imx/built-in.o
                0x0000000087802a14                arch_cpu_init
 .text.board_mmc_get_env_dev
                0x0000000087802d88        0x2 arch/arm/mach-imx/built-in.o
                0x0000000087802d88                board_mmc_get_env_dev
 *fill*         0x0000000087802d8a        0x2 
 .text.mmc_get_env_dev
                0x0000000087802d8c       0x24 arch/arm/mach-imx/built-in.o
                0x0000000087802d8c                mmc_get_env_dev
 .text.board_mmc_get_env_part
                0x0000000087802db0        0x4 arch/arm/mach-imx/built-in.o
                0x0000000087802db0                board_mmc_get_env_part
 .text.mmc_get_env_part
                0x0000000087802db4       0x16 arch/arm/mach-imx/built-in.o
                0x0000000087802db4                mmc_get_env_part
 .text.board_postclk_init
                0x0000000087802dca       0x1c arch/arm/mach-imx/built-in.o
                0x0000000087802dca                board_postclk_init
 *fill*         0x0000000087802de6        0x2 
 .text.get_board_serial
                0x0000000087802de8       0x14 arch/arm/mach-imx/built-in.o
                0x0000000087802de8                get_board_serial
 .text.get_boot_device
                0x0000000087802dfc       0x4c arch/arm/mach-imx/built-in.o
                0x0000000087802dfc                get_boot_device
 .text.set_wdog_reset
                0x0000000087802e48       0x1a arch/arm/mach-imx/built-in.o
                0x0000000087802e48                set_wdog_reset
 .text.reset_misc
                0x0000000087802e62        0x2 arch/arm/mach-imx/built-in.o
                0x0000000087802e62                reset_misc
 .text.s_init   0x0000000087802e64       0xc4 arch/arm/mach-imx/built-in.o
                0x0000000087802e64                s_init
 .text.get_ipg_clk
                0x0000000087802f28       0x1c arch/arm/mach-imx/built-in.o
 .text.enable_pll_video.constprop.0
                0x0000000087802f44       0xc4 arch/arm/mach-imx/built-in.o
 .text.get_uart_clk
                0x0000000087803008       0xa8 arch/arm/mach-imx/built-in.o
 .text.mxc_get_pll_pfd
                0x00000000878030b0       0x88 arch/arm/mach-imx/built-in.o
 .text.get_usdhc_clk
                0x0000000087803138       0x98 arch/arm/mach-imx/built-in.o
 .text.enable_ocotp_clk
                0x00000000878031d0       0x1c arch/arm/mach-imx/built-in.o
                0x00000000878031d0                enable_ocotp_clk
 .text.enable_usboh3_clk
                0x00000000878031ec       0x20 arch/arm/mach-imx/built-in.o
                0x00000000878031ec                enable_usboh3_clk
 .text.enable_enet_clk
                0x000000008780320c       0x54 arch/arm/mach-imx/built-in.o
                0x000000008780320c                enable_enet_clk
 .text.enable_i2c_clk
                0x0000000087803260       0x94 arch/arm/mach-imx/built-in.o
                0x0000000087803260                enable_i2c_clk
 .text.get_periph_clk
                0x00000000878032f4       0x88 arch/arm/mach-imx/built-in.o
                0x00000000878032f4                get_periph_clk
 .text.get_axi_clk
                0x000000008780337c       0x34 arch/arm/mach-imx/built-in.o
 .text.enable_lcdif_clock
                0x00000000878033b0      0x21c arch/arm/mach-imx/built-in.o
                0x00000000878033b0                enable_lcdif_clock
 .text.mxs_set_lcdclk
                0x00000000878035cc      0x2b0 arch/arm/mach-imx/built-in.o
                0x00000000878035cc                mxs_set_lcdclk
 .text.enable_qspi_clk
                0x000000008780387c       0x78 arch/arm/mach-imx/built-in.o
                0x000000008780387c                enable_qspi_clk
 .text.enable_fec_anatop_clock
                0x00000000878038f4       0xb8 arch/arm/mach-imx/built-in.o
                0x00000000878038f4                enable_fec_anatop_clock
 .text.imx_get_uartclk
                0x00000000878039ac        0x4 arch/arm/mach-imx/built-in.o
                0x00000000878039ac                imx_get_uartclk
 .text.enable_thermal_clk
                0x00000000878039b0       0x44 arch/arm/mach-imx/built-in.o
                0x00000000878039b0                enable_thermal_clk
 .text.mxc_get_clock
                0x00000000878039f4      0x36c arch/arm/mach-imx/built-in.o
                0x00000000878039f4                mxc_get_clock
 .text.imx_get_fecclk
                0x0000000087803d60        0x6 arch/arm/mach-imx/built-in.o
                0x0000000087803d60                imx_get_fecclk
 *fill*         0x0000000087803d66        0x2 
 .text.do_mx6_showclocks
                0x0000000087803d68      0x1c0 arch/arm/mach-imx/built-in.o
                0x0000000087803d68                do_mx6_showclocks
 .text.check_module_fused
                0x0000000087803f28       0x44 arch/arm/mach-imx/built-in.o
                0x0000000087803f28                check_module_fused
 .text.ft_system_setup
                0x0000000087803f6c       0xb4 arch/arm/mach-imx/built-in.o
                0x0000000087803f6c                ft_system_setup
 .text.mx6_esdhc_fused
                0x0000000087804020       0x3c arch/arm/mach-imx/built-in.o
                0x0000000087804020                mx6_esdhc_fused
 .text.mx6_usb_fused
                0x000000008780405c       0x10 arch/arm/mach-imx/built-in.o
                0x000000008780405c                mx6_usb_fused
 .text.mx6_qspi_fused
                0x000000008780406c        0x4 arch/arm/mach-imx/built-in.o
                0x000000008780406c                mx6_qspi_fused
 .text.mx6_i2c_fused
                0x0000000087804070       0x3c arch/arm/mach-imx/built-in.o
                0x0000000087804070                mx6_i2c_fused
 .text.mx6_enet_fused
                0x00000000878040ac       0x20 arch/arm/mach-imx/built-in.o
                0x00000000878040ac                mx6_enet_fused
 .text.mmc_map_to_kernel_blk
                0x00000000878040cc        0x2 board/freescale/common/built-in.o
                0x00000000878040cc                mmc_map_to_kernel_blk
 *fill*         0x00000000878040ce        0x2 
 .text.board_late_mmc_env_init
                0x00000000878040d0       0x6c board/freescale/common/built-in.o
                0x00000000878040d0                board_late_mmc_env_init
 .text.dram_init
                0x000000008780413c        0xe board/freescale/mx6ullevk/built-in.o
                0x000000008780413c                dram_init
 .text.board_phy_config
                0x000000008780414a       0x2e board/freescale/mx6ullevk/built-in.o
                0x000000008780414a                board_phy_config
 .text.board_early_init_f
                0x0000000087804178       0x14 board/freescale/mx6ullevk/built-in.o
                0x0000000087804178                board_early_init_f
 .text.board_init
                0x000000008780418c       0x64 board/freescale/mx6ullevk/built-in.o
                0x000000008780418c                board_init
 .text.board_late_init
                0x00000000878041f0      0x114 board/freescale/mx6ullevk/built-in.o
                0x00000000878041f0                board_late_init
 .text.checkboard
                0x0000000087804304       0x24 board/freescale/mx6ullevk/built-in.o
                0x0000000087804304                checkboard
 .text.do_go_exec
                0x0000000087804328        0x8 cmd/built-in.o
                0x0000000087804328                do_go_exec
 .text.do_go    0x0000000087804330       0x4c cmd/built-in.o
 .text.do_bootm
                0x000000008780437c       0xa0 cmd/built-in.o
                0x000000008780437c                do_bootm
 .text.do_bootd
                0x000000008780441c       0x18 cmd/built-in.o
                0x000000008780441c                do_bootd
 .text.image_info
                0x0000000087804434       0xa4 cmd/built-in.o
 .text.do_iminfo
                0x00000000878044d8       0x3c cmd/built-in.o
 .text.bootm_maybe_autostart
                0x0000000087804514       0x4c cmd/built-in.o
                0x0000000087804514                bootm_maybe_autostart
 .text.do_help  0x0000000087804560       0x2c cmd/built-in.o
 .text.do_version
                0x000000008780458c       0x30 cmd/built-in.o
 .text.blk_common_cmd
                0x00000000878045bc      0x200 cmd/built-in.o
                0x00000000878045bc                blk_common_cmd
 .text.image_source_script
                0x00000000878047bc       0x90 cmd/built-in.o
                0x00000000878047bc                image_source_script
 .text.do_source
                0x000000008780484c       0x34 cmd/built-in.o
 .text.print_num
                0x0000000087804880       0x10 cmd/built-in.o
 .text.do_bdinfo
                0x0000000087804890       0xd4 cmd/built-in.o
 .text.do_blkcache
                0x0000000087804964       0x3c cmd/built-in.o
 .text.blkc_configure
                0x00000000878049a0       0x40 cmd/built-in.o
 .text.blkc_show
                0x00000000878049e0       0x28 cmd/built-in.o
 .text.do_bmp   0x0000000087804a08       0x38 cmd/built-in.o
 .text.do_bmp_info
                0x0000000087804a40       0xac cmd/built-in.o
 .text.bmp_display
                0x0000000087804aec       0x58 cmd/built-in.o
                0x0000000087804aec                bmp_display
 .text.do_bmp_display
                0x0000000087804b44       0x98 cmd/built-in.o
 .text.efi_reserve_memory
                0x0000000087804bdc       0x58 cmd/built-in.o
 .text.do_bootefi_exec
                0x0000000087804c34      0x13c cmd/built-in.o
 .text.efi_install_fdt
                0x0000000087804d70      0x238 cmd/built-in.o
                0x0000000087804d70                efi_install_fdt
 .text.efi_run_image
                0x0000000087804fa8       0x98 cmd/built-in.o
                0x0000000087804fa8                efi_run_image
 .text.do_bootefi
                0x0000000087805040       0xb0 cmd/built-in.o
 .text.efi_set_bootdev
                0x00000000878050f0       0x68 cmd/built-in.o
                0x00000000878050f0                efi_set_bootdev
 .text.do_bootz
                0x0000000087805158       0x9c cmd/built-in.o
                0x0000000087805158                do_bootz
 .text.parse_argv
                0x00000000878051f4       0x3c cmd/built-in.o
 .text.do_icache
                0x0000000087805230       0x5c cmd/built-in.o
 .text.do_dcache
                0x000000008780528c       0x5c cmd/built-in.o
 .text.do_coninfo
                0x00000000878052e8       0x94 cmd/built-in.o
 .text.do_dm_dump_devres
                0x000000008780537c        0x4 cmd/built-in.o
 .text.do_dm    0x0000000087805380       0x44 cmd/built-in.o
 .text.do_dm_dump_drivers
                0x00000000878053c4        0xa cmd/built-in.o
 .text.do_dm_dump_uclass
                0x00000000878053ce        0xa cmd/built-in.o
 .text.do_dm_dump_all
                0x00000000878053d8        0xa cmd/built-in.o
 *fill*         0x00000000878053e2        0x2 
 .text.do_echo  0x00000000878053e4       0x80 cmd/built-in.o
 .text.load_elf_image_phdr
                0x0000000087805464       0xca cmd/built-in.o
 *fill*         0x000000008780552e        0x2 
 .text.valid_elf_image
                0x0000000087805530       0x30 cmd/built-in.o
                0x0000000087805530                valid_elf_image
 .text.do_bootelf
                0x0000000087805560      0x1b4 cmd/built-in.o
                0x0000000087805560                do_bootelf
 .text.do_bootvx
                0x0000000087805714      0x230 cmd/built-in.o
                0x0000000087805714                do_bootvx
 .text.do_exit  0x0000000087805944       0x20 cmd/built-in.o
 .text.do_ext4_size
                0x0000000087805964        0xe cmd/built-in.o
                0x0000000087805964                do_ext4_size
 .text.do_ext4_load
                0x0000000087805972        0xe cmd/built-in.o
                0x0000000087805972                do_ext4_load
 .text.do_ext4_ls
                0x0000000087805980        0xe cmd/built-in.o
                0x0000000087805980                do_ext4_ls
 .text.do_ext4_write
                0x000000008780598e        0xe cmd/built-in.o
                0x000000008780598e                do_ext4_write
 .text.do_ext2load
                0x000000008780599c        0xe cmd/built-in.o
                0x000000008780599c                do_ext2load
 .text.do_ext2ls
                0x00000000878059aa        0xe cmd/built-in.o
 .text.do_fat_size
                0x00000000878059b8        0xe cmd/built-in.o
                0x00000000878059b8                do_fat_size
 .text.do_fat_fsload
                0x00000000878059c6        0xe cmd/built-in.o
                0x00000000878059c6                do_fat_fsload
 .text.do_fat_ls
                0x00000000878059d4        0xe cmd/built-in.o
 *fill*         0x00000000878059e2        0x2 
 .text.do_fat_fsinfo
                0x00000000878059e4       0x54 cmd/built-in.o
 .text.do_fat_fswrite
                0x0000000087805a38       0xd4 cmd/built-in.o
 .text.do_fat_rm
                0x0000000087805b0c        0xe cmd/built-in.o
 .text.do_fat_mkdir
                0x0000000087805b1a        0xe cmd/built-in.o
 .text.fdt_valid
                0x0000000087805b28       0x74 cmd/built-in.o
 .text.is_printable_string
                0x0000000087805b9c       0x4c cmd/built-in.o
 .text.print_data
                0x0000000087805be8      0x104 cmd/built-in.o
 .text.set_working_fdt_addr
                0x0000000087805cec       0x14 cmd/built-in.o
                0x0000000087805cec                set_working_fdt_addr
 .text.do_fdt   0x0000000087805d00      0xa58 cmd/built-in.o
 .text.do_flinfo
                0x0000000087806758        0x4 cmd/built-in.o
 .text.do_protect
                0x000000008780675c        0xc cmd/built-in.o
 .text.do_flerase
                0x0000000087806768        0x4 cmd/built-in.o
 .text.do_size_wrapper
                0x000000008780676c        0xe cmd/built-in.o
 .text.do_load_wrapper
                0x000000008780677a        0xe cmd/built-in.o
 .text.do_save_wrapper
                0x0000000087806788        0xe cmd/built-in.o
 .text.do_ls_wrapper
                0x0000000087806796        0xe cmd/built-in.o
 .text.do_ln_wrapper
                0x00000000878067a4        0xe cmd/built-in.o
 .text.do_fstype_wrapper
                0x00000000878067b2        0x4 cmd/built-in.o
 .text.strtou32
                0x00000000878067b6       0x2c cmd/built-in.o
 *fill*         0x00000000878067e2        0x2 
 .text.do_fuse  0x00000000878067e4      0x238 cmd/built-in.o
 .text.gpio_get_description
                0x0000000087806a1c       0x84 cmd/built-in.o
 .text.do_gpio  0x0000000087806aa0      0x244 cmd/built-in.o
 .text.do_i2c   0x0000000087806ce4       0x3c cmd/built-in.o
 .text.i2c_get_cur_bus
                0x0000000087806d20       0x24 cmd/built-in.o
 .text.do_i2c_bus_speed
                0x0000000087806d44       0x64 cmd/built-in.o
 .text.do_i2c_reset
                0x0000000087806da8       0x24 cmd/built-in.o
 .text.i2c_get_cur_bus_chip
                0x0000000087806dcc       0x1e cmd/built-in.o
 *fill*         0x0000000087806dea        0x2 
 .text.do_i2c_probe
                0x0000000087806dec       0x74 cmd/built-in.o
 .text.do_i2c_bus_num
                0x0000000087806e60       0x70 cmd/built-in.o
 .text.show_bus
                0x0000000087806ed0       0x64 cmd/built-in.o
 .text.do_i2c_olen
                0x0000000087806f34       0x74 cmd/built-in.o
 .text.do_i2c_flags
                0x0000000087806fa8       0x78 cmd/built-in.o
 .text.do_i2c_show_bus
                0x0000000087807020       0x6c cmd/built-in.o
 .text.get_alen.constprop.0
                0x000000008780708c       0x1e cmd/built-in.o
 *fill*         0x00000000878070aa        0x2 
 .text.do_i2c_crc
                0x00000000878070ac       0xe0 cmd/built-in.o
 .text.mod_i2c_mem.isra.0.part.0
                0x000000008780718c      0x158 cmd/built-in.o
 .text.do_i2c_nm
                0x00000000878072e4       0x12 cmd/built-in.o
 *fill*         0x00000000878072f6        0x2 
 .text.do_i2c_md
                0x00000000878072f8      0x16c cmd/built-in.o
 .text.do_i2c_read
                0x0000000087807464       0x90 cmd/built-in.o
 .text.do_i2c_mw
                0x00000000878074f4       0xbc cmd/built-in.o
 .text.do_i2c_write
                0x00000000878075b0      0x104 cmd/built-in.o
 .text.do_i2c_loop
                0x00000000878076b4       0xc0 cmd/built-in.o
 .text.do_i2c_mm
                0x0000000087807774       0x12 cmd/built-in.o
 .text.evalexp  0x0000000087807786       0x4c cmd/built-in.o
 .text.evalstr  0x00000000878077d2       0x3c cmd/built-in.o
 *fill*         0x000000008780780e        0x2 
 .text.binary_test
                0x0000000087807810       0xf4 cmd/built-in.o
 .text.do_itest
                0x0000000087807904       0x4c cmd/built-in.o
 .text.bin_data_init
                0x0000000087807950       0x1c cmd/built-in.o
 .text.k_data_save
                0x000000008780796c       0x34 cmd/built-in.o
 .text.k_data_restore
                0x00000000878079a0       0x34 cmd/built-in.o
 .text.getcxmodem
                0x00000000878079d4       0x16 cmd/built-in.o
 *fill*         0x00000000878079ea        0x2 
 .text.load_serial_ymodem
                0x00000000878079ec       0x90 cmd/built-in.o
 .text.bin_data_char
                0x0000000087807a7c       0x1c cmd/built-in.o
 .text.chk1.constprop.0
                0x0000000087807a98       0x20 cmd/built-in.o
 .text.s1_sendpacket.constprop.0
                0x0000000087807ab8       0x34 cmd/built-in.o
 .text.load_serial
                0x0000000087807aec      0x124 cmd/built-in.o
 .text.do_load_serial
                0x0000000087807c10       0x8c cmd/built-in.o
 .text.do_load_serial_bin
                0x0000000087807c9c      0x528 cmd/built-in.o
 .text.do_mem_md
                0x00000000878081c4       0xa0 cmd/built-in.o
 .text.do_mem_base
                0x0000000087808264       0x28 cmd/built-in.o
 .text.do_mem_crc
                0x000000008780828c       0x2c cmd/built-in.o
 .text.do_mem_mtest
                0x00000000878082b8      0x160 cmd/built-in.o
 .text.do_mem_mw
                0x0000000087808418       0x78 cmd/built-in.o
 .text.do_mem_loop
                0x0000000087808490       0x82 cmd/built-in.o
 *fill*         0x0000000087808512        0x2 
 .text.do_mem_cmp
                0x0000000087808514       0xe8 cmd/built-in.o
 .text.mod_mem.isra.0.part.0
                0x00000000878085fc       0xec cmd/built-in.o
 .text.do_mem_mm
                0x00000000878086e8       0x12 cmd/built-in.o
 *fill*         0x00000000878086fa        0x2 
 .text.do_mem_cp
                0x00000000878086fc       0x70 cmd/built-in.o
 .text.do_random
                0x000000008780876c       0xa0 cmd/built-in.o
 .text.do_mem_nm
                0x000000008780880c       0x12 cmd/built-in.o
 .text.extract_range
                0x000000008780881e       0x7a cmd/built-in.o
 .text.dump_field
                0x0000000087808898       0x3c cmd/built-in.o
 .text.do_mii   0x00000000878088d4      0x5b4 cmd/built-in.o
 .text.do_mdio  0x0000000087808e88      0x4c4 cmd/built-in.o
 .text.do_sleep
                0x000000008780934c       0x84 cmd/built-in.o
 .text.do_mmcops
                0x00000000878093d0       0x84 cmd/built-in.o
 .text.init_mmc_device
                0x0000000087809454       0x48 cmd/built-in.o
 .text.do_mmc_rst_func
                0x000000008780949c       0x5c cmd/built-in.o
 .text.do_mmc_rescan
                0x00000000878094f8       0x18 cmd/built-in.o
 .text.do_mmc_partconf
                0x0000000087809510       0xa4 cmd/built-in.o
 .text.do_mmc_bootbus
                0x00000000878095b4       0x70 cmd/built-in.o
 .text.do_mmc_hwpartition
                0x0000000087809624      0x3a0 cmd/built-in.o
 .text.do_mmc_list
                0x00000000878099c4        0xc cmd/built-in.o
 .text.do_mmc_dev
                0x00000000878099d0       0xc4 cmd/built-in.o
 .text.do_mmcinfo
                0x0000000087809a94      0x2bc cmd/built-in.o
 .text.do_mmc_setdsr
                0x0000000087809d50       0x70 cmd/built-in.o
 .text.do_mmc_boot_resize
                0x0000000087809dc0       0x80 cmd/built-in.o
 .text.do_mmc_part
                0x0000000087809e40       0x38 cmd/built-in.o
 .text.do_mmc_erase
                0x0000000087809e78       0x9c cmd/built-in.o
 .text.do_mmc_write
                0x0000000087809f14       0xb0 cmd/built-in.o
 .text.do_mmc_read
                0x0000000087809fc4       0x9c cmd/built-in.o
 .text.mtd_arg_off
                0x000000008780a060       0x50 cmd/built-in.o
                0x000000008780a060                mtd_arg_off
 .text.mtd_arg_off_size
                0x000000008780a0b0       0xc4 cmd/built-in.o
                0x000000008780a0b0                mtd_arg_off_size
 .text.netboot_common
                0x000000008780a174      0x1d0 cmd/built-in.o
 .text.do_bootp
                0x000000008780a344        0x8 cmd/built-in.o
 .text.do_dhcp  0x000000008780a34c        0x8 cmd/built-in.o
 .text.do_nfs   0x000000008780a354        0x8 cmd/built-in.o
 .text.do_tftpb
                0x000000008780a35c       0x26 cmd/built-in.o
                0x000000008780a35c                do_tftpb
 *fill*         0x000000008780a382        0x2 
 .text.do_ping  0x000000008780a384       0x48 cmd/built-in.o
 .text.do_pinmux
                0x000000008780a3cc       0x40 cmd/built-in.o
 .text.do_list  0x000000008780a40c       0x68 cmd/built-in.o
 .text.show_pinmux
                0x000000008780a474       0x90 cmd/built-in.o
 .text.do_status
                0x000000008780a504       0x98 cmd/built-in.o
 .text.do_dev   0x000000008780a59c       0x54 cmd/built-in.o
 .text.do_raw_read
                0x000000008780a5f0       0xd4 cmd/built-in.o
                0x000000008780a5f0                do_raw_read
 .text.bytes_per_second
                0x000000008780a6c4       0x34 cmd/built-in.o
 .text.do_spi_flash
                0x000000008780a6f8      0x59c cmd/built-in.o
 .text.substitute
                0x000000008780ac94       0x98 cmd/built-in.o
 .text.get_arg  0x000000008780ad2c       0x34 cmd/built-in.o
 .text.regex_sub.part.0
                0x000000008780ad60      0x1f8 cmd/built-in.o
 .text.do_setexpr
                0x000000008780af58       0xf0 cmd/built-in.o
 .text.do_false
                0x000000008780b048        0x4 cmd/built-in.o
 .text.do_true  0x000000008780b04c        0x4 cmd/built-in.o
 .text.do_test  0x000000008780b050      0x200 cmd/built-in.o
 .text.usb_get_class_desc
                0x000000008780b250       0x74 cmd/built-in.o
 .text.usb_display_class_sub
                0x000000008780b2c4       0xf8 cmd/built-in.o
 .text.usb_display_desc
                0x000000008780b3bc       0xf8 cmd/built-in.o
 .text.usb_show_tree_graph
                0x000000008780b4b4      0x178 cmd/built-in.o
 .text.usb_show_subtree
                0x000000008780b62c       0x1c cmd/built-in.o
 .text.usb_for_each_root_dev
                0x000000008780b648       0x3c cmd/built-in.o
 .text.usb_display_string
                0x000000008780b684       0x2c cmd/built-in.o
 .text.usb_display_config
                0x000000008780b6b0      0x1ac cmd/built-in.o
 .text.usb_show_info
                0x000000008780b85c       0x4a cmd/built-in.o
 .text.usb_find_device
                0x000000008780b8a6       0x64 cmd/built-in.o
 *fill*         0x000000008780b90a        0x2 
 .text.do_usbboot
                0x000000008780b90c        0xc cmd/built-in.o
 .text.do_usb_start
                0x000000008780b918       0x20 cmd/built-in.o
 .text.usb_show_tree
                0x000000008780b938        0xc cmd/built-in.o
                0x000000008780b938                usb_show_tree
 .text.do_usb   0x000000008780b944      0x294 cmd/built-in.o
 .text.common_diskboot
                0x000000008780bbd8      0x174 cmd/built-in.o
                0x000000008780bbd8                common_diskboot
 .text.do_fastboot
                0x000000008780bd4c      0x148 cmd/built-in.o
 .text.ums_fini
                0x000000008780be94       0x34 cmd/built-in.o
 .text.ums_write_sector
                0x000000008780bec8        0xe cmd/built-in.o
 .text.ums_read_sector
                0x000000008780bed6        0xe cmd/built-in.o
 .text.do_usb_mass_storage
                0x000000008780bee4      0x238 cmd/built-in.o
 .text.do_imgextract
                0x000000008780c11c      0x1b4 cmd/built-in.o
 .text.del_gpt_info
                0x000000008780c2d0       0x28 cmd/built-in.o
 .text.extract_val
                0x000000008780c2f8       0x58 cmd/built-in.o
 .text.calc_parts_list_len
                0x000000008780c350       0x54 cmd/built-in.o
 .text.extract_env
                0x000000008780c3a4       0xa0 cmd/built-in.o
 .text.get_gpt_info
                0x000000008780c444       0xc4 cmd/built-in.o
 .text.create_gpt_partitions_list.isra.0
                0x000000008780c508       0xd0 cmd/built-in.o
 .text.set_gpt_info.isra.0
                0x000000008780c5d8      0x30c cmd/built-in.o
 .text.print_gpt_info
                0x000000008780c8e4       0xb4 cmd/built-in.o
 .text.do_gpt   0x000000008780c998      0x484 cmd/built-in.o
 .text.do_env_delete
                0x000000008780ce1c       0x6c cmd/built-in.o
 .text.do_env_save
                0x000000008780ce88        0xe cmd/built-in.o
 *fill*         0x000000008780ce96        0x2 
 .text.do_env   0x000000008780ce98       0x3c cmd/built-in.o
 .text.env_print
                0x000000008780ced4       0x78 cmd/built-in.o
 .text.do_env_print
                0x000000008780cf4c       0x78 cmd/built-in.o
 .text.do_env_import
                0x000000008780cfc4      0x1a0 cmd/built-in.o
 .text.do_env_default
                0x000000008780d164       0x5c cmd/built-in.o
 .text.do_env_exists
                0x000000008780d1c0       0x40 cmd/built-in.o
 .text._do_env_set.isra.0
                0x000000008780d200      0x120 cmd/built-in.o
 .text.do_env_set
                0x000000008780d320       0x14 cmd/built-in.o
 .text.env_get_id
                0x000000008780d334        0xc cmd/built-in.o
                0x000000008780d334                env_get_id
 .text.env_set  0x000000008780d340       0x3c cmd/built-in.o
                0x000000008780d340                env_set
 .text.env_set_ulong
                0x000000008780d37c       0x16 cmd/built-in.o
                0x000000008780d37c                env_set_ulong
 *fill*         0x000000008780d392        0x2 
 .text.env_set_hex
                0x000000008780d394       0x20 cmd/built-in.o
                0x000000008780d394                env_set_hex
 .text.do_env_export
                0x000000008780d3b4      0x158 cmd/built-in.o
 .text.env_match
                0x000000008780d50c       0x48 cmd/built-in.o
                0x000000008780d50c                env_match
 .text.env_get_f
                0x000000008780d554       0x84 cmd/built-in.o
                0x000000008780d554                env_get_f
 .text.env_get  0x000000008780d5d8       0x50 cmd/built-in.o
                0x000000008780d5d8                env_get
 .text.env_get_hex
                0x000000008780d628       0x20 cmd/built-in.o
                0x000000008780d628                env_get_hex
 .text.eth_env_get_enetaddr
                0x000000008780d648       0x34 cmd/built-in.o
                0x000000008780d648                eth_env_get_enetaddr
 .text.eth_env_set_enetaddr
                0x000000008780d67c       0x30 cmd/built-in.o
                0x000000008780d67c                eth_env_set_enetaddr
 .text.env_get_ulong
                0x000000008780d6ac       0x1c cmd/built-in.o
                0x000000008780d6ac                env_get_ulong
 .text.do_env_edit.part.0
                0x000000008780d6c8       0x70 cmd/built-in.o
 .text.do_env_edit
                0x000000008780d738       0x1c cmd/built-in.o
 .text.board_init_f_alloc_reserve
                0x000000008780d754        0xc common/built-in.o
                0x000000008780d754                board_init_f_alloc_reserve
 .text.board_init_f_init_reserve
                0x000000008780d760       0x14 common/built-in.o
                0x000000008780d760                board_init_f_init_reserve
 .text.show_boot_progress
                0x000000008780d774        0x4 common/built-in.o
                0x000000008780d774                show_boot_progress
 .text.main_loop
                0x000000008780d778       0x34 common/built-in.o
                0x000000008780d778                main_loop
 .text.mdelay   0x000000008780d7ac        0xa common/built-in.o
 .text.dummy    0x000000008780d7b6        0x2 common/built-in.o
 .text.get_version
                0x000000008780d7b8        0x4 common/built-in.o
                0x000000008780d7b8                get_version
 .text.jumptable_init
                0x000000008780d7bc      0x160 common/built-in.o
                0x000000008780d7bc                jumptable_init
 .text.hash_command
                0x000000008780d91c       0x74 common/built-in.o
                0x000000008780d91c                hash_command
 .text.b_reset  0x000000008780d990        0xe common/built-in.o
 .text.static_get
                0x000000008780d99e       0x12 common/built-in.o
 .text.static_peek
                0x000000008780d9b0        0x6 common/built-in.o
 *fill*         0x000000008780d9b6        0x2 
 .text.mapset   0x000000008780d9b8       0x14 common/built-in.o
 .text.syntax_err
                0x000000008780d9cc        0xc common/built-in.o
 .text.free_pipe_list
                0x000000008780d9d8       0x90 common/built-in.o
 .text.xmalloc  0x000000008780da68       0x18 common/built-in.o
 .text.new_pipe
                0x000000008780da80       0x16 common/built-in.o
 *fill*         0x000000008780da96        0x2 
 .text.xrealloc
                0x000000008780da98       0x18 common/built-in.o
 .text.done_command
                0x000000008780dab0       0x42 common/built-in.o
 .text.done_pipe
                0x000000008780daf2       0x2c common/built-in.o
 *fill*         0x000000008780db1e        0x2 
 .text.done_word
                0x000000008780db20      0x1c0 common/built-in.o
 .text.is_assignment
                0x000000008780dce0       0x30 common/built-in.o
 .text.file_get
                0x000000008780dd10      0x138 common/built-in.o
 .text.do_showvar
                0x000000008780de48       0xa0 common/built-in.o
 .text.b_addchr
                0x000000008780dee8       0x42 common/built-in.o
 *fill*         0x000000008780df2a        0x2 
 .text.b_addqchr
                0x000000008780df2c       0x30 common/built-in.o
 .text.file_peek
                0x000000008780df5c        0x6 common/built-in.o
 *fill*         0x000000008780df62        0x2 
 .text.get_local_var
                0x000000008780df64       0x58 common/built-in.o
                0x000000008780df64                get_local_var
 .text.set_local_var
                0x000000008780dfbc      0x108 common/built-in.o
                0x000000008780dfbc                set_local_var
 .text.insert_var_value_sub
                0x000000008780e0c4      0x1bc common/built-in.o
 .text.parse_string_outer
                0x000000008780e280       0x90 common/built-in.o
                0x000000008780e280                parse_string_outer
 .text.run_list_real
                0x000000008780e310      0x4e0 common/built-in.o
 .text.parse_stream_outer
                0x000000008780e7f0      0x424 common/built-in.o
 .text.parse_file_outer
                0x000000008780ec14       0x2c common/built-in.o
                0x000000008780ec14                parse_file_outer
 .text.u_boot_hush_start
                0x000000008780ec40       0x30 common/built-in.o
                0x000000008780ec40                u_boot_hush_start
 .text.bootdelay_process
                0x000000008780ec70      0x10c common/built-in.o
                0x000000008780ec70                bootdelay_process
 .text.autoboot_command
                0x000000008780ed7c       0xa4 common/built-in.o
                0x000000008780ed7c                autoboot_command
 .text.log_init
                0x000000008780ee20        0x8 common/built-in.o
 .text.display_text_info
                0x000000008780ee28        0x4 common/built-in.o
 .text.setup_mon_len
                0x000000008780ee2c       0x18 common/built-in.o
 .text.reserve_round_4k
                0x000000008780ee44       0x14 common/built-in.o
 .text.reserve_mmu
                0x000000008780ee58       0x2e common/built-in.o
                0x000000008780ee58                reserve_mmu
 .text.reserve_uboot
                0x000000008780ee86       0x30 common/built-in.o
 .text.reserve_malloc
                0x000000008780eeb6       0x14 common/built-in.o
 .text.reserve_global_data
                0x000000008780eeca       0x16 common/built-in.o
 .text.reserve_fdt
                0x000000008780eee0       0x3a common/built-in.o
 .text.dram_init_banksize
                0x000000008780ef1a       0x1a common/built-in.o
                0x000000008780ef1a                dram_init_banksize
 .text.setup_reloc
                0x000000008780ef34       0x26 common/built-in.o
 .text.reloc_fdt
                0x000000008780ef5a       0x2c common/built-in.o
 .text.reserve_board
                0x000000008780ef86       0x28 common/built-in.o
 .text.reserve_video
                0x000000008780efae       0x1c common/built-in.o
 *fill*         0x000000008780efca        0x2 
 .text.announce_dram_init
                0x000000008780efcc       0x10 common/built-in.o
 .text.init_baud_rate
                0x000000008780efdc       0x1c common/built-in.o
 .text.initf_dm
                0x000000008780eff8        0x6 common/built-in.o
 .text.initf_bootstage
                0x000000008780effe        0xc common/built-in.o
 .text.clear_bss
                0x000000008780f00a        0x4 common/built-in.o
                0x000000008780f00a                clear_bss
 .text.setup_spl_handoff
                0x000000008780f00e        0x4 common/built-in.o
 .text.mach_cpu_init
                0x000000008780f012        0x4 common/built-in.o
                0x000000008780f012                mach_cpu_init
 .text.reserve_trace
                0x000000008780f016        0x4 common/built-in.o
 .text.setup_machine
                0x000000008780f01a        0x4 common/built-in.o
 .text.reserve_bootstage
                0x000000008780f01e        0x4 common/built-in.o
 .text.reserve_bloblist
                0x000000008780f022        0x4 common/built-in.o
 .text.display_new_sp
                0x000000008780f026        0x4 common/built-in.o
 .text.reloc_bootstage
                0x000000008780f02a        0x4 common/built-in.o
 .text.reloc_bloblist
                0x000000008780f02e        0x4 common/built-in.o
 .text.initf_console_record
                0x000000008780f032        0x4 common/built-in.o
 .text.reserve_arch
                0x000000008780f036        0x4 common/built-in.o
                0x000000008780f036                reserve_arch
 .text.arch_cpu_init_dm
                0x000000008780f03a        0x4 common/built-in.o
                0x000000008780f03a                arch_cpu_init_dm
 .text.checkcpu
                0x000000008780f03e        0x4 common/built-in.o
                0x000000008780f03e                checkcpu
 .text.coloured_LED_init
                0x000000008780f042        0x2 common/built-in.o
                0x000000008780f042                coloured_LED_init
 .text.red_led_on
                0x000000008780f044        0x2 common/built-in.o
                0x000000008780f044                red_led_on
 .text.board_add_ram_info
                0x000000008780f046        0x2 common/built-in.o
                0x000000008780f046                board_add_ram_info
 .text.show_dram_config
                0x000000008780f048       0x28 common/built-in.o
 .text.board_get_usable_ram_top
                0x000000008780f070       0x10 common/built-in.o
                0x000000008780f070                board_get_usable_ram_top
 .text.setup_dest_addr
                0x000000008780f080       0x30 common/built-in.o
 .text.reserve_stacks
                0x000000008780f0b0       0x1a common/built-in.o
 *fill*         0x000000008780f0ca        0x2 
 .text.board_init_f
                0x000000008780f0cc       0x48 common/built-in.o
                0x000000008780f0cc                board_init_f
 .text.initr_trace
                0x000000008780f114        0x4 common/built-in.o
 .text.initr_reloc
                0x000000008780f118       0x14 common/built-in.o
 .text.run_main_loop
                0x000000008780f12c        0x8 common/built-in.o
 .text.initr_check_fastboot
                0x000000008780f134        0xa common/built-in.o
 *fill*         0x000000008780f13e        0x2 
 .text.initr_net
                0x000000008780f140       0x14 common/built-in.o
 .text.initr_fastboot_setup
                0x000000008780f154        0xa common/built-in.o
 *fill*         0x000000008780f15e        0x2 
 .text.initr_ethaddr
                0x000000008780f160       0x18 common/built-in.o
 .text.initr_enable_interrupts
                0x000000008780f178        0xa common/built-in.o
 .text.initr_jumptable
                0x000000008780f182        0xa common/built-in.o
 .text.initr_env
                0x000000008780f18c       0x48 common/built-in.o
 .text.initr_mmc
                0x000000008780f1d4       0x18 common/built-in.o
 .text.initr_serial
                0x000000008780f1ec        0xa common/built-in.o
 .text.initr_dm
                0x000000008780f1f6       0x12 common/built-in.o
 .text.initr_bootstage
                0x000000008780f208        0xc common/built-in.o
 .text.initr_malloc
                0x000000008780f214       0x1c common/built-in.o
 .text.initr_reloc_global_data
                0x000000008780f230       0x38 common/built-in.o
 .text.initr_caches
                0x000000008780f268        0xa common/built-in.o
 .text.initr_binman
                0x000000008780f272        0x4 common/built-in.o
 .text.initr_barrier
                0x000000008780f276        0x4 common/built-in.o
 .text.initr_console_record
                0x000000008780f27a        0x4 common/built-in.o
 .text.initr_dm_devices
                0x000000008780f27e        0x4 common/built-in.o
 .text.power_init_board
                0x000000008780f282        0x4 common/built-in.o
                0x000000008780f282                power_init_board
 .text.initr_announce
                0x000000008780f286        0x4 common/built-in.o
 .text.cpu_secondary_init_r
                0x000000008780f28a        0x2 common/built-in.o
                0x000000008780f28a                cpu_secondary_init_r
 .text.initr_secondary_cpu
                0x000000008780f28c        0xa common/built-in.o
 *fill*         0x000000008780f296        0x2 
 .text.board_init_r
                0x000000008780f298       0x48 common/built-in.o
                0x000000008780f298                board_init_r
 .text.show_board_info
                0x000000008780f2e0       0x2c common/built-in.o
                0x000000008780f2e0                show_board_info
 .text.bootm_find_images
                0x000000008780f30c       0x6c common/built-in.o
                0x000000008780f30c                bootm_find_images
 .text.bootm_disable_interrupts
                0x000000008780f378       0x10 common/built-in.o
                0x000000008780f378                bootm_disable_interrupts
 .text.do_bootm_states
                0x000000008780f388      0x57c common/built-in.o
                0x000000008780f388                do_bootm_states
 .text.switch_to_non_secure_mode
                0x000000008780f904        0x2 common/built-in.o
                0x000000008780f904                switch_to_non_secure_mode
 *fill*         0x000000008780f906        0x2 
 .text.do_bootm_vxworks
                0x000000008780f908      0x14c common/built-in.o
                0x000000008780f908                do_bootm_vxworks
 .text.copy_args
                0x000000008780fa54       0x34 common/built-in.o
 .text.do_bootm_rtems
                0x000000008780fa88       0x2c common/built-in.o
 .text.do_bootm_plan9
                0x000000008780fab4       0x68 common/built-in.o
 .text.do_bootm_standalone
                0x000000008780fb1c       0x3c common/built-in.o
 .text.do_bootm_qnxelf
                0x000000008780fb58       0x4c common/built-in.o
 .text.do_bootm_netbsd
                0x000000008780fba4       0xa8 common/built-in.o
 .text.board_preboot_os
                0x000000008780fc4c        0x2 common/built-in.o
                0x000000008780fc4c                board_preboot_os
 .text.boot_selected_os
                0x000000008780fc4e       0x3e common/built-in.o
                0x000000008780fc4e                boot_selected_os
 .text.bootm_os_get_boot_func
                0x000000008780fc8c        0xc common/built-in.o
                0x000000008780fc8c                bootm_os_get_boot_func
 .text.of_bus_default_map
                0x000000008780fc98       0x7a common/built-in.o
 .text.fdt_pack_reg
                0x000000008780fd12       0x92 common/built-in.o
 .text.of_bus_default_translate
                0x000000008780fda4       0x66 common/built-in.o
 *fill*         0x000000008780fe0a        0x2 
 .text.fdt_support_default_count_cells
                0x000000008780fe0c       0x34 common/built-in.o
                0x000000008780fe0c                fdt_support_default_count_cells
 .text.__of_translate_address
                0x000000008780fe40      0x178 common/built-in.o
 .text.fdt_find_and_setprop
                0x000000008780ffb8       0x48 common/built-in.o
                0x000000008780ffb8                fdt_find_and_setprop
 .text.fdt_find_or_add_subnode
                0x0000000087810000       0x40 common/built-in.o
                0x0000000087810000                fdt_find_or_add_subnode
 .text.fdt_root
                0x0000000087810040       0x60 common/built-in.o
                0x0000000087810040                fdt_root
 .text.fdt_initrd
                0x00000000878100a0      0x114 common/built-in.o
                0x00000000878100a0                fdt_initrd
 .text.fdt_chosen
                0x00000000878101b4       0x6c common/built-in.o
                0x00000000878101b4                fdt_chosen
 .text.do_fixup_by_path
                0x0000000087810220       0x34 common/built-in.o
                0x0000000087810220                do_fixup_by_path
 .text.fdt_fixup_memory_banks
                0x0000000087810254       0xe8 common/built-in.o
                0x0000000087810254                fdt_fixup_memory_banks
 .text.fdt_fixup_memory
                0x000000008781033c       0x16 common/built-in.o
                0x000000008781033c                fdt_fixup_memory
 *fill*         0x0000000087810352        0x2 
 .text.fdt_fixup_ethernet
                0x0000000087810354      0x108 common/built-in.o
                0x0000000087810354                fdt_fixup_ethernet
 .text.fdt_shrink_to_minimum
                0x000000008781045c       0x8e common/built-in.o
                0x000000008781045c                fdt_shrink_to_minimum
 .text.fdt_increase_size
                0x00000000878104ea       0x10 common/built-in.o
                0x00000000878104ea                fdt_increase_size
 *fill*         0x00000000878104fa        0x2 
 .text.fdt_translate_address
                0x00000000878104fc        0xc common/built-in.o
                0x00000000878104fc                fdt_translate_address
 .text.miiphy_get_dev_by_name
                0x0000000087810508       0x34 common/built-in.o
                0x0000000087810508                miiphy_get_dev_by_name
 .text.miiphy_init
                0x000000008781053c       0x18 common/built-in.o
                0x000000008781053c                miiphy_init
 .text.mdio_alloc
                0x0000000087810554       0x1c common/built-in.o
                0x0000000087810554                mdio_alloc
 .text.mdio_free
                0x0000000087810570        0x4 common/built-in.o
                0x0000000087810570                mdio_free
 .text.mdio_register
                0x0000000087810574       0x4c common/built-in.o
                0x0000000087810574                mdio_register
 .text.mdio_unregister
                0x00000000878105c0       0x24 common/built-in.o
                0x00000000878105c0                mdio_unregister
 .text.mdio_list_devices
                0x00000000878105e4       0x78 common/built-in.o
                0x00000000878105e4                mdio_list_devices
 .text.miiphy_set_current_dev
                0x000000008781065c       0x28 common/built-in.o
                0x000000008781065c                miiphy_set_current_dev
 .text.miiphy_get_active_dev
                0x0000000087810684       0x30 common/built-in.o
 .text.mdio_get_current_dev
                0x00000000878106b4        0xc common/built-in.o
                0x00000000878106b4                mdio_get_current_dev
 .text.mdio_phydev_for_ethname
                0x00000000878106c0       0x50 common/built-in.o
                0x00000000878106c0                mdio_phydev_for_ethname
 .text.miiphy_get_current_dev
                0x0000000087810710       0x10 common/built-in.o
                0x0000000087810710                miiphy_get_current_dev
 .text.miiphy_read
                0x0000000087810720       0x28 common/built-in.o
                0x0000000087810720                miiphy_read
 .text.miiphy_write
                0x0000000087810748       0x24 common/built-in.o
                0x0000000087810748                miiphy_write
 .text.miiphy_listdev
                0x000000008781076c       0x54 common/built-in.o
                0x000000008781076c                miiphy_listdev
 .text.miiphy_info
                0x00000000878107c0       0x5c common/built-in.o
                0x00000000878107c0                miiphy_info
 .text.miiphy_speed
                0x000000008781081c       0x80 common/built-in.o
                0x000000008781081c                miiphy_speed
 .text.miiphy_duplex
                0x000000008781089c       0x7c common/built-in.o
                0x000000008781089c                miiphy_duplex
 .text.miiphy_is_1000base_x
                0x0000000087810918        0x4 common/built-in.o
                0x0000000087810918                miiphy_is_1000base_x
 .text.usb_set_maxpacket_ep
                0x000000008781091c       0x56 common/built-in.o
 .text.usb_int_msg
                0x0000000087810972        0xe common/built-in.o
                0x0000000087810972                usb_int_msg
 .text.usb_control_msg
                0x0000000087810980       0x6c common/built-in.o
                0x0000000087810980                usb_control_msg
 .text.usb_get_descriptor
                0x00000000878109ec       0x36 common/built-in.o
 *fill*         0x0000000087810a22        0x2 
 .text.get_descriptor_len
                0x0000000087810a24       0x60 common/built-in.o
 .text.usb_setup_descriptor
                0x0000000087810a84       0x84 common/built-in.o
 .text.usb_get_string
                0x0000000087810b08       0x50 common/built-in.o
 .text.usb_string_sub
                0x0000000087810b58       0x90 common/built-in.o
 .text.usb_bulk_msg
                0x0000000087810be8       0x4a common/built-in.o
                0x0000000087810be8                usb_bulk_msg
 .text.usb_maxpacket
                0x0000000087810c32       0x14 common/built-in.o
                0x0000000087810c32                usb_maxpacket
 .text.usb_clear_halt
                0x0000000087810c46       0x60 common/built-in.o
                0x0000000087810c46                usb_clear_halt
 *fill*         0x0000000087810ca6        0x2 
 .text.usb_get_configuration_len
                0x0000000087810ca8       0x50 common/built-in.o
                0x0000000087810ca8                usb_get_configuration_len
 .text.usb_get_configuration_no
                0x0000000087810cf8       0x1c common/built-in.o
                0x0000000087810cf8                usb_get_configuration_no
 .text.usb_set_interface
                0x0000000087810d14       0x74 common/built-in.o
                0x0000000087810d14                usb_set_interface
 .text.usb_string
                0x0000000087810d88       0x9c common/built-in.o
                0x0000000087810d88                usb_string
 .text.usb_select_config
                0x0000000087810e24      0x318 common/built-in.o
                0x0000000087810e24                usb_select_config
 .text.usb_setup_device
                0x000000008781113c       0xa4 common/built-in.o
                0x000000008781113c                usb_setup_device
 .text.board_usb_init
                0x00000000878111e0        0x4 common/built-in.o
                0x00000000878111e0                board_usb_init
 .text.board_usb_cleanup
                0x00000000878111e4        0x4 common/built-in.o
                0x00000000878111e4                board_usb_cleanup
 .text.usb_device_has_child_on_port
                0x00000000878111e8        0x4 common/built-in.o
                0x00000000878111e8                usb_device_has_child_on_port
 .text.usb_find_usb2_hub_address_port
                0x00000000878111ec       0x4c common/built-in.o
                0x00000000878111ec                usb_find_usb2_hub_address_port
 .text.usb_set_port_feature
                0x0000000087811238       0x2e common/built-in.o
 .text.usb_clear_port_feature
                0x0000000087811266       0x2e common/built-in.o
 .text.usb_get_hub_descriptor
                0x0000000087811294       0x42 common/built-in.o
 .text.usb_hub_reset_devices
                0x00000000878112d6        0x2 common/built-in.o
                0x00000000878112d6                usb_hub_reset_devices
 .text.usb_hub_is_root_hub
                0x00000000878112d8       0x10 common/built-in.o
                0x00000000878112d8                usb_hub_is_root_hub
 .text.usb_get_port_status
                0x00000000878112e8       0x70 common/built-in.o
                0x00000000878112e8                usb_get_port_status
 .text.usb_hub_port_connect_change
                0x0000000087811358       0xf8 common/built-in.o
                0x0000000087811358                usb_hub_port_connect_change
 .text.usb_hub_configure
                0x0000000087811450      0x3ec common/built-in.o
 .text.usb_hub_scan
                0x000000008781183c        0xe common/built-in.o
                0x000000008781183c                usb_hub_scan
 .text.usb_hub_post_probe
                0x000000008781184a        0x4 common/built-in.o
 .text.usb_stor_irq
                0x000000008781184e       0x10 common/built-in.o
 *fill*         0x000000008781185e        0x2 
 .text.usb_stor_BBB_reset
                0x0000000087811860       0x94 common/built-in.o
 .text.usb_stor_CB_reset
                0x00000000878118f4       0x88 common/built-in.o
 .text.usb_stor_BBB_clear_endpt_stall.isra.0
                0x000000008781197c       0x2c common/built-in.o
 .text.usb_stor_BBB_transport
                0x00000000878119a8      0x1b0 common/built-in.o
 .text.usb_stor_CB_comdat
                0x0000000087811b58      0x158 common/built-in.o
 .text.usb_stor_CBI_get_status.isra.0
                0x0000000087811cb0       0x84 common/built-in.o
 .text.usb_stor_CB_transport
                0x0000000087811d34      0x15c common/built-in.o
 .text.usb_request_sense.constprop.0
                0x0000000087811e90       0x4c common/built-in.o
 .text.usb_stor_read
                0x0000000087811edc       0xfc common/built-in.o
 .text.usb_stor_write
                0x0000000087811fd8       0xfc common/built-in.o
 .text.usb_stor_info
                0x00000000878120d4       0x48 common/built-in.o
                0x00000000878120d4                usb_stor_info
 .text.usb_stor_reset
                0x000000008781211c        0xc common/built-in.o
                0x000000008781211c                usb_stor_reset
 .text.usb_stor_scan
                0x0000000087812128       0x30 common/built-in.o
                0x0000000087812128                usb_stor_scan
 .text.usb_storage_probe
                0x0000000087812158      0x178 common/built-in.o
                0x0000000087812158                usb_storage_probe
 .text.usb_stor_get_info
                0x00000000878122d0      0x224 common/built-in.o
                0x00000000878122d0                usb_stor_get_info
 .text.usb_mass_storage_probe
                0x00000000878124f4      0x100 common/built-in.o
 .text.iomux_doenv
                0x00000000878125f4      0x128 common/built-in.o
                0x00000000878125f4                iomux_doenv
 .text.splash_screen_prepare
                0x000000008781271c       0x40 common/built-in.o
                0x000000008781271c                splash_screen_prepare
 .text.splash_get_pos
                0x000000008781275c       0x54 common/built-in.o
                0x000000008781275c                splash_get_pos
 .text.splash_display_banner
                0x00000000878127b0       0x3a common/built-in.o
                0x00000000878127b0                splash_display_banner
 *fill*         0x00000000878127ea        0x2 
 .text.splash_display
                0x00000000878127ec       0x54 common/built-in.o
                0x00000000878127ec                splash_display
 .text.delete_char.part.0
                0x0000000087812840       0x84 common/built-in.o
 .text.cread_add_char
                0x00000000878128c4       0x80 common/built-in.o
 .text.cli_readline_into_buffer
                0x0000000087812944      0x658 common/built-in.o
                0x0000000087812944                cli_readline_into_buffer
 .text.cli_readline
                0x0000000087812f9c       0x10 common/built-in.o
                0x0000000087812f9c                cli_readline
 .text.console_tstc
                0x0000000087812fac       0x60 common/built-in.o
 .text.console_putc
                0x000000008781300c       0x38 common/built-in.o
 .text.console_puts
                0x0000000087813044       0x38 common/built-in.o
 .text.on_console
                0x000000008781307c       0x70 common/built-in.o
 .text.serial_printf
                0x00000000878130ec       0x32 common/built-in.o
                0x00000000878130ec                serial_printf
 .text.puts     0x000000008781311e       0x22 common/built-in.o
                0x000000008781311e                puts
 .text.putc     0x0000000087813140       0x22 common/built-in.o
                0x0000000087813140                putc
 *fill*         0x0000000087813162        0x2 
 .text.console_getc.isra.0
                0x0000000087813164       0x18 common/built-in.o
 .text.tstc     0x000000008781317c       0x1a common/built-in.o
                0x000000008781317c                tstc
 *fill*         0x0000000087813196        0x2 
 .text.getc     0x0000000087813198       0x34 common/built-in.o
                0x0000000087813198                getc
 .text.fputs    0x00000000878131cc        0xa common/built-in.o
                0x00000000878131cc                fputs
 *fill*         0x00000000878131d6        0x2 
 .text.ctrlc    0x00000000878131d8       0x34 common/built-in.o
                0x00000000878131d8                ctrlc
 .text.confirm_yesno
                0x000000008781320c       0x84 common/built-in.o
                0x000000008781320c                confirm_yesno
 .text.disable_ctrlc
                0x0000000087813290       0x10 common/built-in.o
                0x0000000087813290                disable_ctrlc
 .text.had_ctrlc
                0x00000000878132a0        0xc common/built-in.o
                0x00000000878132a0                had_ctrlc
 .text.clear_ctrlc
                0x00000000878132ac        0xc common/built-in.o
                0x00000000878132ac                clear_ctrlc
 .text.search_device
                0x00000000878132b8       0x16 common/built-in.o
                0x00000000878132b8                search_device
 *fill*         0x00000000878132ce        0x2 
 .text.console_assign
                0x00000000878132d0       0x84 common/built-in.o
                0x00000000878132d0                console_assign
 .text.console_init_f
                0x0000000087813354        0xa common/built-in.o
                0x0000000087813354                console_init_f
 *fill*         0x000000008781335e        0x2 
 .text.stdio_print_current_devices
                0x0000000087813360       0x78 common/built-in.o
                0x0000000087813360                stdio_print_current_devices
 .text.console_init_r
                0x00000000878133d8      0x10c common/built-in.o
                0x00000000878133d8                console_init_r
 .text.sbrk     0x00000000878134e4       0x40 common/built-in.o
                0x00000000878134e4                sbrk
 .text.mem_malloc_init
                0x0000000087813524       0x28 common/built-in.o
                0x0000000087813524                mem_malloc_init
 .text.malloc_trim
                0x000000008781354c       0x84 common/built-in.o
                0x000000008781354c                malloc_trim
 .text.free     0x00000000878135d0      0x168 common/built-in.o
                0x00000000878135d0                free
 .text.malloc   0x0000000087813738      0x428 common/built-in.o
                0x0000000087813738                malloc
 .text.calloc   0x0000000087813b60       0x9c common/built-in.o
                0x0000000087813b60                calloc
 .text.realloc  0x0000000087813bfc      0x2d0 common/built-in.o
                0x0000000087813bfc                realloc
 .text.memalign
                0x0000000087813ecc      0x116 common/built-in.o
                0x0000000087813ecc                memalign
 .text.initf_malloc
                0x0000000087813fe2       0x14 common/built-in.o
                0x0000000087813fe2                initf_malloc
 .text.alloc_simple
                0x0000000087813ff6       0x3a common/built-in.o
 .text.malloc_simple
                0x0000000087814030        0x6 common/built-in.o
                0x0000000087814030                malloc_simple
 .text.memalign_simple
                0x0000000087814036        0xa common/built-in.o
                0x0000000087814036                memalign_simple
 .text.on_loadaddr
                0x0000000087814040       0x1c common/built-in.o
 .text.image_check_hcrc
                0x000000008781405c       0x2a common/built-in.o
                0x000000008781405c                image_check_hcrc
 .text.image_check_dcrc
                0x0000000087814086       0x22 common/built-in.o
                0x0000000087814086                image_check_dcrc
 .text.image_multi_count
                0x00000000878140a8       0x12 common/built-in.o
                0x00000000878140a8                image_multi_count
 .text.image_multi_getimg
                0x00000000878140ba       0x4a common/built-in.o
                0x00000000878140ba                image_multi_getimg
 .text.env_get_bootm_low
                0x0000000087814104       0x20 common/built-in.o
                0x0000000087814104                env_get_bootm_low
 .text.env_get_bootm_size
                0x0000000087814124       0x44 common/built-in.o
                0x0000000087814124                env_get_bootm_size
 .text.env_get_bootm_mapsize
                0x0000000087814168       0x20 common/built-in.o
                0x0000000087814168                env_get_bootm_mapsize
 .text.memmove_wd
                0x0000000087814188        0xa common/built-in.o
                0x0000000087814188                memmove_wd
 *fill*         0x0000000087814192        0x2 
 .text.genimg_print_size
                0x0000000087814194       0x24 common/built-in.o
                0x0000000087814194                genimg_print_size
 .text.get_table_entry
                0x00000000878141b8       0x12 common/built-in.o
                0x00000000878141b8                get_table_entry
 .text.get_table_entry_name
                0x00000000878141ca       0x12 common/built-in.o
                0x00000000878141ca                get_table_entry_name
 .text.genimg_get_os_name
                0x00000000878141dc       0x14 common/built-in.o
                0x00000000878141dc                genimg_get_os_name
 .text.genimg_get_arch_name
                0x00000000878141f0       0x14 common/built-in.o
                0x00000000878141f0                genimg_get_arch_name
 .text.genimg_get_type_name
                0x0000000087814204       0x14 common/built-in.o
                0x0000000087814204                genimg_get_type_name
 .text.image_decomp
                0x0000000087814218       0x9c common/built-in.o
                0x0000000087814218                image_decomp
 .text.genimg_get_comp_name
                0x00000000878142b4       0x14 common/built-in.o
                0x00000000878142b4                genimg_get_comp_name
 .text.image_print_contents
                0x00000000878142c8      0x114 common/built-in.o
                0x00000000878142c8                image_print_contents
 .text.genimg_get_kernel_addr_fit
                0x00000000878143dc       0x14 common/built-in.o
                0x00000000878143dc                genimg_get_kernel_addr_fit
 .text.genimg_get_format
                0x00000000878143f0       0x30 common/built-in.o
                0x00000000878143f0                genimg_get_format
 .text.genimg_has_config
                0x0000000087814420        0x4 common/built-in.o
                0x0000000087814420                genimg_has_config
 .text.boot_get_ramdisk
                0x0000000087814424      0x1e8 common/built-in.o
                0x0000000087814424                boot_get_ramdisk
 .text.boot_ramdisk_high
                0x000000008781460c       0xbc common/built-in.o
                0x000000008781460c                boot_ramdisk_high
 .text.boot_get_setup
                0x00000000878146c8        0x6 common/built-in.o
                0x00000000878146c8                boot_get_setup
 .text.image_setup_linux
                0x00000000878146ce       0x36 common/built-in.o
                0x00000000878146ce                image_setup_linux
 .text.append_kernel_cmdline
                0x0000000087814704      0x264 common/built-in.o
 .text.android_image_get_kernel
                0x0000000087814968      0x1d8 common/built-in.o
                0x0000000087814968                android_image_get_kernel
 .text.android_image_check_header
                0x0000000087814b40       0x10 common/built-in.o
                0x0000000087814b40                android_image_check_header
 .text.android_image_get_end
                0x0000000087814b50       0xe8 common/built-in.o
                0x0000000087814b50                android_image_get_end
 .text.android_image_get_kload
                0x0000000087814c38       0x40 common/built-in.o
                0x0000000087814c38                android_image_get_kload
 .text.android_image_get_kcomp
                0x0000000087814c78       0x40 common/built-in.o
                0x0000000087814c78                android_image_get_kcomp
 .text.android_image_get_ramdisk
                0x0000000087814cb8       0xc4 common/built-in.o
                0x0000000087814cb8                android_image_get_ramdisk
 .text.android_image_get_second
                0x0000000087814d7c       0xe8 common/built-in.o
                0x0000000087814d7c                android_image_get_second
 .text.android_print_contents
                0x0000000087814e64      0x310 common/built-in.o
                0x0000000087814e64                android_print_contents
 .text.fdt_error
                0x0000000087815174       0x24 common/built-in.o
 .text.boot_fdt_add_mem_rsv_regions
                0x0000000087815198       0xfc common/built-in.o
                0x0000000087815198                boot_fdt_add_mem_rsv_regions
 .text.boot_relocate_fdt
                0x0000000087815294      0x10c common/built-in.o
                0x0000000087815294                boot_relocate_fdt
 .text.boot_get_fdt
                0x00000000878153a0      0x204 common/built-in.o
                0x00000000878153a0                boot_get_fdt
 .text.ft_verify_fdt
                0x00000000878155a4        0x4 common/built-in.o
                0x00000000878155a4                ft_verify_fdt
 .text.image_setup_libfdt
                0x00000000878155a8       0xd0 common/built-in.o
                0x00000000878155a8                image_setup_libfdt
 .text.get_effective_memsize
                0x0000000087815678        0x6 common/built-in.o
                0x0000000087815678                get_effective_memsize
 .text.nulldev_putc
                0x000000008781567e        0x2 common/built-in.o
 .text.nulldev_puts
                0x0000000087815680        0x2 common/built-in.o
 .text.nulldev_input
                0x0000000087815682        0x4 common/built-in.o
 .text.stdio_serial_tstc
                0x0000000087815686        0x4 common/built-in.o
 .text.stdio_serial_getc
                0x000000008781568a        0x4 common/built-in.o
 .text.stdio_serial_puts
                0x000000008781568e        0x6 common/built-in.o
 .text.stdio_serial_putc
                0x0000000087815694        0x6 common/built-in.o
 *fill*         0x000000008781569a        0x2 
 .text.stdio_get_list
                0x000000008781569c        0x8 common/built-in.o
                0x000000008781569c                stdio_get_list
 .text.stdio_get_by_name
                0x00000000878156a4       0xa4 common/built-in.o
                0x00000000878156a4                stdio_get_by_name
 .text.stdio_clone
                0x0000000087815748       0x22 common/built-in.o
                0x0000000087815748                stdio_clone
 *fill*         0x000000008781576a        0x2 
 .text.stdio_register_dev
                0x000000008781576c       0x34 common/built-in.o
                0x000000008781576c                stdio_register_dev
 .text.stdio_register
                0x00000000878157a0        0x6 common/built-in.o
                0x00000000878157a0                stdio_register
 *fill*         0x00000000878157a6        0x2 
 .text.stdio_deregister_dev
                0x00000000878157a8       0xa8 common/built-in.o
                0x00000000878157a8                stdio_deregister_dev
 .text.stdio_deregister
                0x0000000087815850       0x1a common/built-in.o
                0x0000000087815850                stdio_deregister
 *fill*         0x000000008781586a        0x2 
 .text.stdio_init_tables
                0x000000008781586c       0x14 common/built-in.o
                0x000000008781586c                stdio_init_tables
 .text.stdio_add_devices
                0x0000000087815880       0x90 common/built-in.o
                0x0000000087815880                stdio_add_devices
 .text.run_command
                0x0000000087815910        0xe common/built-in.o
                0x0000000087815910                run_command
 .text.run_command_list
                0x000000008781591e       0x46 common/built-in.o
                0x000000008781591e                run_command_list
 .text.do_run   0x0000000087815964       0x4c common/built-in.o
                0x0000000087815964                do_run
 .text.cli_process_fdt
                0x00000000878159b0       0x30 common/built-in.o
                0x00000000878159b0                cli_process_fdt
 .text.cli_secure_boot_cmd
                0x00000000878159e0       0x4c common/built-in.o
                0x00000000878159e0                cli_secure_boot_cmd
 .text.cli_loop
                0x0000000087815a2c        0xe common/built-in.o
                0x0000000087815a2c                cli_loop
 .text.cli_init
                0x0000000087815a3a        0x4 common/built-in.o
                0x0000000087815a3a                cli_init
 .text.find_cmd_tbl
                0x0000000087815a3e       0x64 common/built-in.o
                0x0000000087815a3e                find_cmd_tbl
 *fill*         0x0000000087815aa2        0x2 
 .text.find_cmd
                0x0000000087815aa4       0x1c common/built-in.o
                0x0000000087815aa4                find_cmd
 .text.cmd_usage
                0x0000000087815ac0       0x3c common/built-in.o
                0x0000000087815ac0                cmd_usage
 .text._do_help
                0x0000000087815afc      0x108 common/built-in.o
                0x0000000087815afc                _do_help
 .text.var_complete
                0x0000000087815c04       0x50 common/built-in.o
                0x0000000087815c04                var_complete
 .text.complete_subcmdv
                0x0000000087815c54      0x10c common/built-in.o
                0x0000000087815c54                complete_subcmdv
 .text.cmd_auto_complete
                0x0000000087815d60      0x280 common/built-in.o
                0x0000000087815d60                cmd_auto_complete
 .text.cmd_get_data_size
                0x0000000087815fe0       0x34 common/built-in.o
                0x0000000087815fe0                cmd_get_data_size
 .text.cmd_always_repeatable
                0x0000000087816014       0x10 common/built-in.o
                0x0000000087816014                cmd_always_repeatable
 .text.cmd_never_repeatable
                0x0000000087816024       0x10 common/built-in.o
                0x0000000087816024                cmd_never_repeatable
 .text.cmd_process
                0x0000000087816034       0xd8 common/built-in.o
                0x0000000087816034                cmd_process
 .text.cmd_process_error
                0x000000008781610c       0x1c common/built-in.o
                0x000000008781610c                cmd_process_error
 .text.hex1_bin
                0x0000000087816128       0x2c common/built-in.o
 .text.hex2_bin
                0x0000000087816154       0x24 common/built-in.o
 .text.srec_decode
                0x0000000087816178      0x190 common/built-in.o
                0x0000000087816178                srec_decode
 .text.CYGACC_COMM_IF_GETC_TIMEOUT.isra.0
                0x0000000087816308       0x2e common/built-in.o
 .text.xyzModem_flush
                0x0000000087816336       0x14 common/built-in.o
 *fill*         0x000000008781634a        0x2 
 .text.xyzModem_get_hdr
                0x000000008781634c      0x168 common/built-in.o
 .text.xyzModem_stream_open
                0x00000000878164b4      0x16c common/built-in.o
                0x00000000878164b4                xyzModem_stream_open
 .text.xyzModem_stream_read
                0x0000000087816620      0x1a8 common/built-in.o
                0x0000000087816620                xyzModem_stream_read
 .text.xyzModem_stream_close
                0x00000000878167c8       0x40 common/built-in.o
                0x00000000878167c8                xyzModem_stream_close
 .text.xyzModem_stream_terminate
                0x0000000087816808       0x68 common/built-in.o
                0x0000000087816808                xyzModem_stream_terminate
 .text.xyzModem_error
                0x0000000087816870       0x18 common/built-in.o
                0x0000000087816870                xyzModem_error
 .text.part_driver_lookup_type
                0x0000000087816888       0x44 disk/built-in.o
 .text.blk_get_dev
                0x00000000878168cc       0x18 disk/built-in.o
                0x00000000878168cc                blk_get_dev
 .text.dev_print
                0x00000000878168e4      0x184 disk/built-in.o
                0x00000000878168e4                dev_print
 .text.part_init
                0x0000000087816a68       0x38 disk/built-in.o
                0x0000000087816a68                part_init
 .text.part_print
                0x0000000087816aa0       0xb8 disk/built-in.o
                0x0000000087816aa0                part_print
 .text.part_get_info
                0x0000000087816b58       0x36 disk/built-in.o
                0x0000000087816b58                part_get_info
 *fill*         0x0000000087816b8e        0x2 
 .text.part_get_info_whole_disk
                0x0000000087816b90       0x38 disk/built-in.o
                0x0000000087816b90                part_get_info_whole_disk
 .text.blk_get_device_by_str
                0x0000000087816bc8       0xbc disk/built-in.o
                0x0000000087816bc8                blk_get_device_by_str
 .text.blk_get_device_part_str
                0x0000000087816c84      0x23c disk/built-in.o
                0x0000000087816c84                blk_get_device_part_str
 .text.part_set_generic_name
                0x0000000087816ec0       0x38 disk/built-in.o
                0x0000000087816ec0                part_set_generic_name
 .text.test_block_type
                0x0000000087816ef8       0x78 disk/built-in.o
 .text.print_partition_extended
                0x0000000087816f70      0x1a4 disk/built-in.o
 .text.part_print_dos
                0x0000000087817114       0x20 disk/built-in.o
                0x0000000087817114                part_print_dos
 .text.part_test_dos
                0x0000000087817134       0x58 disk/built-in.o
 .text.part_get_info_extended
                0x000000008781718c      0x1d8 disk/built-in.o
 .text.part_get_info_dos
                0x0000000087817364       0x1a disk/built-in.o
                0x0000000087817364                part_get_info_dos
 *fill*         0x000000008781737e        0x2 
 .text.print_efiname
                0x0000000087817380       0x3c disk/built-in.o
 .text.part_test_efi
                0x00000000878173bc       0x78 disk/built-in.o
 *fill*         0x0000000087817434        0x4 
 .text.validate_gpt_header
                0x0000000087817438      0x1a0 disk/built-in.o
 .text.is_gpt_valid
                0x00000000878175d8      0x270 disk/built-in.o
 .text.is_pte_valid