f_mass_storage.c:462:13:raise_exception	0	static
f_mass_storage.c:476:12:ep0_queue	8	static
f_mass_storage.c:495:13:bulk_in_complete	16	static
f_mass_storage.c:512:13:bulk_out_complete	16	static
f_mass_storage.c:2267:12:fsg_set_alt	8	static
f_mass_storage.c:2275:13:fsg_disable	0	static
f_mass_storage.c:535:12:fsg_setup	16	static
f_mass_storage.c:2639:13:fsg_unbind	8	static
storage_common.c:598:13:store_cdrom_address	16	static
f_mass_storage.c:438:12:fsg_set_halt.isra.0	0	static
f_mass_storage.c:589:13:start_transfer.isra.0	16	static
f_mass_storage.c:1384:12:halt_bulk_in_endpoint.isra.0	8	static
f_mass_storage.c:653:12:sleep_thread.isra.0	24	static
f_mass_storage.c:689:12:do_read	48	static
f_mass_storage.c:1603:12:send_status	24	static
f_mass_storage.c:816:12:do_write	56	static
f_mass_storage.c:1663:12:check_command.isra.0	48	static
f_mass_storage.c:1235:12:do_mode_sense.isra.0	40	static
f_mass_storage.c:2748:5:fsg_add	48	static
f_mass_storage.c:2176:12:do_set_interface	32	static
f_mass_storage.c:2392:5:fsg_main_thread	56	static
f_mass_storage.c:2603:1:usb_copy_descriptors	24	static
f_mass_storage.c:2654:12:fsg_bind	24	static
f_mass_storage.c:2766:5:fsg_init	0	static
