phy.c:452:5:genphy_shutdown	0	static
phy.c:149:5:genphy_restart_aneg	24	static
phy.c:176:5:genphy_config_aneg	32	static
phy.c:390:5:genphy_config	16	static
phy.c:228:5:genphy_update_link	24	static
phy.c:297:5:genphy_parse_link	24	static
phy.c:441:5:genphy_startup	8	static
phy.c:567:5:phy_register	0	static
phy.c:469:5:genphy_init	0	static
phy.c:476:5:phy_init	8	static
phy.c:593:5:phy_set_supported	0	static
phy.c:715:12:get_phy_id	24	static
phy.c:790:27:get_phy_device_by_mask	48	static
phy.c:838:5:phy_reset	32	static
phy.c:891:5:miiphy_reset	8	static
phy.c:906:20:phy_find_by_mask	16	static
phy.c:921:6:phy_connect_dev	24	static
phy.c:1003:20:phy_connect	24	static
phy.c:1042:5:phy_startup	0	static
phy.c:1050:12:board_phy_config	0	static
phy.c:1057:5:phy_config	0	static
phy.c:1063:5:phy_shutdown	8	static
phy.c:1071:5:phy_get_interface_by_name	16	static
